10:33:04 **** Incremental Build of configuration Debug for project psim2 ****
make all 
Building file: D:/studia/V_rok/PSiM/stm32/projekt/Src/main.c
Invoking: MCU GCC Compiler
%cd%
arm-none-eabi-gcc -mcpu=cortex-m4 -mthumb -mfloat-abi=hard -mfpu=fpv4-sp-d16 '-D__weak=__attribute__((weak))' '-D__packed=__attribute__((__packed__))' -DUSE_HAL_DRIVER -DSTM32F407xx -I"D:/studia/V_rok/PSiM/stm32/projekt/Inc" -I"D:/studia/V_rok/PSiM/stm32/projekt/Drivers/STM32F4xx_HAL_Driver/Inc" -I"D:/studia/V_rok/PSiM/stm32/projekt/Drivers/STM32F4xx_HAL_Driver/Inc/Legacy" -I"D:/studia/V_rok/PSiM/stm32/projekt/Drivers/CMSIS/Device/ST/STM32F4xx/Include" -I"D:/studia/V_rok/PSiM/stm32/projekt/Drivers/CMSIS/Include" -I"D:/studia/V_rok/PSiM/stm32/projekt/Inc"  -Og -g3 -Wall -fmessage-length=0 -ffunction-sections -c -fmessage-length=0 -MMD -MP -MF"Application/User/main.d" -MT"Application/User/main.o" -o "Application/User/main.o" "D:/studia/V_rok/PSiM/stm32/projekt/Src/main.c"
D:/studia/V_rok/PSiM/stm32/projekt/Src/main.c:73:16: warning: built-in function 'cos' declared as non-function
 volatile float cos;
                ^
D:/studia/V_rok/PSiM/stm32/projekt/Src/main.c: In function 'HAL_TIM_PeriodElapsedCallback':
D:/studia/V_rok/PSiM/stm32/projekt/Src/main.c:266:6: warning: unused variable 'index' [-Wunused-variable]
  int index = 0;
      ^
D:/studia/V_rok/PSiM/stm32/projekt/Src/main.c: In function 'HAL_UART_RxCpltCallback':
D:/studia/V_rok/PSiM/stm32/projekt/Src/main.c:340:19: warning: pointer targets in passing argument 1 of 'sprintf' differ in signedness [-Wpointer-sign]
    size = sprintf(data, "echoProbki:\t %u \n\r", recNumber);
                   ^
In file included from c:\eclipse mars_c\eclipse\plugins\fr.ac6.mcu.externaltools.arm-none.win32_1.13.2.201703061525\tools\compiler\arm-none-eabi\include\stdio.h:29:0,
                 from D:/studia/V_rok/PSiM/stm32/projekt/Drivers/STM32F4xx_HAL_Driver/Inc/stm32f4xx_hal_def.h:50,
                 from D:/studia/V_rok/PSiM/stm32/projekt/Drivers/STM32F4xx_HAL_Driver/Inc/stm32f4xx_hal_rcc.h:47,
                 from D:/studia/V_rok/PSiM/stm32/projekt/Inc/stm32f4xx_hal_conf.h:244,
                 from D:/studia/V_rok/PSiM/stm32/projekt/Drivers/STM32F4xx_HAL_Driver/Inc/stm32f4xx_hal.h:48,
                 from D:/studia/V_rok/PSiM/stm32/projekt/Src/main.c:40:
c:\eclipse mars_c\eclipse\plugins\fr.ac6.mcu.externaltools.arm-none.win32_1.13.2.201703061525\tools\compiler\arm-none-eabi\include\stdio.h:244:5: note: expected 'char * restrict' but argument is of type 'uint8_t * {aka unsigned char *}'
 int _EXFUN(sprintf, (char *__restrict, const char *__restrict, ...)
     ^
D:/studia/V_rok/PSiM/stm32/projekt/Src/main.c:360:9: warning: passing argument 1 of 'free' discards 'volatile' qualifier from pointer target type [-Wdiscarded-qualifiers]
    free(freqTab);
         ^
In file included from c:\eclipse mars_c\eclipse\plugins\fr.ac6.mcu.externaltools.arm-none.win32_1.13.2.201703061525\tools\compiler\arm-none-eabi\include\stdio.h:29:0,
                 from D:/studia/V_rok/PSiM/stm32/projekt/Drivers/STM32F4xx_HAL_Driver/Inc/stm32f4xx_hal_def.h:50,
                 from D:/studia/V_rok/PSiM/stm32/projekt/Drivers/STM32F4xx_HAL_Driver/Inc/stm32f4xx_hal_rcc.h:47,
                 from D:/studia/V_rok/PSiM/stm32/projekt/Inc/stm32f4xx_hal_conf.h:244,
                 from D:/studia/V_rok/PSiM/stm32/projekt/Drivers/STM32F4xx_HAL_Driver/Inc/stm32f4xx_hal.h:48,
                 from D:/studia/V_rok/PSiM/stm32/projekt/Src/main.c:40:
c:\eclipse mars_c\eclipse\plugins\fr.ac6.mcu.externaltools.arm-none.win32_1.13.2.201703061525\tools\compiler\arm-none-eabi\include\stdlib.h:93:7: note: expected 'void *' but argument is of type 'volatile int *'
 _VOID _EXFUN_NOTHROW(free,(_PTR));
       ^
D:/studia/V_rok/PSiM/stm32/projekt/Src/main.c:361:9: warning: passing argument 1 of 'free' discards 'volatile' qualifier from pointer target type [-Wdiscarded-qualifiers]
    free(ampTab);
         ^
In file included from c:\eclipse mars_c\eclipse\plugins\fr.ac6.mcu.externaltools.arm-none.win32_1.13.2.201703061525\tools\compiler\arm-none-eabi\include\stdio.h:29:0,
                 from D:/studia/V_rok/PSiM/stm32/projekt/Drivers/STM32F4xx_HAL_Driver/Inc/stm32f4xx_hal_def.h:50,
                 from D:/studia/V_rok/PSiM/stm32/projekt/Drivers/STM32F4xx_HAL_Driver/Inc/stm32f4xx_hal_rcc.h:47,
                 from D:/studia/V_rok/PSiM/stm32/projekt/Inc/stm32f4xx_hal_conf.h:244,
                 from D:/studia/V_rok/PSiM/stm32/projekt/Drivers/STM32F4xx_HAL_Driver/Inc/stm32f4xx_hal.h:48,
                 from D:/studia/V_rok/PSiM/stm32/projekt/Src/main.c:40:
c:\eclipse mars_c\eclipse\plugins\fr.ac6.mcu.externaltools.arm-none.win32_1.13.2.201703061525\tools\compiler\arm-none-eabi\include\stdlib.h:93:7: note: expected 'void *' but argument is of type 'volatile int *'
 _VOID _EXFUN_NOTHROW(free,(_PTR));
       ^
D:/studia/V_rok/PSiM/stm32/projekt/Src/main.c:362:9: warning: passing argument 1 of 'free' discards 'volatile' qualifier from pointer target type [-Wdiscarded-qualifiers]
    free(phaseTab);
         ^
In file included from c:\eclipse mars_c\eclipse\plugins\fr.ac6.mcu.externaltools.arm-none.win32_1.13.2.201703061525\tools\compiler\arm-none-eabi\include\stdio.h:29:0,
                 from D:/studia/V_rok/PSiM/stm32/projekt/Drivers/STM32F4xx_HAL_Driver/Inc/stm32f4xx_hal_def.h:50,
                 from D:/studia/V_rok/PSiM/stm32/projekt/Drivers/STM32F4xx_HAL_Driver/Inc/stm32f4xx_hal_rcc.h:47,
                 from D:/studia/V_rok/PSiM/stm32/projekt/Inc/stm32f4xx_hal_conf.h:244,
                 from D:/studia/V_rok/PSiM/stm32/projekt/Drivers/STM32F4xx_HAL_Driver/Inc/stm32f4xx_hal.h:48,
                 from D:/studia/V_rok/PSiM/stm32/projekt/Src/main.c:40:
c:\eclipse mars_c\eclipse\plugins\fr.ac6.mcu.externaltools.arm-none.win32_1.13.2.201703061525\tools\compiler\arm-none-eabi\include\stdlib.h:93:7: note: expected 'void *' but argument is of type 'volatile int *'
 _VOID _EXFUN_NOTHROW(free,(_PTR));
       ^
D:/studia/V_rok/PSiM/stm32/projekt/Src/main.c:367:19: warning: pointer targets in passing argument 1 of 'sprintf' differ in signedness [-Wpointer-sign]
    size = sprintf(data, "koniec \n\r");
                   ^
In file included from c:\eclipse mars_c\eclipse\plugins\fr.ac6.mcu.externaltools.arm-none.win32_1.13.2.201703061525\tools\compiler\arm-none-eabi\include\stdio.h:29:0,
                 from D:/studia/V_rok/PSiM/stm32/projekt/Drivers/STM32F4xx_HAL_Driver/Inc/stm32f4xx_hal_def.h:50,
                 from D:/studia/V_rok/PSiM/stm32/projekt/Drivers/STM32F4xx_HAL_Driver/Inc/stm32f4xx_hal_rcc.h:47,
                 from D:/studia/V_rok/PSiM/stm32/projekt/Inc/stm32f4xx_hal_conf.h:244,
                 from D:/studia/V_rok/PSiM/stm32/projekt/Drivers/STM32F4xx_HAL_Driver/Inc/stm32f4xx_hal.h:48,
                 from D:/studia/V_rok/PSiM/stm32/projekt/Src/main.c:40:
c:\eclipse mars_c\eclipse\plugins\fr.ac6.mcu.externaltools.arm-none.win32_1.13.2.201703061525\tools\compiler\arm-none-eabi\include\stdio.h:244:5: note: expected 'char * restrict' but argument is of type 'uint8_t * {aka unsigned char *}'
 int _EXFUN(sprintf, (char *__restrict, const char *__restrict, ...)
     ^
D:/studia/V_rok/PSiM/stm32/projekt/Src/main.c:376:26: warning: passing argument 1 of 'atoi' from incompatible pointer type [-Wincompatible-pointer-types]
    ReceivedTab[i] = atoi(&Received);
                          ^
In file included from c:\eclipse mars_c\eclipse\plugins\fr.ac6.mcu.externaltools.arm-none.win32_1.13.2.201703061525\tools\compiler\arm-none-eabi\include\stdio.h:29:0,
                 from D:/studia/V_rok/PSiM/stm32/projekt/Drivers/STM32F4xx_HAL_Driver/Inc/stm32f4xx_hal_def.h:50,
                 from D:/studia/V_rok/PSiM/stm32/projekt/Drivers/STM32F4xx_HAL_Driver/Inc/stm32f4xx_hal_rcc.h:47,
                 from D:/studia/V_rok/PSiM/stm32/projekt/Inc/stm32f4xx_hal_conf.h:244,
                 from D:/studia/V_rok/PSiM/stm32/projekt/Drivers/STM32F4xx_HAL_Driver/Inc/stm32f4xx_hal.h:48,
                 from D:/studia/V_rok/PSiM/stm32/projekt/Src/main.c:40:
c:\eclipse mars_c\eclipse\plugins\fr.ac6.mcu.externaltools.arm-none.win32_1.13.2.201703061525\tools\compiler\arm-none-eabi\include\stdlib.h:81:5: note: expected 'const char *' but argument is of type 'volatile int *'
 int _EXFUN(atoi,(const char *__nptr));
     ^
D:/studia/V_rok/PSiM/stm32/projekt/Src/main.c:381:32: warning: passing argument 2 of 'HAL_UART_Receive_IT' from incompatible pointer type [-Wincompatible-pointer-types]
   HAL_UART_Receive_IT(&huart2, &Received, r_size);
                                ^
In file included from D:/studia/V_rok/PSiM/stm32/projekt/Inc/stm32f4xx_hal_conf.h:368:0,
                 from D:/studia/V_rok/PSiM/stm32/projekt/Drivers/STM32F4xx_HAL_Driver/Inc/stm32f4xx_hal.h:48,
                 from D:/studia/V_rok/PSiM/stm32/projekt/Src/main.c:40:
D:/studia/V_rok/PSiM/stm32/projekt/Drivers/STM32F4xx_HAL_Driver/Inc/stm32f4xx_hal_uart.h:650:19: note: expected 'uint8_t * {aka unsigned char *}' but argument is of type 'volatile int *'
 HAL_StatusTypeDef HAL_UART_Receive_IT(UART_HandleTypeDef *huart, uint8_t *pData, uint16_t Size);
                   ^
D:/studia/V_rok/PSiM/stm32/projekt/Src/main.c: In function 'main':
D:/studia/V_rok/PSiM/stm32/projekt/Src/main.c:420:32: warning: passing argument 2 of 'HAL_UART_Receive_IT' from incompatible pointer type [-Wincompatible-pointer-types]
   HAL_UART_Receive_IT(&huart2, &Received, r_size);
                                ^
In file included from D:/studia/V_rok/PSiM/stm32/projekt/Inc/stm32f4xx_hal_conf.h:368:0,
                 from D:/studia/V_rok/PSiM/stm32/projekt/Drivers/STM32F4xx_HAL_Driver/Inc/stm32f4xx_hal.h:48,
                 from D:/studia/V_rok/PSiM/stm32/projekt/Src/main.c:40:
D:/studia/V_rok/PSiM/stm32/projekt/Drivers/STM32F4xx_HAL_Driver/Inc/stm32f4xx_hal_uart.h:650:19: note: expected 'uint8_t * {aka unsigned char *}' but argument is of type 'volatile int *'
 HAL_StatusTypeDef HAL_UART_Receive_IT(UART_HandleTypeDef *huart, uint8_t *pData, uint16_t Size);
                   ^
Finished building: D:/studia/V_rok/PSiM/stm32/projekt/Src/main.c
 
Building target: psim2.elf
Invoking: MCU GCC Linker
arm-none-eabi-gcc -mcpu=cortex-m4 -mthumb -mfloat-abi=hard -mfpu=fpv4-sp-d16 -specs=nosys.specs -specs=nano.specs -T"../STM32F407VGTx_FLASH.ld" -Wl,-Map=output.map -Wl,--gc-sections -lm -o "psim2.elf" @"objects.list"  
Finished building target: psim2.elf
 
C:/Eclipse MARS_C/eclipse/plugins/fr.ac6.mcu.externaltools.arm-none.win32_1.13.2.201703061525/tools/make/make --no-print-directory post-build
Generating binary and Printing size information:
arm-none-eabi-objcopy -O binary "psim2.elf" "psim2.bin"
arm-none-eabi-size "psim2.elf"
   text	   data	    bss	    dec	    hex	filename
  16368	    488	   1968	  18824	   4988	psim2.elf
 

10:33:08 Build Finished (took 4s.16ms)

