10:57:22 **** Build of configuration Debug for project psim2 ****
make all 
Building file: D:/studia/V_rok/PSiM/stm32/projekt/Drivers/STM32F4xx_HAL_Driver/Src/stm32f4xx_hal.c
Invoking: MCU GCC Compiler
%cd%
arm-none-eabi-gcc -mcpu=cortex-m4 -mthumb -mfloat-abi=hard -mfpu=fpv4-sp-d16 '-D__weak=__attribute__((weak))' '-D__packed=__attribute__((__packed__))' -DUSE_HAL_DRIVER -DSTM32F407xx -I"D:/studia/V_rok/PSiM/stm32/projekt/Inc" -I"D:/studia/V_rok/PSiM/stm32/projekt/Drivers/STM32F4xx_HAL_Driver/Inc" -I"D:/studia/V_rok/PSiM/stm32/projekt/Drivers/STM32F4xx_HAL_Driver/Inc/Legacy" -I"D:/studia/V_rok/PSiM/stm32/projekt/Drivers/CMSIS/Device/ST/STM32F4xx/Include" -I"D:/studia/V_rok/PSiM/stm32/projekt/Drivers/CMSIS/Include" -I"D:/studia/V_rok/PSiM/stm32/projekt/Inc"  -Og -g3 -Wall -fmessage-length=0 -ffunction-sections -c -fmessage-length=0 -MMD -MP -MF"Drivers/STM32F4xx_HAL_Driver/stm32f4xx_hal.d" -MT"Drivers/STM32F4xx_HAL_Driver/stm32f4xx_hal.o" -o "Drivers/STM32F4xx_HAL_Driver/stm32f4xx_hal.o" "D:/studia/V_rok/PSiM/stm32/projekt/Drivers/STM32F4xx_HAL_Driver/Src/stm32f4xx_hal.c"
Finished building: D:/studia/V_rok/PSiM/stm32/projekt/Drivers/STM32F4xx_HAL_Driver/Src/stm32f4xx_hal.c
 
Building file: D:/studia/V_rok/PSiM/stm32/projekt/Drivers/STM32F4xx_HAL_Driver/Src/stm32f4xx_hal_cortex.c
Invoking: MCU GCC Compiler
%cd%
arm-none-eabi-gcc -mcpu=cortex-m4 -mthumb -mfloat-abi=hard -mfpu=fpv4-sp-d16 '-D__weak=__attribute__((weak))' '-D__packed=__attribute__((__packed__))' -DUSE_HAL_DRIVER -DSTM32F407xx -I"D:/studia/V_rok/PSiM/stm32/projekt/Inc" -I"D:/studia/V_rok/PSiM/stm32/projekt/Drivers/STM32F4xx_HAL_Driver/Inc" -I"D:/studia/V_rok/PSiM/stm32/projekt/Drivers/STM32F4xx_HAL_Driver/Inc/Legacy" -I"D:/studia/V_rok/PSiM/stm32/projekt/Drivers/CMSIS/Device/ST/STM32F4xx/Include" -I"D:/studia/V_rok/PSiM/stm32/projekt/Drivers/CMSIS/Include" -I"D:/studia/V_rok/PSiM/stm32/projekt/Inc"  -Og -g3 -Wall -fmessage-length=0 -ffunction-sections -c -fmessage-length=0 -MMD -MP -MF"Drivers/STM32F4xx_HAL_Driver/stm32f4xx_hal_cortex.d" -MT"Drivers/STM32F4xx_HAL_Driver/stm32f4xx_hal_cortex.o" -o "Drivers/STM32F4xx_HAL_Driver/stm32f4xx_hal_cortex.o" "D:/studia/V_rok/PSiM/stm32/projekt/Drivers/STM32F4xx_HAL_Driver/Src/stm32f4xx_hal_cortex.c"
Finished building: D:/studia/V_rok/PSiM/stm32/projekt/Drivers/STM32F4xx_HAL_Driver/Src/stm32f4xx_hal_cortex.c
 
Building file: D:/studia/V_rok/PSiM/stm32/projekt/Drivers/STM32F4xx_HAL_Driver/Src/stm32f4xx_hal_dma.c
Invoking: MCU GCC Compiler
%cd%
arm-none-eabi-gcc -mcpu=cortex-m4 -mthumb -mfloat-abi=hard -mfpu=fpv4-sp-d16 '-D__weak=__attribute__((weak))' '-D__packed=__attribute__((__packed__))' -DUSE_HAL_DRIVER -DSTM32F407xx -I"D:/studia/V_rok/PSiM/stm32/projekt/Inc" -I"D:/studia/V_rok/PSiM/stm32/projekt/Drivers/STM32F4xx_HAL_Driver/Inc" -I"D:/studia/V_rok/PSiM/stm32/projekt/Drivers/STM32F4xx_HAL_Driver/Inc/Legacy" -I"D:/studia/V_rok/PSiM/stm32/projekt/Drivers/CMSIS/Device/ST/STM32F4xx/Include" -I"D:/studia/V_rok/PSiM/stm32/projekt/Drivers/CMSIS/Include" -I"D:/studia/V_rok/PSiM/stm32/projekt/Inc"  -Og -g3 -Wall -fmessage-length=0 -ffunction-sections -c -fmessage-length=0 -MMD -MP -MF"Drivers/STM32F4xx_HAL_Driver/stm32f4xx_hal_dma.d" -MT"Drivers/STM32F4xx_HAL_Driver/stm32f4xx_hal_dma.o" -o "Drivers/STM32F4xx_HAL_Driver/stm32f4xx_hal_dma.o" "D:/studia/V_rok/PSiM/stm32/projekt/Drivers/STM32F4xx_HAL_Driver/Src/stm32f4xx_hal_dma.c"
Finished building: D:/studia/V_rok/PSiM/stm32/projekt/Drivers/STM32F4xx_HAL_Driver/Src/stm32f4xx_hal_dma.c
 
Building file: D:/studia/V_rok/PSiM/stm32/projekt/Drivers/STM32F4xx_HAL_Driver/Src/stm32f4xx_hal_dma_ex.c
Invoking: MCU GCC Compiler
%cd%
arm-none-eabi-gcc -mcpu=cortex-m4 -mthumb -mfloat-abi=hard -mfpu=fpv4-sp-d16 '-D__weak=__attribute__((weak))' '-D__packed=__attribute__((__packed__))' -DUSE_HAL_DRIVER -DSTM32F407xx -I"D:/studia/V_rok/PSiM/stm32/projekt/Inc" -I"D:/studia/V_rok/PSiM/stm32/projekt/Drivers/STM32F4xx_HAL_Driver/Inc" -I"D:/studia/V_rok/PSiM/stm32/projekt/Drivers/STM32F4xx_HAL_Driver/Inc/Legacy" -I"D:/studia/V_rok/PSiM/stm32/projekt/Drivers/CMSIS/Device/ST/STM32F4xx/Include" -I"D:/studia/V_rok/PSiM/stm32/projekt/Drivers/CMSIS/Include" -I"D:/studia/V_rok/PSiM/stm32/projekt/Inc"  -Og -g3 -Wall -fmessage-length=0 -ffunction-sections -c -fmessage-length=0 -MMD -MP -MF"Drivers/STM32F4xx_HAL_Driver/stm32f4xx_hal_dma_ex.d" -MT"Drivers/STM32F4xx_HAL_Driver/stm32f4xx_hal_dma_ex.o" -o "Drivers/STM32F4xx_HAL_Driver/stm32f4xx_hal_dma_ex.o" "D:/studia/V_rok/PSiM/stm32/projekt/Drivers/STM32F4xx_HAL_Driver/Src/stm32f4xx_hal_dma_ex.c"
Finished building: D:/studia/V_rok/PSiM/stm32/projekt/Drivers/STM32F4xx_HAL_Driver/Src/stm32f4xx_hal_dma_ex.c
 
Building file: D:/studia/V_rok/PSiM/stm32/projekt/Drivers/STM32F4xx_HAL_Driver/Src/stm32f4xx_hal_flash.c
Invoking: MCU GCC Compiler
%cd%
arm-none-eabi-gcc -mcpu=cortex-m4 -mthumb -mfloat-abi=hard -mfpu=fpv4-sp-d16 '-D__weak=__attribute__((weak))' '-D__packed=__attribute__((__packed__))' -DUSE_HAL_DRIVER -DSTM32F407xx -I"D:/studia/V_rok/PSiM/stm32/projekt/Inc" -I"D:/studia/V_rok/PSiM/stm32/projekt/Drivers/STM32F4xx_HAL_Driver/Inc" -I"D:/studia/V_rok/PSiM/stm32/projekt/Drivers/STM32F4xx_HAL_Driver/Inc/Legacy" -I"D:/studia/V_rok/PSiM/stm32/projekt/Drivers/CMSIS/Device/ST/STM32F4xx/Include" -I"D:/studia/V_rok/PSiM/stm32/projekt/Drivers/CMSIS/Include" -I"D:/studia/V_rok/PSiM/stm32/projekt/Inc"  -Og -g3 -Wall -fmessage-length=0 -ffunction-sections -c -fmessage-length=0 -MMD -MP -MF"Drivers/STM32F4xx_HAL_Driver/stm32f4xx_hal_flash.d" -MT"Drivers/STM32F4xx_HAL_Driver/stm32f4xx_hal_flash.o" -o "Drivers/STM32F4xx_HAL_Driver/stm32f4xx_hal_flash.o" "D:/studia/V_rok/PSiM/stm32/projekt/Drivers/STM32F4xx_HAL_Driver/Src/stm32f4xx_hal_flash.c"
Finished building: D:/studia/V_rok/PSiM/stm32/projekt/Drivers/STM32F4xx_HAL_Driver/Src/stm32f4xx_hal_flash.c
 
Building file: D:/studia/V_rok/PSiM/stm32/projekt/Drivers/STM32F4xx_HAL_Driver/Src/stm32f4xx_hal_flash_ex.c
Invoking: MCU GCC Compiler
%cd%
arm-none-eabi-gcc -mcpu=cortex-m4 -mthumb -mfloat-abi=hard -mfpu=fpv4-sp-d16 '-D__weak=__attribute__((weak))' '-D__packed=__attribute__((__packed__))' -DUSE_HAL_DRIVER -DSTM32F407xx -I"D:/studia/V_rok/PSiM/stm32/projekt/Inc" -I"D:/studia/V_rok/PSiM/stm32/projekt/Drivers/STM32F4xx_HAL_Driver/Inc" -I"D:/studia/V_rok/PSiM/stm32/projekt/Drivers/STM32F4xx_HAL_Driver/Inc/Legacy" -I"D:/studia/V_rok/PSiM/stm32/projekt/Drivers/CMSIS/Device/ST/STM32F4xx/Include" -I"D:/studia/V_rok/PSiM/stm32/projekt/Drivers/CMSIS/Include" -I"D:/studia/V_rok/PSiM/stm32/projekt/Inc"  -Og -g3 -Wall -fmessage-length=0 -ffunction-sections -c -fmessage-length=0 -MMD -MP -MF"Drivers/STM32F4xx_HAL_Driver/stm32f4xx_hal_flash_ex.d" -MT"Drivers/STM32F4xx_HAL_Driver/stm32f4xx_hal_flash_ex.o" -o "Drivers/STM32F4xx_HAL_Driver/stm32f4xx_hal_flash_ex.o" "D:/studia/V_rok/PSiM/stm32/projekt/Drivers/STM32F4xx_HAL_Driver/Src/stm32f4xx_hal_flash_ex.c"
Finished building: D:/studia/V_rok/PSiM/stm32/projekt/Drivers/STM32F4xx_HAL_Driver/Src/stm32f4xx_hal_flash_ex.c
 
Building file: D:/studia/V_rok/PSiM/stm32/projekt/Drivers/STM32F4xx_HAL_Driver/Src/stm32f4xx_hal_flash_ramfunc.c
Invoking: MCU GCC Compiler
%cd%
arm-none-eabi-gcc -mcpu=cortex-m4 -mthumb -mfloat-abi=hard -mfpu=fpv4-sp-d16 '-D__weak=__attribute__((weak))' '-D__packed=__attribute__((__packed__))' -DUSE_HAL_DRIVER -DSTM32F407xx -I"D:/studia/V_rok/PSiM/stm32/projekt/Inc" -I"D:/studia/V_rok/PSiM/stm32/projekt/Drivers/STM32F4xx_HAL_Driver/Inc" -I"D:/studia/V_rok/PSiM/stm32/projekt/Drivers/STM32F4xx_HAL_Driver/Inc/Legacy" -I"D:/studia/V_rok/PSiM/stm32/projekt/Drivers/CMSIS/Device/ST/STM32F4xx/Include" -I"D:/studia/V_rok/PSiM/stm32/projekt/Drivers/CMSIS/Include" -I"D:/studia/V_rok/PSiM/stm32/projekt/Inc"  -Og -g3 -Wall -fmessage-length=0 -ffunction-sections -c -fmessage-length=0 -MMD -MP -MF"Drivers/STM32F4xx_HAL_Driver/stm32f4xx_hal_flash_ramfunc.d" -MT"Drivers/STM32F4xx_HAL_Driver/stm32f4xx_hal_flash_ramfunc.o" -o "Drivers/STM32F4xx_HAL_Driver/stm32f4xx_hal_flash_ramfunc.o" "D:/studia/V_rok/PSiM/stm32/projekt/Drivers/STM32F4xx_HAL_Driver/Src/stm32f4xx_hal_flash_ramfunc.c"
Finished building: D:/studia/V_rok/PSiM/stm32/projekt/Drivers/STM32F4xx_HAL_Driver/Src/stm32f4xx_hal_flash_ramfunc.c
 
Building file: D:/studia/V_rok/PSiM/stm32/projekt/Drivers/STM32F4xx_HAL_Driver/Src/stm32f4xx_hal_gpio.c
Invoking: MCU GCC Compiler
%cd%
arm-none-eabi-gcc -mcpu=cortex-m4 -mthumb -mfloat-abi=hard -mfpu=fpv4-sp-d16 '-D__weak=__attribute__((weak))' '-D__packed=__attribute__((__packed__))' -DUSE_HAL_DRIVER -DSTM32F407xx -I"D:/studia/V_rok/PSiM/stm32/projekt/Inc" -I"D:/studia/V_rok/PSiM/stm32/projekt/Drivers/STM32F4xx_HAL_Driver/Inc" -I"D:/studia/V_rok/PSiM/stm32/projekt/Drivers/STM32F4xx_HAL_Driver/Inc/Legacy" -I"D:/studia/V_rok/PSiM/stm32/projekt/Drivers/CMSIS/Device/ST/STM32F4xx/Include" -I"D:/studia/V_rok/PSiM/stm32/projekt/Drivers/CMSIS/Include" -I"D:/studia/V_rok/PSiM/stm32/projekt/Inc"  -Og -g3 -Wall -fmessage-length=0 -ffunction-sections -c -fmessage-length=0 -MMD -MP -MF"Drivers/STM32F4xx_HAL_Driver/stm32f4xx_hal_gpio.d" -MT"Drivers/STM32F4xx_HAL_Driver/stm32f4xx_hal_gpio.o" -o "Drivers/STM32F4xx_HAL_Driver/stm32f4xx_hal_gpio.o" "D:/studia/V_rok/PSiM/stm32/projekt/Drivers/STM32F4xx_HAL_Driver/Src/stm32f4xx_hal_gpio.c"
Finished building: D:/studia/V_rok/PSiM/stm32/projekt/Drivers/STM32F4xx_HAL_Driver/Src/stm32f4xx_hal_gpio.c
 
Building file: D:/studia/V_rok/PSiM/stm32/projekt/Drivers/STM32F4xx_HAL_Driver/Src/stm32f4xx_hal_pwr.c
Invoking: MCU GCC Compiler
%cd%
arm-none-eabi-gcc -mcpu=cortex-m4 -mthumb -mfloat-abi=hard -mfpu=fpv4-sp-d16 '-D__weak=__attribute__((weak))' '-D__packed=__attribute__((__packed__))' -DUSE_HAL_DRIVER -DSTM32F407xx -I"D:/studia/V_rok/PSiM/stm32/projekt/Inc" -I"D:/studia/V_rok/PSiM/stm32/projekt/Drivers/STM32F4xx_HAL_Driver/Inc" -I"D:/studia/V_rok/PSiM/stm32/projekt/Drivers/STM32F4xx_HAL_Driver/Inc/Legacy" -I"D:/studia/V_rok/PSiM/stm32/projekt/Drivers/CMSIS/Device/ST/STM32F4xx/Include" -I"D:/studia/V_rok/PSiM/stm32/projekt/Drivers/CMSIS/Include" -I"D:/studia/V_rok/PSiM/stm32/projekt/Inc"  -Og -g3 -Wall -fmessage-length=0 -ffunction-sections -c -fmessage-length=0 -MMD -MP -MF"Drivers/STM32F4xx_HAL_Driver/stm32f4xx_hal_pwr.d" -MT"Drivers/STM32F4xx_HAL_Driver/stm32f4xx_hal_pwr.o" -o "Drivers/STM32F4xx_HAL_Driver/stm32f4xx_hal_pwr.o" "D:/studia/V_rok/PSiM/stm32/projekt/Drivers/STM32F4xx_HAL_Driver/Src/stm32f4xx_hal_pwr.c"
Finished building: D:/studia/V_rok/PSiM/stm32/projekt/Drivers/STM32F4xx_HAL_Driver/Src/stm32f4xx_hal_pwr.c
 
Building file: D:/studia/V_rok/PSiM/stm32/projekt/Drivers/STM32F4xx_HAL_Driver/Src/stm32f4xx_hal_pwr_ex.c
Invoking: MCU GCC Compiler
%cd%
arm-none-eabi-gcc -mcpu=cortex-m4 -mthumb -mfloat-abi=hard -mfpu=fpv4-sp-d16 '-D__weak=__attribute__((weak))' '-D__packed=__attribute__((__packed__))' -DUSE_HAL_DRIVER -DSTM32F407xx -I"D:/studia/V_rok/PSiM/stm32/projekt/Inc" -I"D:/studia/V_rok/PSiM/stm32/projekt/Drivers/STM32F4xx_HAL_Driver/Inc" -I"D:/studia/V_rok/PSiM/stm32/projekt/Drivers/STM32F4xx_HAL_Driver/Inc/Legacy" -I"D:/studia/V_rok/PSiM/stm32/projekt/Drivers/CMSIS/Device/ST/STM32F4xx/Include" -I"D:/studia/V_rok/PSiM/stm32/projekt/Drivers/CMSIS/Include" -I"D:/studia/V_rok/PSiM/stm32/projekt/Inc"  -Og -g3 -Wall -fmessage-length=0 -ffunction-sections -c -fmessage-length=0 -MMD -MP -MF"Drivers/STM32F4xx_HAL_Driver/stm32f4xx_hal_pwr_ex.d" -MT"Drivers/STM32F4xx_HAL_Driver/stm32f4xx_hal_pwr_ex.o" -o "Drivers/STM32F4xx_HAL_Driver/stm32f4xx_hal_pwr_ex.o" "D:/studia/V_rok/PSiM/stm32/projekt/Drivers/STM32F4xx_HAL_Driver/Src/stm32f4xx_hal_pwr_ex.c"
Finished building: D:/studia/V_rok/PSiM/stm32/projekt/Drivers/STM32F4xx_HAL_Driver/Src/stm32f4xx_hal_pwr_ex.c
 
Building file: D:/studia/V_rok/PSiM/stm32/projekt/Drivers/STM32F4xx_HAL_Driver/Src/stm32f4xx_hal_rcc.c
Invoking: MCU GCC Compiler
%cd%
arm-none-eabi-gcc -mcpu=cortex-m4 -mthumb -mfloat-abi=hard -mfpu=fpv4-sp-d16 '-D__weak=__attribute__((weak))' '-D__packed=__attribute__((__packed__))' -DUSE_HAL_DRIVER -DSTM32F407xx -I"D:/studia/V_rok/PSiM/stm32/projekt/Inc" -I"D:/studia/V_rok/PSiM/stm32/projekt/Drivers/STM32F4xx_HAL_Driver/Inc" -I"D:/studia/V_rok/PSiM/stm32/projekt/Drivers/STM32F4xx_HAL_Driver/Inc/Legacy" -I"D:/studia/V_rok/PSiM/stm32/projekt/Drivers/CMSIS/Device/ST/STM32F4xx/Include" -I"D:/studia/V_rok/PSiM/stm32/projekt/Drivers/CMSIS/Include" -I"D:/studia/V_rok/PSiM/stm32/projekt/Inc"  -Og -g3 -Wall -fmessage-length=0 -ffunction-sections -c -fmessage-length=0 -MMD -MP -MF"Drivers/STM32F4xx_HAL_Driver/stm32f4xx_hal_rcc.d" -MT"Drivers/STM32F4xx_HAL_Driver/stm32f4xx_hal_rcc.o" -o "Drivers/STM32F4xx_HAL_Driver/stm32f4xx_hal_rcc.o" "D:/studia/V_rok/PSiM/stm32/projekt/Drivers/STM32F4xx_HAL_Driver/Src/stm32f4xx_hal_rcc.c"
Finished building: D:/studia/V_rok/PSiM/stm32/projekt/Drivers/STM32F4xx_HAL_Driver/Src/stm32f4xx_hal_rcc.c
 
Building file: D:/studia/V_rok/PSiM/stm32/projekt/Drivers/STM32F4xx_HAL_Driver/Src/stm32f4xx_hal_rcc_ex.c
Invoking: MCU GCC Compiler
%cd%
arm-none-eabi-gcc -mcpu=cortex-m4 -mthumb -mfloat-abi=hard -mfpu=fpv4-sp-d16 '-D__weak=__attribute__((weak))' '-D__packed=__attribute__((__packed__))' -DUSE_HAL_DRIVER -DSTM32F407xx -I"D:/studia/V_rok/PSiM/stm32/projekt/Inc" -I"D:/studia/V_rok/PSiM/stm32/projekt/Drivers/STM32F4xx_HAL_Driver/Inc" -I"D:/studia/V_rok/PSiM/stm32/projekt/Drivers/STM32F4xx_HAL_Driver/Inc/Legacy" -I"D:/studia/V_rok/PSiM/stm32/projekt/Drivers/CMSIS/Device/ST/STM32F4xx/Include" -I"D:/studia/V_rok/PSiM/stm32/projekt/Drivers/CMSIS/Include" -I"D:/studia/V_rok/PSiM/stm32/projekt/Inc"  -Og -g3 -Wall -fmessage-length=0 -ffunction-sections -c -fmessage-length=0 -MMD -MP -MF"Drivers/STM32F4xx_HAL_Driver/stm32f4xx_hal_rcc_ex.d" -MT"Drivers/STM32F4xx_HAL_Driver/stm32f4xx_hal_rcc_ex.o" -o "Drivers/STM32F4xx_HAL_Driver/stm32f4xx_hal_rcc_ex.o" "D:/studia/V_rok/PSiM/stm32/projekt/Drivers/STM32F4xx_HAL_Driver/Src/stm32f4xx_hal_rcc_ex.c"
Finished building: D:/studia/V_rok/PSiM/stm32/projekt/Drivers/STM32F4xx_HAL_Driver/Src/stm32f4xx_hal_rcc_ex.c
 
Building file: D:/studia/V_rok/PSiM/stm32/projekt/Drivers/STM32F4xx_HAL_Driver/Src/stm32f4xx_hal_tim.c
Invoking: MCU GCC Compiler
%cd%
arm-none-eabi-gcc -mcpu=cortex-m4 -mthumb -mfloat-abi=hard -mfpu=fpv4-sp-d16 '-D__weak=__attribute__((weak))' '-D__packed=__attribute__((__packed__))' -DUSE_HAL_DRIVER -DSTM32F407xx -I"D:/studia/V_rok/PSiM/stm32/projekt/Inc" -I"D:/studia/V_rok/PSiM/stm32/projekt/Drivers/STM32F4xx_HAL_Driver/Inc" -I"D:/studia/V_rok/PSiM/stm32/projekt/Drivers/STM32F4xx_HAL_Driver/Inc/Legacy" -I"D:/studia/V_rok/PSiM/stm32/projekt/Drivers/CMSIS/Device/ST/STM32F4xx/Include" -I"D:/studia/V_rok/PSiM/stm32/projekt/Drivers/CMSIS/Include" -I"D:/studia/V_rok/PSiM/stm32/projekt/Inc"  -Og -g3 -Wall -fmessage-length=0 -ffunction-sections -c -fmessage-length=0 -MMD -MP -MF"Drivers/STM32F4xx_HAL_Driver/stm32f4xx_hal_tim.d" -MT"Drivers/STM32F4xx_HAL_Driver/stm32f4xx_hal_tim.o" -o "Drivers/STM32F4xx_HAL_Driver/stm32f4xx_hal_tim.o" "D:/studia/V_rok/PSiM/stm32/projekt/Drivers/STM32F4xx_HAL_Driver/Src/stm32f4xx_hal_tim.c"
Finished building: D:/studia/V_rok/PSiM/stm32/projekt/Drivers/STM32F4xx_HAL_Driver/Src/stm32f4xx_hal_tim.c
 
Building file: D:/studia/V_rok/PSiM/stm32/projekt/Drivers/STM32F4xx_HAL_Driver/Src/stm32f4xx_hal_tim_ex.c
Invoking: MCU GCC Compiler
%cd%
arm-none-eabi-gcc -mcpu=cortex-m4 -mthumb -mfloat-abi=hard -mfpu=fpv4-sp-d16 '-D__weak=__attribute__((weak))' '-D__packed=__attribute__((__packed__))' -DUSE_HAL_DRIVER -DSTM32F407xx -I"D:/studia/V_rok/PSiM/stm32/projekt/Inc" -I"D:/studia/V_rok/PSiM/stm32/projekt/Drivers/STM32F4xx_HAL_Driver/Inc" -I"D:/studia/V_rok/PSiM/stm32/projekt/Drivers/STM32F4xx_HAL_Driver/Inc/Legacy" -I"D:/studia/V_rok/PSiM/stm32/projekt/Drivers/CMSIS/Device/ST/STM32F4xx/Include" -I"D:/studia/V_rok/PSiM/stm32/projekt/Drivers/CMSIS/Include" -I"D:/studia/V_rok/PSiM/stm32/projekt/Inc"  -Og -g3 -Wall -fmessage-length=0 -ffunction-sections -c -fmessage-length=0 -MMD -MP -MF"Drivers/STM32F4xx_HAL_Driver/stm32f4xx_hal_tim_ex.d" -MT"Drivers/STM32F4xx_HAL_Driver/stm32f4xx_hal_tim_ex.o" -o "Drivers/STM32F4xx_HAL_Driver/stm32f4xx_hal_tim_ex.o" "D:/studia/V_rok/PSiM/stm32/projekt/Drivers/STM32F4xx_HAL_Driver/Src/stm32f4xx_hal_tim_ex.c"
Finished building: D:/studia/V_rok/PSiM/stm32/projekt/Drivers/STM32F4xx_HAL_Driver/Src/stm32f4xx_hal_tim_ex.c
 
Building file: D:/studia/V_rok/PSiM/stm32/projekt/Drivers/STM32F4xx_HAL_Driver/Src/stm32f4xx_hal_uart.c
Invoking: MCU GCC Compiler
%cd%
arm-none-eabi-gcc -mcpu=cortex-m4 -mthumb -mfloat-abi=hard -mfpu=fpv4-sp-d16 '-D__weak=__attribute__((weak))' '-D__packed=__attribute__((__packed__))' -DUSE_HAL_DRIVER -DSTM32F407xx -I"D:/studia/V_rok/PSiM/stm32/projekt/Inc" -I"D:/studia/V_rok/PSiM/stm32/projekt/Drivers/STM32F4xx_HAL_Driver/Inc" -I"D:/studia/V_rok/PSiM/stm32/projekt/Drivers/STM32F4xx_HAL_Driver/Inc/Legacy" -I"D:/studia/V_rok/PSiM/stm32/projekt/Drivers/CMSIS/Device/ST/STM32F4xx/Include" -I"D:/studia/V_rok/PSiM/stm32/projekt/Drivers/CMSIS/Include" -I"D:/studia/V_rok/PSiM/stm32/projekt/Inc"  -Og -g3 -Wall -fmessage-length=0 -ffunction-sections -c -fmessage-length=0 -MMD -MP -MF"Drivers/STM32F4xx_HAL_Driver/stm32f4xx_hal_uart.d" -MT"Drivers/STM32F4xx_HAL_Driver/stm32f4xx_hal_uart.o" -o "Drivers/STM32F4xx_HAL_Driver/stm32f4xx_hal_uart.o" "D:/studia/V_rok/PSiM/stm32/projekt/Drivers/STM32F4xx_HAL_Driver/Src/stm32f4xx_hal_uart.c"
Finished building: D:/studia/V_rok/PSiM/stm32/projekt/Drivers/STM32F4xx_HAL_Driver/Src/stm32f4xx_hal_uart.c
 
Building file: D:/studia/V_rok/PSiM/stm32/projekt/Src/system_stm32f4xx.c
Invoking: MCU GCC Compiler
%cd%
arm-none-eabi-gcc -mcpu=cortex-m4 -mthumb -mfloat-abi=hard -mfpu=fpv4-sp-d16 '-D__weak=__attribute__((weak))' '-D__packed=__attribute__((__packed__))' -DUSE_HAL_DRIVER -DSTM32F407xx -I"D:/studia/V_rok/PSiM/stm32/projekt/Inc" -I"D:/studia/V_rok/PSiM/stm32/projekt/Drivers/STM32F4xx_HAL_Driver/Inc" -I"D:/studia/V_rok/PSiM/stm32/projekt/Drivers/STM32F4xx_HAL_Driver/Inc/Legacy" -I"D:/studia/V_rok/PSiM/stm32/projekt/Drivers/CMSIS/Device/ST/STM32F4xx/Include" -I"D:/studia/V_rok/PSiM/stm32/projekt/Drivers/CMSIS/Include" -I"D:/studia/V_rok/PSiM/stm32/projekt/Inc"  -Og -g3 -Wall -fmessage-length=0 -ffunction-sections -c -fmessage-length=0 -MMD -MP -MF"Drivers/CMSIS/system_stm32f4xx.d" -MT"Drivers/CMSIS/system_stm32f4xx.o" -o "Drivers/CMSIS/system_stm32f4xx.o" "D:/studia/V_rok/PSiM/stm32/projekt/Src/system_stm32f4xx.c"
Finished building: D:/studia/V_rok/PSiM/stm32/projekt/Src/system_stm32f4xx.c
 
Building file: D:/studia/V_rok/PSiM/stm32/projekt/Src/main.c
Invoking: MCU GCC Compiler
%cd%
arm-none-eabi-gcc -mcpu=cortex-m4 -mthumb -mfloat-abi=hard -mfpu=fpv4-sp-d16 '-D__weak=__attribute__((weak))' '-D__packed=__attribute__((__packed__))' -DUSE_HAL_DRIVER -DSTM32F407xx -I"D:/studia/V_rok/PSiM/stm32/projekt/Inc" -I"D:/studia/V_rok/PSiM/stm32/projekt/Drivers/STM32F4xx_HAL_Driver/Inc" -I"D:/studia/V_rok/PSiM/stm32/projekt/Drivers/STM32F4xx_HAL_Driver/Inc/Legacy" -I"D:/studia/V_rok/PSiM/stm32/projekt/Drivers/CMSIS/Device/ST/STM32F4xx/Include" -I"D:/studia/V_rok/PSiM/stm32/projekt/Drivers/CMSIS/Include" -I"D:/studia/V_rok/PSiM/stm32/projekt/Inc"  -Og -g3 -Wall -fmessage-length=0 -ffunction-sections -c -fmessage-length=0 -MMD -MP -MF"Application/User/main.d" -MT"Application/User/main.o" -o "Application/User/main.o" "D:/studia/V_rok/PSiM/stm32/projekt/Src/main.c"
D:/studia/V_rok/PSiM/stm32/projekt/Src/main.c:69:16: warning: built-in function 'cos' declared as non-function
 volatile float cos;
                ^
D:/studia/V_rok/PSiM/stm32/projekt/Src/main.c: In function 'HAL_TIM_PeriodElapsedCallback':
D:/studia/V_rok/PSiM/stm32/projekt/Src/main.c:260:6: warning: unused variable 'index' [-Wunused-variable]
  int index = 0;
      ^
D:/studia/V_rok/PSiM/stm32/projekt/Src/main.c: In function 'HAL_UART_RxCpltCallback':
D:/studia/V_rok/PSiM/stm32/projekt/Src/main.c:334:19: warning: pointer targets in passing argument 1 of 'sprintf' differ in signedness [-Wpointer-sign]
    size = sprintf(data, "echoProbki:\t %u \n\r", recNumber);
                   ^
In file included from c:\eclipse mars_c\eclipse\plugins\fr.ac6.mcu.externaltools.arm-none.win32_1.13.2.201703061525\tools\compiler\arm-none-eabi\include\stdio.h:29:0,
                 from D:/studia/V_rok/PSiM/stm32/projekt/Drivers/STM32F4xx_HAL_Driver/Inc/stm32f4xx_hal_def.h:50,
                 from D:/studia/V_rok/PSiM/stm32/projekt/Drivers/STM32F4xx_HAL_Driver/Inc/stm32f4xx_hal_rcc.h:47,
                 from D:/studia/V_rok/PSiM/stm32/projekt/Inc/stm32f4xx_hal_conf.h:244,
                 from D:/studia/V_rok/PSiM/stm32/projekt/Drivers/STM32F4xx_HAL_Driver/Inc/stm32f4xx_hal.h:48,
                 from D:/studia/V_rok/PSiM/stm32/projekt/Src/main.c:40:
c:\eclipse mars_c\eclipse\plugins\fr.ac6.mcu.externaltools.arm-none.win32_1.13.2.201703061525\tools\compiler\arm-none-eabi\include\stdio.h:244:5: note: expected 'char * restrict' but argument is of type 'uint8_t * {aka unsigned char *}'
 int _EXFUN(sprintf, (char *__restrict, const char *__restrict, ...)
     ^
D:/studia/V_rok/PSiM/stm32/projekt/Src/main.c:354:9: warning: passing argument 1 of 'free' discards 'volatile' qualifier from pointer target type [-Wdiscarded-qualifiers]
    free(freqTab);
         ^
In file included from c:\eclipse mars_c\eclipse\plugins\fr.ac6.mcu.externaltools.arm-none.win32_1.13.2.201703061525\tools\compiler\arm-none-eabi\include\stdio.h:29:0,
                 from D:/studia/V_rok/PSiM/stm32/projekt/Drivers/STM32F4xx_HAL_Driver/Inc/stm32f4xx_hal_def.h:50,
                 from D:/studia/V_rok/PSiM/stm32/projekt/Drivers/STM32F4xx_HAL_Driver/Inc/stm32f4xx_hal_rcc.h:47,
                 from D:/studia/V_rok/PSiM/stm32/projekt/Inc/stm32f4xx_hal_conf.h:244,
                 from D:/studia/V_rok/PSiM/stm32/projekt/Drivers/STM32F4xx_HAL_Driver/Inc/stm32f4xx_hal.h:48,
                 from D:/studia/V_rok/PSiM/stm32/projekt/Src/main.c:40:
c:\eclipse mars_c\eclipse\plugins\fr.ac6.mcu.externaltools.arm-none.win32_1.13.2.201703061525\tools\compiler\arm-none-eabi\include\stdlib.h:93:7: note: expected 'void *' but argument is of type 'volatile uint8_t * {aka volatile unsigned char *}'
 _VOID _EXFUN_NOTHROW(free,(_PTR));
       ^
D:/studia/V_rok/PSiM/stm32/projekt/Src/main.c:355:9: warning: passing argument 1 of 'free' discards 'volatile' qualifier from pointer target type [-Wdiscarded-qualifiers]
    free(ampTab);
         ^
In file included from c:\eclipse mars_c\eclipse\plugins\fr.ac6.mcu.externaltools.arm-none.win32_1.13.2.201703061525\tools\compiler\arm-none-eabi\include\stdio.h:29:0,
                 from D:/studia/V_rok/PSiM/stm32/projekt/Drivers/STM32F4xx_HAL_Driver/Inc/stm32f4xx_hal_def.h:50,
                 from D:/studia/V_rok/PSiM/stm32/projekt/Drivers/STM32F4xx_HAL_Driver/Inc/stm32f4xx_hal_rcc.h:47,
                 from D:/studia/V_rok/PSiM/stm32/projekt/Inc/stm32f4xx_hal_conf.h:244,
                 from D:/studia/V_rok/PSiM/stm32/projekt/Drivers/STM32F4xx_HAL_Driver/Inc/stm32f4xx_hal.h:48,
                 from D:/studia/V_rok/PSiM/stm32/projekt/Src/main.c:40:
c:\eclipse mars_c\eclipse\plugins\fr.ac6.mcu.externaltools.arm-none.win32_1.13.2.201703061525\tools\compiler\arm-none-eabi\include\stdlib.h:93:7: note: expected 'void *' but argument is of type 'volatile uint8_t * {aka volatile unsigned char *}'
 _VOID _EXFUN_NOTHROW(free,(_PTR));
       ^
D:/studia/V_rok/PSiM/stm32/projekt/Src/main.c:356:9: warning: passing argument 1 of 'free' discards 'volatile' qualifier from pointer target type [-Wdiscarded-qualifiers]
    free(phaseTab);
         ^
In file included from c:\eclipse mars_c\eclipse\plugins\fr.ac6.mcu.externaltools.arm-none.win32_1.13.2.201703061525\tools\compiler\arm-none-eabi\include\stdio.h:29:0,
                 from D:/studia/V_rok/PSiM/stm32/projekt/Drivers/STM32F4xx_HAL_Driver/Inc/stm32f4xx_hal_def.h:50,
                 from D:/studia/V_rok/PSiM/stm32/projekt/Drivers/STM32F4xx_HAL_Driver/Inc/stm32f4xx_hal_rcc.h:47,
                 from D:/studia/V_rok/PSiM/stm32/projekt/Inc/stm32f4xx_hal_conf.h:244,
                 from D:/studia/V_rok/PSiM/stm32/projekt/Drivers/STM32F4xx_HAL_Driver/Inc/stm32f4xx_hal.h:48,
                 from D:/studia/V_rok/PSiM/stm32/projekt/Src/main.c:40:
c:\eclipse mars_c\eclipse\plugins\fr.ac6.mcu.externaltools.arm-none.win32_1.13.2.201703061525\tools\compiler\arm-none-eabi\include\stdlib.h:93:7: note: expected 'void *' but argument is of type 'volatile uint8_t * {aka volatile unsigned char *}'
 _VOID _EXFUN_NOTHROW(free,(_PTR));
       ^
D:/studia/V_rok/PSiM/stm32/projekt/Src/main.c:361:19: warning: pointer targets in passing argument 1 of 'sprintf' differ in signedness [-Wpointer-sign]
    size = sprintf(data, "koniec \n\r");
                   ^
In file included from c:\eclipse mars_c\eclipse\plugins\fr.ac6.mcu.externaltools.arm-none.win32_1.13.2.201703061525\tools\compiler\arm-none-eabi\include\stdio.h:29:0,
                 from D:/studia/V_rok/PSiM/stm32/projekt/Drivers/STM32F4xx_HAL_Driver/Inc/stm32f4xx_hal_def.h:50,
                 from D:/studia/V_rok/PSiM/stm32/projekt/Drivers/STM32F4xx_HAL_Driver/Inc/stm32f4xx_hal_rcc.h:47,
                 from D:/studia/V_rok/PSiM/stm32/projekt/Inc/stm32f4xx_hal_conf.h:244,
                 from D:/studia/V_rok/PSiM/stm32/projekt/Drivers/STM32F4xx_HAL_Driver/Inc/stm32f4xx_hal.h:48,
                 from D:/studia/V_rok/PSiM/stm32/projekt/Src/main.c:40:
c:\eclipse mars_c\eclipse\plugins\fr.ac6.mcu.externaltools.arm-none.win32_1.13.2.201703061525\tools\compiler\arm-none-eabi\include\stdio.h:244:5: note: expected 'char * restrict' but argument is of type 'uint8_t * {aka unsigned char *}'
 int _EXFUN(sprintf, (char *__restrict, const char *__restrict, ...)
     ^
D:/studia/V_rok/PSiM/stm32/projekt/Src/main.c:370:26: warning: passing argument 1 of 'atoi' discards 'volatile' qualifier from pointer target type [-Wdiscarded-qualifiers]
    ReceivedTab[i] = atoi(&Received);
                          ^
In file included from c:\eclipse mars_c\eclipse\plugins\fr.ac6.mcu.externaltools.arm-none.win32_1.13.2.201703061525\tools\compiler\arm-none-eabi\include\stdio.h:29:0,
                 from D:/studia/V_rok/PSiM/stm32/projekt/Drivers/STM32F4xx_HAL_Driver/Inc/stm32f4xx_hal_def.h:50,
                 from D:/studia/V_rok/PSiM/stm32/projekt/Drivers/STM32F4xx_HAL_Driver/Inc/stm32f4xx_hal_rcc.h:47,
                 from D:/studia/V_rok/PSiM/stm32/projekt/Inc/stm32f4xx_hal_conf.h:244,
                 from D:/studia/V_rok/PSiM/stm32/projekt/Drivers/STM32F4xx_HAL_Driver/Inc/stm32f4xx_hal.h:48,
                 from D:/studia/V_rok/PSiM/stm32/projekt/Src/main.c:40:
c:\eclipse mars_c\eclipse\plugins\fr.ac6.mcu.externaltools.arm-none.win32_1.13.2.201703061525\tools\compiler\arm-none-eabi\include\stdlib.h:81:5: note: expected 'const char *' but argument is of type 'volatile uint8_t * {aka volatile unsigned char *}'
 int _EXFUN(atoi,(const char *__nptr));
     ^
D:/studia/V_rok/PSiM/stm32/projekt/Src/main.c:375:32: warning: passing argument 2 of 'HAL_UART_Receive_IT' discards 'volatile' qualifier from pointer target type [-Wdiscarded-qualifiers]
   HAL_UART_Receive_IT(&huart2, &Received, r_size);
                                ^
In file included from D:/studia/V_rok/PSiM/stm32/projekt/Inc/stm32f4xx_hal_conf.h:368:0,
                 from D:/studia/V_rok/PSiM/stm32/projekt/Drivers/STM32F4xx_HAL_Driver/Inc/stm32f4xx_hal.h:48,
                 from D:/studia/V_rok/PSiM/stm32/projekt/Src/main.c:40:
D:/studia/V_rok/PSiM/stm32/projekt/Drivers/STM32F4xx_HAL_Driver/Inc/stm32f4xx_hal_uart.h:650:19: note: expected 'uint8_t * {aka unsigned char *}' but argument is of type 'volatile uint8_t * {aka volatile unsigned char *}'
 HAL_StatusTypeDef HAL_UART_Receive_IT(UART_HandleTypeDef *huart, uint8_t *pData, uint16_t Size);
                   ^
D:/studia/V_rok/PSiM/stm32/projekt/Src/main.c: In function 'main':
D:/studia/V_rok/PSiM/stm32/projekt/Src/main.c:410:32: warning: passing argument 2 of 'HAL_UART_Receive_IT' discards 'volatile' qualifier from pointer target type [-Wdiscarded-qualifiers]
   HAL_UART_Receive_IT(&huart2, &Received, r_size);
                                ^
In file included from D:/studia/V_rok/PSiM/stm32/projekt/Inc/stm32f4xx_hal_conf.h:368:0,
                 from D:/studia/V_rok/PSiM/stm32/projekt/Drivers/STM32F4xx_HAL_Driver/Inc/stm32f4xx_hal.h:48,
                 from D:/studia/V_rok/PSiM/stm32/projekt/Src/main.c:40:
D:/studia/V_rok/PSiM/stm32/projekt/Drivers/STM32F4xx_HAL_Driver/Inc/stm32f4xx_hal_uart.h:650:19: note: expected 'uint8_t * {aka unsigned char *}' but argument is of type 'volatile uint8_t * {aka volatile unsigned char *}'
 HAL_StatusTypeDef HAL_UART_Receive_IT(UART_HandleTypeDef *huart, uint8_t *pData, uint16_t Size);
                   ^
Finished building: D:/studia/V_rok/PSiM/stm32/projekt/Src/main.c
 
Building file: D:/studia/V_rok/PSiM/stm32/projekt/Src/stm32f4xx_hal_msp.c
Invoking: MCU GCC Compiler
%cd%
arm-none-eabi-gcc -mcpu=cortex-m4 -mthumb -mfloat-abi=hard -mfpu=fpv4-sp-d16 '-D__weak=__attribute__((weak))' '-D__packed=__attribute__((__packed__))' -DUSE_HAL_DRIVER -DSTM32F407xx -I"D:/studia/V_rok/PSiM/stm32/projekt/Inc" -I"D:/studia/V_rok/PSiM/stm32/projekt/Drivers/STM32F4xx_HAL_Driver/Inc" -I"D:/studia/V_rok/PSiM/stm32/projekt/Drivers/STM32F4xx_HAL_Driver/Inc/Legacy" -I"D:/studia/V_rok/PSiM/stm32/projekt/Drivers/CMSIS/Device/ST/STM32F4xx/Include" -I"D:/studia/V_rok/PSiM/stm32/projekt/Drivers/CMSIS/Include" -I"D:/studia/V_rok/PSiM/stm32/projekt/Inc"  -Og -g3 -Wall -fmessage-length=0 -ffunction-sections -c -fmessage-length=0 -MMD -MP -MF"Application/User/stm32f4xx_hal_msp.d" -MT"Application/User/stm32f4xx_hal_msp.o" -o "Application/User/stm32f4xx_hal_msp.o" "D:/studia/V_rok/PSiM/stm32/projekt/Src/stm32f4xx_hal_msp.c"
Finished building: D:/studia/V_rok/PSiM/stm32/projekt/Src/stm32f4xx_hal_msp.c
 
Building file: D:/studia/V_rok/PSiM/stm32/projekt/Src/stm32f4xx_it.c
Invoking: MCU GCC Compiler
%cd%
arm-none-eabi-gcc -mcpu=cortex-m4 -mthumb -mfloat-abi=hard -mfpu=fpv4-sp-d16 '-D__weak=__attribute__((weak))' '-D__packed=__attribute__((__packed__))' -DUSE_HAL_DRIVER -DSTM32F407xx -I"D:/studia/V_rok/PSiM/stm32/projekt/Inc" -I"D:/studia/V_rok/PSiM/stm32/projekt/Drivers/STM32F4xx_HAL_Driver/Inc" -I"D:/studia/V_rok/PSiM/stm32/projekt/Drivers/STM32F4xx_HAL_Driver/Inc/Legacy" -I"D:/studia/V_rok/PSiM/stm32/projekt/Drivers/CMSIS/Device/ST/STM32F4xx/Include" -I"D:/studia/V_rok/PSiM/stm32/projekt/Drivers/CMSIS/Include" -I"D:/studia/V_rok/PSiM/stm32/projekt/Inc"  -Og -g3 -Wall -fmessage-length=0 -ffunction-sections -c -fmessage-length=0 -MMD -MP -MF"Application/User/stm32f4xx_it.d" -MT"Application/User/stm32f4xx_it.o" -o "Application/User/stm32f4xx_it.o" "D:/studia/V_rok/PSiM/stm32/projekt/Src/stm32f4xx_it.c"
Finished building: D:/studia/V_rok/PSiM/stm32/projekt/Src/stm32f4xx_it.c
 
Building file: D:/studia/V_rok/PSiM/stm32/projekt/SW4STM32/startup_stm32f407xx.s
Invoking: MCU GCC Assembler
%cd%
arm-none-eabi-as -mcpu=cortex-m4 -mthumb -mfloat-abi=hard -mfpu=fpv4-sp-d16 -g -o "Application/SW4STM32/startup_stm32f407xx.o" "D:/studia/V_rok/PSiM/stm32/projekt/SW4STM32/startup_stm32f407xx.s"
Finished building: D:/studia/V_rok/PSiM/stm32/projekt/SW4STM32/startup_stm32f407xx.s
 
Building target: psim2.elf
Invoking: MCU GCC Linker
arm-none-eabi-gcc -mcpu=cortex-m4 -mthumb -mfloat-abi=hard -mfpu=fpv4-sp-d16 -specs=nosys.specs -specs=nano.specs -T"../STM32F407VGTx_FLASH.ld" -Wl,-Map=output.map -Wl,--gc-sections -lm -o "psim2.elf" @"objects.list"  
Finished building target: psim2.elf
 
C:/Eclipse MARS_C/eclipse/plugins/fr.ac6.mcu.externaltools.arm-none.win32_1.13.2.201703061525/tools/make/make --no-print-directory post-build
Generating binary and Printing size information:
arm-none-eabi-objcopy -O binary "psim2.elf" "psim2.bin"
arm-none-eabi-size "psim2.elf"
   text	   data	    bss	    dec	    hex	filename
  15604	    488	   1808	  17900	   45ec	psim2.elf
 

10:57:54 Build Finished (took 31s.684ms)

