Archive member included to satisfy reference by file (symbol)

c:/eclipse mars_c/eclipse/plugins/fr.ac6.mcu.externaltools.arm-none.win32_1.13.2.201703061525/tools/compiler/bin/../lib/gcc/arm-none-eabi/5.4.1/armv7e-m/fpu\libgcc.a(_arm_addsubdf3.o)
                              Application/User/main.o (__aeabi_dadd)
c:/eclipse mars_c/eclipse/plugins/fr.ac6.mcu.externaltools.arm-none.win32_1.13.2.201703061525/tools/compiler/bin/../lib/gcc/arm-none-eabi/5.4.1/armv7e-m/fpu\libgcc.a(_arm_muldivdf3.o)
                              Application/User/main.o (__aeabi_dmul)
c:/eclipse mars_c/eclipse/plugins/fr.ac6.mcu.externaltools.arm-none.win32_1.13.2.201703061525/tools/compiler/bin/../lib/gcc/arm-none-eabi/5.4.1/armv7e-m/fpu\libgcc.a(_arm_fixdfsi.o)
                              Application/User/main.o (__aeabi_d2iz)
c:/eclipse mars_c/eclipse/plugins/fr.ac6.mcu.externaltools.arm-none.win32_1.13.2.201703061525/tools/compiler/bin/../lib/gcc/arm-none-eabi/5.4.1/armv7e-m/fpu\libgcc.a(_arm_addsubsf3.o)
                              Application/User/main.o (__aeabi_l2f)
c:/eclipse mars_c/eclipse/plugins/fr.ac6.mcu.externaltools.arm-none.win32_1.13.2.201703061525/tools/compiler/bin/../lib/gcc/arm-none-eabi/5.4.1/../../../../arm-none-eabi/lib/armv7e-m/fpu\libc_nano.a(lib_a-atoi.o)
                              Application/User/main.o (atoi)
c:/eclipse mars_c/eclipse/plugins/fr.ac6.mcu.externaltools.arm-none.win32_1.13.2.201703061525/tools/compiler/bin/../lib/gcc/arm-none-eabi/5.4.1/../../../../arm-none-eabi/lib/armv7e-m/fpu\libc_nano.a(lib_a-calloc.o)
                              Application/User/main.o (calloc)
c:/eclipse mars_c/eclipse/plugins/fr.ac6.mcu.externaltools.arm-none.win32_1.13.2.201703061525/tools/compiler/bin/../lib/gcc/arm-none-eabi/5.4.1/../../../../arm-none-eabi/lib/armv7e-m/fpu\libc_nano.a(lib_a-exit.o)
                              c:/eclipse mars_c/eclipse/plugins/fr.ac6.mcu.externaltools.arm-none.win32_1.13.2.201703061525/tools/compiler/bin/../lib/gcc/arm-none-eabi/5.4.1/../../../../arm-none-eabi/lib/armv7e-m/fpu/crt0.o (exit)
c:/eclipse mars_c/eclipse/plugins/fr.ac6.mcu.externaltools.arm-none.win32_1.13.2.201703061525/tools/compiler/bin/../lib/gcc/arm-none-eabi/5.4.1/../../../../arm-none-eabi/lib/armv7e-m/fpu\libc_nano.a(lib_a-impure.o)
                              c:/eclipse mars_c/eclipse/plugins/fr.ac6.mcu.externaltools.arm-none.win32_1.13.2.201703061525/tools/compiler/bin/../lib/gcc/arm-none-eabi/5.4.1/../../../../arm-none-eabi/lib/armv7e-m/fpu\libc_nano.a(lib_a-exit.o) (_global_impure_ptr)
c:/eclipse mars_c/eclipse/plugins/fr.ac6.mcu.externaltools.arm-none.win32_1.13.2.201703061525/tools/compiler/bin/../lib/gcc/arm-none-eabi/5.4.1/../../../../arm-none-eabi/lib/armv7e-m/fpu\libc_nano.a(lib_a-init.o)
                              c:/eclipse mars_c/eclipse/plugins/fr.ac6.mcu.externaltools.arm-none.win32_1.13.2.201703061525/tools/compiler/bin/../lib/gcc/arm-none-eabi/5.4.1/../../../../arm-none-eabi/lib/armv7e-m/fpu/crt0.o (__libc_init_array)
c:/eclipse mars_c/eclipse/plugins/fr.ac6.mcu.externaltools.arm-none.win32_1.13.2.201703061525/tools/compiler/bin/../lib/gcc/arm-none-eabi/5.4.1/../../../../arm-none-eabi/lib/armv7e-m/fpu\libc_nano.a(lib_a-memset.o)
                              c:/eclipse mars_c/eclipse/plugins/fr.ac6.mcu.externaltools.arm-none.win32_1.13.2.201703061525/tools/compiler/bin/../lib/gcc/arm-none-eabi/5.4.1/../../../../arm-none-eabi/lib/armv7e-m/fpu/crt0.o (memset)
c:/eclipse mars_c/eclipse/plugins/fr.ac6.mcu.externaltools.arm-none.win32_1.13.2.201703061525/tools/compiler/bin/../lib/gcc/arm-none-eabi/5.4.1/../../../../arm-none-eabi/lib/armv7e-m/fpu\libc_nano.a(lib_a-nano-callocr.o)
                              c:/eclipse mars_c/eclipse/plugins/fr.ac6.mcu.externaltools.arm-none.win32_1.13.2.201703061525/tools/compiler/bin/../lib/gcc/arm-none-eabi/5.4.1/../../../../arm-none-eabi/lib/armv7e-m/fpu\libc_nano.a(lib_a-calloc.o) (_calloc_r)
c:/eclipse mars_c/eclipse/plugins/fr.ac6.mcu.externaltools.arm-none.win32_1.13.2.201703061525/tools/compiler/bin/../lib/gcc/arm-none-eabi/5.4.1/../../../../arm-none-eabi/lib/armv7e-m/fpu\libc_nano.a(lib_a-nano-mallocr.o)
                              c:/eclipse mars_c/eclipse/plugins/fr.ac6.mcu.externaltools.arm-none.win32_1.13.2.201703061525/tools/compiler/bin/../lib/gcc/arm-none-eabi/5.4.1/../../../../arm-none-eabi/lib/armv7e-m/fpu\libc_nano.a(lib_a-nano-callocr.o) (_malloc_r)
c:/eclipse mars_c/eclipse/plugins/fr.ac6.mcu.externaltools.arm-none.win32_1.13.2.201703061525/tools/compiler/bin/../lib/gcc/arm-none-eabi/5.4.1/../../../../arm-none-eabi/lib/armv7e-m/fpu\libc_nano.a(lib_a-sbrkr.o)
                              c:/eclipse mars_c/eclipse/plugins/fr.ac6.mcu.externaltools.arm-none.win32_1.13.2.201703061525/tools/compiler/bin/../lib/gcc/arm-none-eabi/5.4.1/../../../../arm-none-eabi/lib/armv7e-m/fpu\libc_nano.a(lib_a-nano-mallocr.o) (_sbrk_r)
[...]
Memory Configuration

Name             Origin             Length             Attributes
RAM              0x20000000         0x00020000         xrw
CCMRAM           0x10000000         0x00010000         rw
FLASH            0x08000000         0x00100000         xr
*default*        0x00000000         0xffffffff

Linker script and memory map

LOAD c:/eclipse mars_c/eclipse/plugins/fr.ac6.mcu.externaltools.arm-none.win32_1.13.2.201703061525/tools/compiler/bin/../lib/gcc/arm-none-eabi/5.4.1/armv7e-m/fpu/crti.o
LOAD c:/eclipse mars_c/eclipse/plugins/fr.ac6.mcu.externaltools.arm-none.win32_1.13.2.201703061525/tools/compiler/bin/../lib/gcc/arm-none-eabi/5.4.1/armv7e-m/fpu/crtbegin.o
LOAD c:/eclipse mars_c/eclipse/plugins/fr.ac6.mcu.externaltools.arm-none.win32_1.13.2.201703061525/tools/compiler/bin/../lib/gcc/arm-none-eabi/5.4.1/../../../../arm-none-eabi/lib/armv7e-m/fpu/crt0.o
LOAD c:/eclipse mars_c/eclipse/plugins/fr.ac6.mcu.externaltools.arm-none.win32_1.13.2.201703061525/tools/compiler/bin/../lib/gcc/arm-none-eabi/5.4.1/../../../../arm-none-eabi/lib/armv7e-m/fpu\libm.a
LOAD Application/SW4STM32/startup_stm32f407xx.o
LOAD Application/User/main.o
LOAD Application/User/stm32f4xx_hal_msp.o
LOAD Application/User/stm32f4xx_it.o
LOAD Drivers/CMSIS/system_stm32f4xx.o
LOAD Drivers/STM32F4xx_HAL_Driver/stm32f4xx_hal.o
LOAD Drivers/STM32F4xx_HAL_Driver/stm32f4xx_hal_cortex.o
LOAD Drivers/STM32F4xx_HAL_Driver/stm32f4xx_hal_dac.o
LOAD Drivers/STM32F4xx_HAL_Driver/stm32f4xx_hal_dac_ex.o
LOAD Drivers/STM32F4xx_HAL_Driver/stm32f4xx_hal_dma.o
LOAD Drivers/STM32F4xx_HAL_Driver/stm32f4xx_hal_dma_ex.o
LOAD Drivers/STM32F4xx_HAL_Driver/stm32f4xx_hal_flash.o
LOAD Drivers/STM32F4xx_HAL_Driver/stm32f4xx_hal_flash_ex.o
LOAD Drivers/STM32F4xx_HAL_Driver/stm32f4xx_hal_flash_ramfunc.o
LOAD Drivers/STM32F4xx_HAL_Driver/stm32f4xx_hal_gpio.o
LOAD Drivers/STM32F4xx_HAL_Driver/stm32f4xx_hal_pwr.o
LOAD Drivers/STM32F4xx_HAL_Driver/stm32f4xx_hal_pwr_ex.o
LOAD Drivers/STM32F4xx_HAL_Driver/stm32f4xx_hal_rcc.o
LOAD Drivers/STM32F4xx_HAL_Driver/stm32f4xx_hal_rcc_ex.o
LOAD Drivers/STM32F4xx_HAL_Driver/stm32f4xx_hal_tim.o
LOAD Drivers/STM32F4xx_HAL_Driver/stm32f4xx_hal_tim_ex.o
LOAD Drivers/STM32F4xx_HAL_Driver/stm32f4xx_hal_uart.o
START GROUP
LOAD c:/eclipse mars_c/eclipse/plugins/fr.ac6.mcu.externaltools.arm-none.win32_1.13.2.201703061525/tools/compiler/bin/../lib/gcc/arm-none-eabi/5.4.1/armv7e-m/fpu\libgcc.a
LOAD c:/eclipse mars_c/eclipse/plugins/fr.ac6.mcu.externaltools.arm-none.win32_1.13.2.201703061525/tools/compiler/bin/../lib/gcc/arm-none-eabi/5.4.1/../../../../arm-none-eabi/lib/armv7e-m/fpu\libc_nano.a
END GROUP
START GROUP
LOAD c:/eclipse mars_c/eclipse/plugins/fr.ac6.mcu.externaltools.arm-none.win32_1.13.2.201703061525/tools/compiler/bin/../lib/gcc/arm-none-eabi/5.4.1/armv7e-m/fpu\libgcc.a
LOAD c:/eclipse mars_c/eclipse/plugins/fr.ac6.mcu.externaltools.arm-none.win32_1.13.2.201703061525/tools/compiler/bin/../lib/gcc/arm-none-eabi/5.4.1/../../../../arm-none-eabi/lib/armv7e-m/fpu\libc_nano.a
LOAD c:/eclipse mars_c/eclipse/plugins/fr.ac6.mcu.externaltools.arm-none.win32_1.13.2.201703061525/tools/compiler/bin/../lib/gcc/arm-none-eabi/5.4.1/../../../../arm-none-eabi/lib/armv7e-m/fpu\libnosys.a
END GROUP
START GROUP
LOAD c:/eclipse mars_c/eclipse/plugins/fr.ac6.mcu.externaltools.arm-none.win32_1.13.2.201703061525/tools/compiler/bin/../lib/gcc/arm-none-eabi/5.4.1/armv7e-m/fpu\libgcc.a
LOAD c:/eclipse mars_c/eclipse/plugins/fr.ac6.mcu.externaltools.arm-none.win32_1.13.2.201703061525/tools/compiler/bin/../lib/gcc/arm-none-eabi/5.4.1/../../../../arm-none-eabi/lib/armv7e-m/fpu\libc_nano.a
LOAD c:/eclipse mars_c/eclipse/plugins/fr.ac6.mcu.externaltools.arm-none.win32_1.13.2.201703061525/tools/compiler/bin/../lib/gcc/arm-none-eabi/5.4.1/../../../../arm-none-eabi/lib/armv7e-m/fpu\libnosys.a
END GROUP
LOAD c:/eclipse mars_c/eclipse/plugins/fr.ac6.mcu.externaltools.arm-none.win32_1.13.2.201703061525/tools/compiler/bin/../lib/gcc/arm-none-eabi/5.4.1/armv7e-m/fpu/crtend.o
LOAD c:/eclipse mars_c/eclipse/plugins/fr.ac6.mcu.externaltools.arm-none.win32_1.13.2.201703061525/tools/compiler/bin/../lib/gcc/arm-none-eabi/5.4.1/armv7e-m/fpu/crtn.o
                0x20020000                _estack = 0x20020000
                0x00000200                _Min_Heap_Size = 0x200
                0x00000400                _Min_Stack_Size = 0x400

.isr_vector     0x08000000      0x188
                0x08000000                . = ALIGN (0x4)
 *(.isr_vector)
 .isr_vector    0x08000000      0x188 Application/SW4STM32/startup_stm32f407xx.o
                0x08000000                g_pfnVectors
                0x08000188                . = ALIGN (0x4)

.text           0x08000190     0x37a0
                0x08000190                . = ALIGN (0x4)
 *(.text)
 .text          0x08000190       0x5c c:/eclipse mars_c/eclipse/plugins/fr.ac6.mcu.externaltools.arm-none.win32_1.13.2.201703061525/tools/compiler/bin/../lib/gcc/arm-none-eabi/5.4.1/armv7e-m/fpu/crtbegin.o
 .text          0x080001ec      0x370 c:/eclipse mars_c/eclipse/plugins/fr.ac6.mcu.externaltools.arm-none.win32_1.13.2.201703061525/tools/compiler/bin/../lib/gcc/arm-none-eabi/5.4.1/armv7e-m/fpu\libgcc.a(_arm_addsubdf3.o)
                0x080001ec                __aeabi_drsub
                0x080001f4                __aeabi_dsub
                0x080001f4                __subdf3
                0x080001f8                __aeabi_dadd
                0x080001f8                __adddf3
                0x08000470                __floatunsidf
                0x08000470                __aeabi_ui2d
                0x08000490                __floatsidf
                0x08000490                __aeabi_i2d
                0x080004b4                __aeabi_f2d
                0x080004b4                __extendsfdf2
                0x080004f0                __floatundidf
                0x080004f0                __aeabi_ul2d
                0x08000500                __floatdidf
                0x08000500                __aeabi_l2d
 .text          0x0800055c      0x424 c:/eclipse mars_c/eclipse/plugins/fr.ac6.mcu.externaltools.arm-none.win32_1.13.2.201703061525/tools/compiler/bin/../lib/gcc/arm-none-eabi/5.4.1/armv7e-m/fpu\libgcc.a(_arm_muldivdf3.o)
                0x0800055c                __aeabi_dmul
                0x0800055c                __muldf3
                0x080007b0                __divdf3
                0x080007b0                __aeabi_ddiv
 .text          0x08000980       0x50 c:/eclipse mars_c/eclipse/plugins/fr.ac6.mcu.externaltools.arm-none.win32_1.13.2.201703061525/tools/compiler/bin/../lib/gcc/arm-none-eabi/5.4.1/armv7e-m/fpu\libgcc.a(_arm_fixdfsi.o)
                0x08000980                __aeabi_d2iz
                0x08000980                __fixdfsi
 .text          0x080009d0      0x21c c:/eclipse mars_c/eclipse/plugins/fr.ac6.mcu.externaltools.arm-none.win32_1.13.2.201703061525/tools/compiler/bin/../lib/gcc/arm-none-eabi/5.4.1/armv7e-m/fpu\libgcc.a(_arm_addsubsf3.o)
                0x080009d0                __aeabi_frsub
                0x080009d8                __subsf3
                0x080009d8                __aeabi_fsub
                0x080009dc                __aeabi_fadd
                0x080009dc                __addsf3
                0x08000b3c                __aeabi_ui2f
                0x08000b3c                __floatunsisf
                0x08000b44                __aeabi_i2f
                0x08000b44                __floatsisf
                0x08000b60                __aeabi_ul2f
                0x08000b60                __floatundisf
                0x08000b70                __aeabi_l2f
                0x08000b70                __floatdisf
 *fill*         0x08000bec        0x4 
 .text          0x08000bf0       0xa0 c:/eclipse mars_c/eclipse/plugins/fr.ac6.mcu.externaltools.arm-none.win32_1.13.2.201703061525/tools/compiler/bin/../lib/gcc/arm-none-eabi/5.4.1/../../../../arm-none-eabi/lib/armv7e-m/fpu\libc_nano.a(lib_a-memchr.o)
                0x08000bf0                memchr
 *(.text*)
 .text.Reset_Handler
                0x08000c90       0x50 Application/SW4STM32/startup_stm32f407xx.o
                0x08000c90                Reset_Handler
 .text.Default_Handler
                0x08000ce0        0x2 Application/SW4STM32/startup_stm32f407xx.o
                0x08000ce0                RTC_Alarm_IRQHandler
                0x08000ce0                HASH_RNG_IRQHandler
                0x08000ce0                EXTI2_IRQHandler
                0x08000ce0                TIM8_CC_IRQHandler
                0x08000ce0                DebugMon_Handler
                0x08000ce0                TIM1_CC_IRQHandler
                0x08000ce0                DMA2_Stream5_IRQHandler
                0x08000ce0                HardFault_Handler
                0x08000ce0                DMA1_Stream5_IRQHandler
                0x08000ce0                PVD_IRQHandler
                0x08000ce0                SDIO_IRQHandler
                0x08000ce0                TAMP_STAMP_IRQHandler
                0x08000ce0                PendSV_Handler
                0x08000ce0                NMI_Handler
                0x08000ce0                CAN2_RX1_IRQHandler
                0x08000ce0                EXTI3_IRQHandler
                0x08000ce0                TIM8_TRG_COM_TIM14_IRQHandler
                0x08000ce0                TIM1_UP_TIM10_IRQHandler
                0x08000ce0                TIM8_UP_TIM13_IRQHandler
                0x08000ce0                I2C3_ER_IRQHandler
                0x08000ce0                EXTI0_IRQHandler
                0x08000ce0                I2C2_EV_IRQHandler
                0x08000ce0                DMA1_Stream2_IRQHandler
                0x08000ce0                CAN1_RX0_IRQHandler
                0x08000ce0                FPU_IRQHandler
                0x08000ce0                OTG_HS_WKUP_IRQHandler
                0x08000ce0                UsageFault_Handler
                0x08000ce0                CAN2_SCE_IRQHandler
                0x08000ce0                DMA2_Stream2_IRQHandler
                0x08000ce0                SPI1_IRQHandler
                0x08000ce0                TIM1_BRK_TIM9_IRQHandler
                0x08000ce0                DCMI_IRQHandler
                0x08000ce0                CAN2_RX0_IRQHandler
                0x08000ce0                DMA2_Stream3_IRQHandler
                0x08000ce0                USART6_IRQHandler
                0x08000ce0                USART3_IRQHandler
                0x08000ce0                CAN1_RX1_IRQHandler
                0x08000ce0                UART5_IRQHandler
                0x08000ce0                DMA2_Stream0_IRQHandler
                0x08000ce0                TIM4_IRQHandler
                0x08000ce0                I2C1_EV_IRQHandler
                0x08000ce0                DMA1_Stream6_IRQHandler
                0x08000ce0                DMA1_Stream1_IRQHandler
                0x08000ce0                UART4_IRQHandler
                0x08000ce0                TIM3_IRQHandler
                0x08000ce0                RCC_IRQHandler
                0x08000ce0                TIM8_BRK_TIM12_IRQHandler
                0x08000ce0                Default_Handler
                0x08000ce0                EXTI15_10_IRQHandler
                0x08000ce0                ADC_IRQHandler
                0x08000ce0                DMA1_Stream7_IRQHandler
                0x08000ce0                TIM7_IRQHandler
                0x08000ce0                CAN2_TX_IRQHandler
                0x08000ce0                TIM5_IRQHandler
                0x08000ce0                DMA2_Stream7_IRQHandler
                0x08000ce0                I2C3_EV_IRQHandler
                0x08000ce0                EXTI9_5_IRQHandler
                0x08000ce0                RTC_WKUP_IRQHandler
                0x08000ce0                ETH_WKUP_IRQHandler
                0x08000ce0                SPI2_IRQHandler
                0x08000ce0                OTG_HS_EP1_IN_IRQHandler
                0x08000ce0                MemManage_Handler
                0x08000ce0                DMA1_Stream0_IRQHandler
                0x08000ce0                CAN1_TX_IRQHandler
                0x08000ce0                SVC_Handler
                0x08000ce0                EXTI4_IRQHandler
                0x08000ce0                FSMC_IRQHandler
                0x08000ce0                ETH_IRQHandler
                0x08000ce0                OTG_HS_EP1_OUT_IRQHandler
                0x08000ce0                WWDG_IRQHandler
                0x08000ce0                TIM2_IRQHandler
                0x08000ce0                OTG_FS_WKUP_IRQHandler
                0x08000ce0                OTG_HS_IRQHandler
                0x08000ce0                EXTI1_IRQHandler
                0x08000ce0                I2C2_ER_IRQHandler
                0x08000ce0                DMA2_Stream1_IRQHandler
                0x08000ce0                CAN1_SCE_IRQHandler
                0x08000ce0                FLASH_IRQHandler
                0x08000ce0                DMA2_Stream4_IRQHandler
                0x08000ce0                BusFault_Handler
                0x08000ce0                USART1_IRQHandler
                0x08000ce0                OTG_FS_IRQHandler
                0x08000ce0                SPI3_IRQHandler
                0x08000ce0                DMA1_Stream4_IRQHandler
                0x08000ce0                I2C1_ER_IRQHandler
                0x08000ce0                DMA2_Stream6_IRQHandler
                0x08000ce0                DMA1_Stream3_IRQHandler
 *fill*         0x08000ce2        0x2 
 .text.MX_GPIO_Init
                0x08000ce4      0x1f4 Application/User/main.o
 .text.HAL_TIM_PeriodElapsedCallback
                0x08000ed8      0x1ac Application/User/main.o
                0x08000ed8                HAL_TIM_PeriodElapsedCallback
 .text.power    0x08001084       0x18 Application/User/main.o
                0x08001084                power
 .text.HAL_UART_RxCpltCallback
                0x0800109c      0x1ac Application/User/main.o
                0x0800109c                HAL_UART_RxCpltCallback
 .text._Error_Handler
                0x08001248        0x4 Application/User/main.o
                0x08001248                _Error_Handler
 .text.MX_USART2_UART_Init
                0x0800124c       0x3c Application/User/main.o
 .text.MX_TIM11_Init
                0x08001288       0x6c Application/User/main.o
 .text.MX_DAC_Init
                0x080012f4       0x48 Application/User/main.o
 .text.MX_TIM6_Init
                0x0800133c       0x54 Application/User/main.o
 .text.SystemClock_Config
                0x08001390       0xcc Application/User/main.o
                0x08001390                SystemClock_Config
 .text.main     0x0800145c       0xa8 Application/User/main.o
                0x0800145c                main
 .text.HAL_MspInit
                0x08001504       0x60 Application/User/stm32f4xx_hal_msp.o
                0x08001504                HAL_MspInit
 .text.HAL_DAC_MspInit
                0x08001564       0x58 Application/User/stm32f4xx_hal_msp.o
                0x08001564                HAL_DAC_MspInit
 .text.HAL_TIM_Base_MspInit
                0x080015bc       0x74 Application/User/stm32f4xx_hal_msp.o
                0x080015bc                HAL_TIM_Base_MspInit
 .text.HAL_UART_MspInit
                0x08001630       0x60 Application/User/stm32f4xx_hal_msp.o
                0x08001630                HAL_UART_MspInit
 .text.SysTick_Handler
                0x08001690        0xc Application/User/stm32f4xx_it.o
                0x08001690                SysTick_Handler
 .text.TIM1_TRG_COM_TIM11_IRQHandler
                0x0800169c       0x10 Application/User/stm32f4xx_it.o
                0x0800169c                TIM1_TRG_COM_TIM11_IRQHandler
 .text.USART2_IRQHandler
                0x080016ac       0x10 Application/User/stm32f4xx_it.o
                0x080016ac                USART2_IRQHandler
 .text.TIM6_DAC_IRQHandler
                0x080016bc       0x18 Application/User/stm32f4xx_it.o
                0x080016bc                TIM6_DAC_IRQHandler
 .text.SystemInit
                0x080016d4       0x4c Drivers/CMSIS/system_stm32f4xx.o
                0x080016d4                SystemInit
 .text.HAL_InitTick
                0x08001720       0x2c Drivers/STM32F4xx_HAL_Driver/stm32f4xx_hal.o
                0x08001720                HAL_InitTick
 .text.HAL_Init
                0x0800174c       0x34 Drivers/STM32F4xx_HAL_Driver/stm32f4xx_hal.o
                0x0800174c                HAL_Init
 .text.HAL_IncTick
                0x08001780       0x10 Drivers/STM32F4xx_HAL_Driver/stm32f4xx_hal.o
                0x08001780                HAL_IncTick
 .text.HAL_GetTick
                0x08001790        0xc Drivers/STM32F4xx_HAL_Driver/stm32f4xx_hal.o
                0x08001790                HAL_GetTick
 .text.HAL_NVIC_SetPriorityGrouping
                0x0800179c       0x24 Drivers/STM32F4xx_HAL_Driver/stm32f4xx_hal_cortex.o
                0x0800179c                HAL_NVIC_SetPriorityGrouping
 .text.HAL_NVIC_SetPriority
                0x080017c0       0x64 Drivers/STM32F4xx_HAL_Driver/stm32f4xx_hal_cortex.o
                0x080017c0                HAL_NVIC_SetPriority
 .text.HAL_NVIC_EnableIRQ
                0x08001824       0x18 Drivers/STM32F4xx_HAL_Driver/stm32f4xx_hal_cortex.o
                0x08001824                HAL_NVIC_EnableIRQ
 .text.HAL_SYSTICK_Config
                0x0800183c       0x2c Drivers/STM32F4xx_HAL_Driver/stm32f4xx_hal_cortex.o
                0x0800183c                HAL_SYSTICK_Config
 .text.HAL_SYSTICK_CLKSourceConfig
                0x08001868       0x20 Drivers/STM32F4xx_HAL_Driver/stm32f4xx_hal_cortex.o
                0x08001868                HAL_SYSTICK_CLKSourceConfig
 .text.HAL_SYSTICK_Callback
                0x08001888        0x4 Drivers/STM32F4xx_HAL_Driver/stm32f4xx_hal_cortex.o
                0x08001888                HAL_SYSTICK_Callback
 .text.HAL_SYSTICK_IRQHandler
                0x0800188c        0x8 Drivers/STM32F4xx_HAL_Driver/stm32f4xx_hal_cortex.o
                0x0800188c                HAL_SYSTICK_IRQHandler
 .text.HAL_DAC_Init
                0x08001894       0x28 Drivers/STM32F4xx_HAL_Driver/stm32f4xx_hal_dac.o
                0x08001894                HAL_DAC_Init
 .text.HAL_DAC_Start
                0x080018bc       0x70 Drivers/STM32F4xx_HAL_Driver/stm32f4xx_hal_dac.o
                0x080018bc                HAL_DAC_Start
 .text.HAL_DAC_DMAUnderrunCallbackCh1
                0x0800192c        0x4 Drivers/STM32F4xx_HAL_Driver/stm32f4xx_hal_dac.o
                0x0800192c                HAL_DAC_DMAUnderrunCallbackCh1
 .text.HAL_DAC_IRQHandler
                0x08001930       0x5c Drivers/STM32F4xx_HAL_Driver/stm32f4xx_hal_dac.o
                0x08001930                HAL_DAC_IRQHandler
 .text.HAL_DAC_ConfigChannel
                0x0800198c       0x4c Drivers/STM32F4xx_HAL_Driver/stm32f4xx_hal_dac.o
                0x0800198c                HAL_DAC_ConfigChannel
 .text.HAL_DAC_SetValue
                0x080019d8       0x30 Drivers/STM32F4xx_HAL_Driver/stm32f4xx_hal_dac.o
                0x080019d8                HAL_DAC_SetValue
 .text.HAL_DACEx_DMAUnderrunCallbackCh2
                0x08001a08        0x4 Drivers/STM32F4xx_HAL_Driver/stm32f4xx_hal_dac_ex.o
                0x08001a08                HAL_DACEx_DMAUnderrunCallbackCh2
 .text.HAL_DMA_Abort_IT
                0x08001a0c       0x28 Drivers/STM32F4xx_HAL_Driver/stm32f4xx_hal_dma.o
                0x08001a0c                HAL_DMA_Abort_IT
 .text.HAL_GPIO_Init
                0x08001a34      0x1c0 Drivers/STM32F4xx_HAL_Driver/stm32f4xx_hal_gpio.o
                0x08001a34                HAL_GPIO_Init
 .text.HAL_GPIO_WritePin
                0x08001bf4        0xc Drivers/STM32F4xx_HAL_Driver/stm32f4xx_hal_gpio.o
                0x08001bf4                HAL_GPIO_WritePin
 .text.HAL_RCC_OscConfig
                0x08001c00      0x3c8 Drivers/STM32F4xx_HAL_Driver/stm32f4xx_hal_rcc.o
                0x08001c00                HAL_RCC_OscConfig
 .text.HAL_RCC_GetSysClockFreq
                0x08001fc8       0xa4 Drivers/STM32F4xx_HAL_Driver/stm32f4xx_hal_rcc.o
                0x08001fc8                HAL_RCC_GetSysClockFreq
 .text.HAL_RCC_ClockConfig
                0x0800206c      0x1b0 Drivers/STM32F4xx_HAL_Driver/stm32f4xx_hal_rcc.o
                0x0800206c                HAL_RCC_ClockConfig
 .text.HAL_RCC_GetHCLKFreq
                0x0800221c        0xc Drivers/STM32F4xx_HAL_Driver/stm32f4xx_hal_rcc.o
                0x0800221c                HAL_RCC_GetHCLKFreq
 .text.HAL_RCC_GetPCLK1Freq
                0x08002228       0x30 Drivers/STM32F4xx_HAL_Driver/stm32f4xx_hal_rcc.o
                0x08002228                HAL_RCC_GetPCLK1Freq
 .text.HAL_RCC_GetPCLK2Freq
                0x08002258       0x30 Drivers/STM32F4xx_HAL_Driver/stm32f4xx_hal_rcc.o
                0x08002258                HAL_RCC_GetPCLK2Freq
 .text.TIM_OC1_SetConfig
                0x08002288       0x68 Drivers/STM32F4xx_HAL_Driver/stm32f4xx_hal_tim.o
 .text.TIM_OC3_SetConfig
                0x080022f0       0x6c Drivers/STM32F4xx_HAL_Driver/stm32f4xx_hal_tim.o
 .text.TIM_OC4_SetConfig
                0x0800235c       0x5c Drivers/STM32F4xx_HAL_Driver/stm32f4xx_hal_tim.o
 .text.HAL_TIM_Base_Start_IT
                0x080023b8       0x18 Drivers/STM32F4xx_HAL_Driver/stm32f4xx_hal_tim.o
                0x080023b8                HAL_TIM_Base_Start_IT
 .text.HAL_TIM_OC_MspInit
                0x080023d0        0x4 Drivers/STM32F4xx_HAL_Driver/stm32f4xx_hal_tim.o
                0x080023d0                HAL_TIM_OC_MspInit
 .text.HAL_TIM_OC_DelayElapsedCallback
                0x080023d4        0x4 Drivers/STM32F4xx_HAL_Driver/stm32f4xx_hal_tim.o
                0x080023d4                HAL_TIM_OC_DelayElapsedCallback
 .text.HAL_TIM_IC_CaptureCallback
                0x080023d8        0x4 Drivers/STM32F4xx_HAL_Driver/stm32f4xx_hal_tim.o
                0x080023d8                HAL_TIM_IC_CaptureCallback
 .text.HAL_TIM_PWM_PulseFinishedCallback
                0x080023dc        0x4 Drivers/STM32F4xx_HAL_Driver/stm32f4xx_hal_tim.o
                0x080023dc                HAL_TIM_PWM_PulseFinishedCallback
 .text.HAL_TIM_TriggerCallback
                0x080023e0        0x4 Drivers/STM32F4xx_HAL_Driver/stm32f4xx_hal_tim.o
                0x080023e0                HAL_TIM_TriggerCallback
 .text.HAL_TIM_IRQHandler
                0x080023e4      0x174 Drivers/STM32F4xx_HAL_Driver/stm32f4xx_hal_tim.o
                0x080023e4                HAL_TIM_IRQHandler
 .text.TIM_Base_SetConfig
                0x08002558      0x11c Drivers/STM32F4xx_HAL_Driver/stm32f4xx_hal_tim.o
                0x08002558                TIM_Base_SetConfig
 .text.HAL_TIM_Base_Init
                0x08002674       0x38 Drivers/STM32F4xx_HAL_Driver/stm32f4xx_hal_tim.o
                0x08002674                HAL_TIM_Base_Init
 .text.HAL_TIM_OC_Init
                0x080026ac       0x38 Drivers/STM32F4xx_HAL_Driver/stm32f4xx_hal_tim.o
                0x080026ac                HAL_TIM_OC_Init
 .text.TIM_OC2_SetConfig
                0x080026e4       0x70 Drivers/STM32F4xx_HAL_Driver/stm32f4xx_hal_tim.o
                0x080026e4                TIM_OC2_SetConfig
 .text.HAL_TIM_OC_ConfigChannel
                0x08002754       0x60 Drivers/STM32F4xx_HAL_Driver/stm32f4xx_hal_tim.o
                0x08002754                HAL_TIM_OC_ConfigChannel
 .text.HAL_TIMEx_MasterConfigSynchronization
                0x080027b4       0x54 Drivers/STM32F4xx_HAL_Driver/stm32f4xx_hal_tim_ex.o
                0x080027b4                HAL_TIMEx_MasterConfigSynchronization
 .text.HAL_TIMEx_CommutationCallback
                0x08002808        0x4 Drivers/STM32F4xx_HAL_Driver/stm32f4xx_hal_tim_ex.o
                0x08002808                HAL_TIMEx_CommutationCallback
 .text.HAL_TIMEx_BreakCallback
                0x0800280c        0x4 Drivers/STM32F4xx_HAL_Driver/stm32f4xx_hal_tim_ex.o
                0x0800280c                HAL_TIMEx_BreakCallback
 .text.UART_EndRxTransfer
                0x08002810       0x1c Drivers/STM32F4xx_HAL_Driver/stm32f4xx_hal_uart.o
 .text.UART_Transmit_IT
                0x0800282c       0x6c Drivers/STM32F4xx_HAL_Driver/stm32f4xx_hal_uart.o
 .text.UART_SetConfig
                0x08002898      0x32c Drivers/STM32F4xx_HAL_Driver/stm32f4xx_hal_uart.o
 .text.HAL_UART_Init
                0x08002bc4       0x64 Drivers/STM32F4xx_HAL_Driver/stm32f4xx_hal_uart.o
                0x08002bc4                HAL_UART_Init
 .text.HAL_UART_Transmit_IT
                0x08002c28       0x48 Drivers/STM32F4xx_HAL_Driver/stm32f4xx_hal_uart.o
                0x08002c28                HAL_UART_Transmit_IT
 .text.HAL_UART_Receive_IT
                0x08002c70       0x54 Drivers/STM32F4xx_HAL_Driver/stm32f4xx_hal_uart.o
                0x08002c70                HAL_UART_Receive_IT
 .text.HAL_UART_TxCpltCallback
                0x08002cc4        0x4 Drivers/STM32F4xx_HAL_Driver/stm32f4xx_hal_uart.o
                0x08002cc4                HAL_UART_TxCpltCallback
 .text.UART_EndTransmit_IT
                0x08002cc8       0x1c Drivers/STM32F4xx_HAL_Driver/stm32f4xx_hal_uart.o
 .text.UART_Receive_IT
                0x08002ce4       0x94 Drivers/STM32F4xx_HAL_Driver/stm32f4xx_hal_uart.o
 .text.HAL_UART_ErrorCallback
                0x08002d78        0x4 Drivers/STM32F4xx_HAL_Driver/stm32f4xx_hal_uart.o
                0x08002d78                HAL_UART_ErrorCallback
 .text.HAL_UART_IRQHandler
                0x08002d7c      0x11c Drivers/STM32F4xx_HAL_Driver/stm32f4xx_hal_uart.o
                0x08002d7c                HAL_UART_IRQHandler
 .text.UART_DMAAbortOnError
                0x08002e98       0x10 Drivers/STM32F4xx_HAL_Driver/stm32f4xx_hal_uart.o
 .text.atoi     0x08002ea8        0x8 c:/eclipse mars_c/eclipse/plugins/fr.ac6.mcu.externaltools.arm-none.win32_1.13.2.201703061525/tools/compiler/bin/../lib/gcc/arm-none-eabi/5.4.1/../../../../arm-none-eabi/lib/armv7e-m/fpu\libc_nano.a(lib_a-atoi.o)
                0x08002ea8                atoi
 .text.calloc   0x08002eb0       0x10 c:/eclipse mars_c/eclipse/plugins/fr.ac6.mcu.externaltools.arm-none.win32_1.13.2.201703061525/tools/compiler/bin/../lib/gcc/arm-none-eabi/5.4.1/../../../../arm-none-eabi/lib/armv7e-m/fpu\libc_nano.a(lib_a-calloc.o)
                0x08002eb0                calloc
 .text.__libc_init_array
                0x08002ec0       0x4c c:/eclipse mars_c/eclipse/plugins/fr.ac6.mcu.externaltools.arm-none.win32_1.13.2.201703061525/tools/compiler/bin/../lib/gcc/arm-none-eabi/5.4.1/../../../../arm-none-eabi/lib/armv7e-m/fpu\libc_nano.a(lib_a-init.o)
                0x08002ec0                __libc_init_array
 .text.memset   0x08002f0c       0x10 c:/eclipse mars_c/eclipse/plugins/fr.ac6.mcu.externaltools.arm-none.win32_1.13.2.201703061525/tools/compiler/bin/../lib/gcc/arm-none-eabi/5.4.1/../../../../arm-none-eabi/lib/armv7e-m/fpu\libc_nano.a(lib_a-memset.o)
                0x08002f0c                memset
 .text._calloc_r
                0x08002f1c       0x1c c:/eclipse mars_c/eclipse/plugins/fr.ac6.mcu.externaltools.arm-none.win32_1.13.2.201703061525/tools/compiler/bin/../lib/gcc/arm-none-eabi/5.4.1/../../../../arm-none-eabi/lib/armv7e-m/fpu\libc_nano.a(lib_a-nano-callocr.o)
                0x08002f1c                _calloc_r
 .text._malloc_r
                0x08002f38       0xbc c:/eclipse mars_c/eclipse/plugins/fr.ac6.mcu.externaltools.arm-none.win32_1.13.2.201703061525/tools/compiler/bin/../lib/gcc/arm-none-eabi/5.4.1/../../../../arm-none-eabi/lib/armv7e-m/fpu\libc_nano.a(lib_a-nano-mallocr.o)
                0x08002f38                _malloc_r
 .text._sbrk_r  0x08002ff4       0x20 c:/eclipse mars_c/eclipse/plugins/fr.ac6.mcu.externaltools.arm-none.win32_1.13.2.201703061525/tools/compiler/bin/../lib/gcc/arm-none-eabi/5.4.1/../../../../arm-none-eabi/lib/armv7e-m/fpu\libc_nano.a(lib_a-sbrkr.o)
                0x08002ff4                _sbrk_r
 .text.sprintf  0x08003014       0x48 c:/eclipse mars_c/eclipse/plugins/fr.ac6.mcu.externaltools.arm-none.win32_1.13.2.201703061525/tools/compiler/bin/../lib/gcc/arm-none-eabi/5.4.1/../../../../arm-none-eabi/lib/armv7e-m/fpu\libc_nano.a(lib_a-sprintf.o)
                0x08003014                siprintf
                0x08003014                sprintf
 .text._strtol_l.isra.0
                0x0800305c      0x110 c:/eclipse mars_c/eclipse/plugins/fr.ac6.mcu.externaltools.arm-none.win32_1.13.2.201703061525/tools/compiler/bin/../lib/gcc/arm-none-eabi/5.4.1/../../../../arm-none-eabi/lib/armv7e-m/fpu\libc_nano.a(lib_a-strtol.o)
 .text.strtol   0x0800316c       0x2c c:/eclipse mars_c/eclipse/plugins/fr.ac6.mcu.externaltools.arm-none.win32_1.13.2.201703061525/tools/compiler/bin/../lib/gcc/arm-none-eabi/5.4.1/../../../../arm-none-eabi/lib/armv7e-m/fpu\libc_nano.a(lib_a-strtol.o)
                0x0800316c                strtol
 .text.__locale_ctype_ptr_l
                0x08003198        0x6 c:/eclipse mars_c/eclipse/plugins/fr.ac6.mcu.externaltools.arm-none.win32_1.13.2.201703061525/tools/compiler/bin/../lib/gcc/arm-none-eabi/5.4.1/../../../../arm-none-eabi/lib/armv7e-m/fpu\libc_nano.a(lib_a-locale.o)
                0x08003198                __locale_ctype_ptr_l
 .text.__ascii_mbtowc
                0x0800319e       0x24 c:/eclipse mars_c/eclipse/plugins/fr.ac6.mcu.externaltools.arm-none.win32_1.13.2.201703061525/tools/compiler/bin/../lib/gcc/arm-none-eabi/5.4.1/../../../../arm-none-eabi/lib/armv7e-m/fpu\libc_nano.a(lib_a-mbtowc_r.o)
                0x0800319e                __ascii_mbtowc
 .text.__malloc_lock
                0x080031c2        0x2 c:/eclipse mars_c/eclipse/plugins/fr.ac6.mcu.externaltools.arm-none.win32_1.13.2.201703061525/tools/compiler/bin/../lib/gcc/arm-none-eabi/5.4.1/../../../../arm-none-eabi/lib/armv7e-m/fpu\libc_nano.a(lib_a-mlock.o)
                0x080031c2                __malloc_lock
 .text.__malloc_unlock
                0x080031c4        0x2 c:/eclipse mars_c/eclipse/plugins/fr.ac6.mcu.externaltools.arm-none.win32_1.13.2.201703061525/tools/compiler/bin/../lib/gcc/arm-none-eabi/5.4.1/../../../../arm-none-eabi/lib/armv7e-m/fpu\libc_nano.a(lib_a-mlock.o)
                0x080031c4                __malloc_unlock
 .text.__ssputs_r
                0x080031c6       0xb2 c:/eclipse mars_c/eclipse/plugins/fr.ac6.mcu.externaltools.arm-none.win32_1.13.2.201703061525/tools/compiler/bin/../lib/gcc/arm-none-eabi/5.4.1/../../../../arm-none-eabi/lib/armv7e-m/fpu\libc_nano.a(lib_a-nano-svfprintf.o)
                0x080031c6                __ssputs_r
 .text._svfprintf_r
                0x08003278      0x1e8 c:/eclipse mars_c/eclipse/plugins/fr.ac6.mcu.externaltools.arm-none.win32_1.13.2.201703061525/tools/compiler/bin/../lib/gcc/arm-none-eabi/5.4.1/../../../../arm-none-eabi/lib/armv7e-m/fpu\libc_nano.a(lib_a-nano-svfprintf.o)
                0x08003278                _svfiprintf_r
                0x08003278                _svfprintf_r
 .text._printf_common
                0x08003460       0xec c:/eclipse mars_c/eclipse/plugins/fr.ac6.mcu.externaltools.arm-none.win32_1.13.2.201703061525/tools/compiler/bin/../lib/gcc/arm-none-eabi/5.4.1/../../../../arm-none-eabi/lib/armv7e-m/fpu\libc_nano.a(lib_a-nano-vfprintf_i.o)
                0x08003460                _printf_common
 .text._printf_i
                0x0800354c      0x24c c:/eclipse mars_c/eclipse/plugins/fr.ac6.mcu.externaltools.arm-none.win32_1.13.2.201703061525/tools/compiler/bin/../lib/gcc/arm-none-eabi/5.4.1/../../../../arm-none-eabi/lib/armv7e-m/fpu\libc_nano.a(lib_a-nano-vfprintf_i.o)
                0x0800354c                _printf_i
 .text.__ascii_wctomb
                0x08003798       0x1a c:/eclipse mars_c/eclipse/plugins/fr.ac6.mcu.externaltools.arm-none.win32_1.13.2.201703061525/tools/compiler/bin/../lib/gcc/arm-none-eabi/5.4.1/../../../../arm-none-eabi/lib/armv7e-m/fpu\libc_nano.a(lib_a-wctomb_r.o)
                0x08003798                __ascii_wctomb
 .text.memcpy   0x080037b2       0x16 c:/eclipse mars_c/eclipse/plugins/fr.ac6.mcu.externaltools.arm-none.win32_1.13.2.201703061525/tools/compiler/bin/../lib/gcc/arm-none-eabi/5.4.1/../../../../arm-none-eabi/lib/armv7e-m/fpu\libc_nano.a(lib_a-memcpy-stub.o)
                0x080037b2                memcpy
 .text.memmove  0x080037c8       0x36 c:/eclipse mars_c/eclipse/plugins/fr.ac6.mcu.externaltools.arm-none.win32_1.13.2.201703061525/tools/compiler/bin/../lib/gcc/arm-none-eabi/5.4.1/../../../../arm-none-eabi/lib/armv7e-m/fpu\libc_nano.a(lib_a-memmove.o)
                0x080037c8                memmove
 *fill*         0x080037fe        0x2 
 .text._free_r  0x08003800       0x9c c:/eclipse mars_c/eclipse/plugins/fr.ac6.mcu.externaltools.arm-none.win32_1.13.2.201703061525/tools/compiler/bin/../lib/gcc/arm-none-eabi/5.4.1/../../../../arm-none-eabi/lib/armv7e-m/fpu\libc_nano.a(lib_a-nano-freer.o)
                0x08003800                _free_r
 .text._realloc_r
                0x0800389c       0x4c c:/eclipse mars_c/eclipse/plugins/fr.ac6.mcu.externaltools.arm-none.win32_1.13.2.201703061525/tools/compiler/bin/../lib/gcc/arm-none-eabi/5.4.1/../../../../arm-none-eabi/lib/armv7e-m/fpu\libc_nano.a(lib_a-nano-reallocr.o)
                0x0800389c                _realloc_r
 .text._malloc_usable_size_r
                0x080038e8       0x14 c:/eclipse mars_c/eclipse/plugins/fr.ac6.mcu.externaltools.arm-none.win32_1.13.2.201703061525/tools/compiler/bin/../lib/gcc/arm-none-eabi/5.4.1/../../../../arm-none-eabi/lib/armv7e-m/fpu\libc_nano.a(lib_a-nano-msizer.o)
                0x080038e8                _malloc_usable_size_r
 .text._sbrk    0x080038fc       0x1c c:/eclipse mars_c/eclipse/plugins/fr.ac6.mcu.externaltools.arm-none.win32_1.13.2.201703061525/tools/compiler/bin/../lib/gcc/arm-none-eabi/5.4.1/../../../../arm-none-eabi/lib/armv7e-m/fpu\libnosys.a(sbrk.o)
                0x080038fc                _sbrk
 *(.glue_7)
 .glue_7        0x08003918        0x0 linker stubs
 *(.glue_7t)
 .glue_7t       0x08003918        0x0 linker stubs
 *(.eh_frame)
 .eh_frame      0x08003918        0x0 c:/eclipse mars_c/eclipse/plugins/fr.ac6.mcu.externaltools.arm-none.win32_1.13.2.201703061525/tools/compiler/bin/../lib/gcc/arm-none-eabi/5.4.1/armv7e-m/fpu/crtbegin.o
 *(.init)
 .init          0x08003918        0x4 c:/eclipse mars_c/eclipse/plugins/fr.ac6.mcu.externaltools.arm-none.win32_1.13.2.201703061525/tools/compiler/bin/../lib/gcc/arm-none-eabi/5.4.1/armv7e-m/fpu/crti.o
                0x08003918                _init
 .init          0x0800391c        0x8 c:/eclipse mars_c/eclipse/plugins/fr.ac6.mcu.externaltools.arm-none.win32_1.13.2.201703061525/tools/compiler/bin/../lib/gcc/arm-none-eabi/5.4.1/armv7e-m/fpu/crtn.o
 *(.fini)
 .fini          0x08003924        0x4 c:/eclipse mars_c/eclipse/plugins/fr.ac6.mcu.externaltools.arm-none.win32_1.13.2.201703061525/tools/compiler/bin/../lib/gcc/arm-none-eabi/5.4.1/armv7e-m/fpu/crti.o
                0x08003924                _fini
 .fini          0x08003928        0x8 c:/eclipse mars_c/eclipse/plugins/fr.ac6.mcu.externaltools.arm-none.win32_1.13.2.201703061525/tools/compiler/bin/../lib/gcc/arm-none-eabi/5.4.1/armv7e-m/fpu/crtn.o
                0x08003930                . = ALIGN (0x4)
                0x08003930                _etext = .

.vfp11_veneer   0x08003930        0x0
 .vfp11_veneer  0x08003930        0x0 linker stubs

.v4_bx          0x08003930        0x0
 .v4_bx         0x08003930        0x0 linker stubs

.iplt           0x08003930        0x0
 .iplt          0x08003930        0x0 c:/eclipse mars_c/eclipse/plugins/fr.ac6.mcu.externaltools.arm-none.win32_1.13.2.201703061525/tools/compiler/bin/../lib/gcc/arm-none-eabi/5.4.1/armv7e-m/fpu/crtbegin.o

.rodata         0x08003930      0x758
                0x08003930                . = ALIGN (0x4)
 *(.rodata)
 .rodata        0x08003930      0x5a4 Application/User/main.o
                0x08003930                cosTable
                0x08003ed0                tp
 .rodata        0x08003ed4       0x18 Drivers/CMSIS/system_stm32f4xx.o
                0x08003ed4                AHBPrescTable
                0x08003ee4                APBPrescTable
 *(.rodata*)
 .rodata.str1.4
                0x08003eec       0x5c Application/User/main.o
                                 0x5a (size before relaxing)
 .rodata.str1.1
                0x08003f48        0xa c:/eclipse mars_c/eclipse/plugins/fr.ac6.mcu.externaltools.arm-none.win32_1.13.2.201703061525/tools/compiler/bin/../lib/gcc/arm-none-eabi/5.4.1/../../../../arm-none-eabi/lib/armv7e-m/fpu\libc_nano.a(lib_a-locale.o)
                                  0xb (size before relaxing)
 .rodata.str1.1
                0x08003f52       0x11 c:/eclipse mars_c/eclipse/plugins/fr.ac6.mcu.externaltools.arm-none.win32_1.13.2.201703061525/tools/compiler/bin/../lib/gcc/arm-none-eabi/5.4.1/../../../../arm-none-eabi/lib/armv7e-m/fpu\libc_nano.a(lib_a-nano-svfprintf.o)
 .rodata.str1.1
                0x08003f63       0x22 c:/eclipse mars_c/eclipse/plugins/fr.ac6.mcu.externaltools.arm-none.win32_1.13.2.201703061525/tools/compiler/bin/../lib/gcc/arm-none-eabi/5.4.1/../../../../arm-none-eabi/lib/armv7e-m/fpu\libc_nano.a(lib_a-nano-vfprintf_i.o)
 .rodata._ctype_
                0x08003f85      0x101 c:/eclipse mars_c/eclipse/plugins/fr.ac6.mcu.externaltools.arm-none.win32_1.13.2.201703061525/tools/compiler/bin/../lib/gcc/arm-none-eabi/5.4.1/../../../../arm-none-eabi/lib/armv7e-m/fpu\libc_nano.a(lib_a-ctype_.o)
                0x08003f85                _ctype_
                0x08004088                . = ALIGN (0x4)
 *fill*         0x08004086        0x2 

.rel.dyn        0x08004088        0x0
 .rel.iplt      0x08004088        0x0 c:/eclipse mars_c/eclipse/plugins/fr.ac6.mcu.externaltools.arm-none.win32_1.13.2.201703061525/tools/compiler/bin/../lib/gcc/arm-none-eabi/5.4.1/armv7e-m/fpu/crtbegin.o

.ARM.extab
 *(.ARM.extab* .gnu.linkonce.armextab.*)

.ARM            0x08004088        0x0
                0x08004088                __exidx_start = .
 *(.ARM.exidx*)
                0x08004088                __exidx_end = .

.preinit_array  0x08004088        0x0
                0x08004088                PROVIDE (__preinit_array_start, .)
 *(.preinit_array*)
                0x08004088                PROVIDE (__preinit_array_end, .)

.init_array     0x08004088        0x4
                0x08004088                PROVIDE (__init_array_start, .)
 *(SORT(.init_array.*))
 *(.init_array*)
 .init_array    0x08004088        0x4 c:/eclipse mars_c/eclipse/plugins/fr.ac6.mcu.externaltools.arm-none.win32_1.13.2.201703061525/tools/compiler/bin/../lib/gcc/arm-none-eabi/5.4.1/armv7e-m/fpu/crtbegin.o
                0x0800408c                PROVIDE (__init_array_end, .)

.fini_array     0x0800408c        0x4
                [!provide]                PROVIDE (__fini_array_start, .)
 *(SORT(.fini_array.*))
 *(.fini_array*)
 .fini_array    0x0800408c        0x4 c:/eclipse mars_c/eclipse/plugins/fr.ac6.mcu.externaltools.arm-none.win32_1.13.2.201703061525/tools/compiler/bin/../lib/gcc/arm-none-eabi/5.4.1/armv7e-m/fpu/crtbegin.o
                [!provide]                PROVIDE (__fini_array_end, .)
                0x08004090                _sidata = LOADADDR (.data)

.data           0x20000000      0x1e0 load address 0x08004090
                0x20000000                . = ALIGN (0x4)
                0x20000000                _sdata = .
 *(.data)
 .data          0x20000000        0xc Application/User/main.o
                0x20000008                r_size
 .data          0x2000000c        0x4 Drivers/CMSIS/system_stm32f4xx.o
                0x2000000c                SystemCoreClock
 *(.data*)
 .data.impure_data
                0x20000010       0x60 c:/eclipse mars_c/eclipse/plugins/fr.ac6.mcu.externaltools.arm-none.win32_1.13.2.201703061525/tools/compiler/bin/../lib/gcc/arm-none-eabi/5.4.1/../../../../arm-none-eabi/lib/armv7e-m/fpu\libc_nano.a(lib_a-impure.o)
 .data._impure_ptr
                0x20000070        0x4 c:/eclipse mars_c/eclipse/plugins/fr.ac6.mcu.externaltools.arm-none.win32_1.13.2.201703061525/tools/compiler/bin/../lib/gcc/arm-none-eabi/5.4.1/../../../../arm-none-eabi/lib/armv7e-m/fpu\libc_nano.a(lib_a-impure.o)
                0x20000070                _impure_ptr
 .data.__global_locale
                0x20000074      0x16c c:/eclipse mars_c/eclipse/plugins/fr.ac6.mcu.externaltools.arm-none.win32_1.13.2.201703061525/tools/compiler/bin/../lib/gcc/arm-none-eabi/5.4.1/../../../../arm-none-eabi/lib/armv7e-m/fpu\libc_nano.a(lib_a-locale.o)
                0x20000074                __global_locale
                0x200001e0                . = ALIGN (0x4)
                0x200001e0                _edata = .
                0x08004270                _siccmram = LOADADDR (.ccmram)

.jcr            0x200001e0        0x0 load address 0x08004270
 .jcr           0x200001e0        0x0 c:/eclipse mars_c/eclipse/plugins/fr.ac6.mcu.externaltools.arm-none.win32_1.13.2.201703061525/tools/compiler/bin/../lib/gcc/arm-none-eabi/5.4.1/armv7e-m/fpu/crtbegin.o

.igot.plt       0x200001e0        0x0 load address 0x08004270
 .igot.plt      0x200001e0        0x0 c:/eclipse mars_c/eclipse/plugins/fr.ac6.mcu.externaltools.arm-none.win32_1.13.2.201703061525/tools/compiler/bin/../lib/gcc/arm-none-eabi/5.4.1/armv7e-m/fpu/crtbegin.o

.ccmram         0x10000000        0x0 load address 0x08004270
                0x10000000                . = ALIGN (0x4)
                0x10000000                _sccmram = .
 *(.ccmram)
 *(.ccmram*)
                0x10000000                . = ALIGN (0x4)
                0x10000000                _eccmram = .
                0x10000000                . = ALIGN (0x4)

.bss            0x200001e0     0x20a8
                0x200001e0                _sbss = .
                0x200001e0                __bss_start__ = _sbss
 *(.bss)
 .bss           0x200001e0       0x1c c:/eclipse mars_c/eclipse/plugins/fr.ac6.mcu.externaltools.arm-none.win32_1.13.2.201703061525/tools/compiler/bin/../lib/gcc/arm-none-eabi/5.4.1/armv7e-m/fpu/crtbegin.o
 *fill*         0x200001fc        0x4 
 .bss           0x20000200       0x48 Application/User/main.o
                0x20000200                output
                0x20000204                out
                0x20000210                freqTab
                0x20000214                phaseTab
                0x20000218                ampTab
                0x2000021c                MAX
                0x20000228                freqTabRT
                0x2000022c                freq
                0x20000230                ampTabRT
                0x20000234                phaseTabRT
                0x20000238                freqTabTemp
                0x2000023c                ampTabTemp
                0x20000240                phaseTabTemp
                0x20000244                blad
 *(.bss*)
 .bss.__malloc_sbrk_start
                0x20000248        0x4 c:/eclipse mars_c/eclipse/plugins/fr.ac6.mcu.externaltools.arm-none.win32_1.13.2.201703061525/tools/compiler/bin/../lib/gcc/arm-none-eabi/5.4.1/../../../../arm-none-eabi/lib/armv7e-m/fpu\libc_nano.a(lib_a-nano-mallocr.o)
                0x20000248                __malloc_sbrk_start
 .bss.__malloc_free_list
                0x2000024c        0x4 c:/eclipse mars_c/eclipse/plugins/fr.ac6.mcu.externaltools.arm-none.win32_1.13.2.201703061525/tools/compiler/bin/../lib/gcc/arm-none-eabi/5.4.1/../../../../arm-none-eabi/lib/armv7e-m/fpu\libc_nano.a(lib_a-nano-mallocr.o)
                0x2000024c                __malloc_free_list
 .bss.heap_end.4169
                0x20000250        0x4 c:/eclipse mars_c/eclipse/plugins/fr.ac6.mcu.externaltools.arm-none.win32_1.13.2.201703061525/tools/compiler/bin/../lib/gcc/arm-none-eabi/5.4.1/../../../../arm-none-eabi/lib/armv7e-m/fpu\libnosys.a(sbrk.o)
 *(COMMON)
 COMMON         0x20000254     0x202c Application/User/main.o
                0x20000254                Received
                0x20000258                wsp_a
                0x2000025c                vv
                0x20000260                bb
                0x20000264                aa
                0x20000268                wsp_b
                0x2000026c                cos
                0x20000270                htim11
                0x200002ac                hdac
                0x200002c0                htim6
                0x200002fc                licznik
                0x20000300                ReceivedTab
                0x20002240                huart2
 COMMON         0x20002280        0x4 Drivers/STM32F4xx_HAL_Driver/stm32f4xx_hal.o
                0x20002280                uwTick
 COMMON         0x20002284        0x4 c:/eclipse mars_c/eclipse/plugins/fr.ac6.mcu.externaltools.arm-none.win32_1.13.2.201703061525/tools/compiler/bin/../lib/gcc/arm-none-eabi/5.4.1/../../../../arm-none-eabi/lib/armv7e-m/fpu\libc_nano.a(lib_a-reent.o)
                0x20002284                errno
                0x20002288                . = ALIGN (0x4)
                0x20002288                _ebss = .
                0x20002288                __bss_end__ = _ebss

._user_heap_stack
                0x20002288      0x600
                0x20002288                . = ALIGN (0x8)
                0x20002288                PROVIDE (end, .)
                [!provide]                PROVIDE (_end, .)
                0x20002488                . = (. + _Min_Heap_Size)
 *fill*         0x20002288      0x200 
                0x20002888                . = (. + _Min_Stack_Size)
 *fill*         0x20002488      0x400 
                0x20002888                . = ALIGN (0x8)

/DISCARD/
 libc.a(*)
 libm.a(*)
 libgcc.a(*)

.ARM.attributes
                0x00000000       0x30
 *(.ARM.attributes)
 .ARM.attributes
                0x00000000       0x22 c:/eclipse mars_c/eclipse/plugins/fr.ac6.mcu.externaltools.arm-none.win32_1.13.2.201703061525/tools/compiler/bin/../lib/gcc/arm-none-eabi/5.4.1/armv7e-m/fpu/crti.o
 .ARM.attributes
                0x00000022       0x34 c:/eclipse mars_c/eclipse/plugins/fr.ac6.mcu.externaltools.arm-none.win32_1.13.2.201703061525/tools/compiler/bin/../lib/gcc/arm-none-eabi/5.4.1/armv7e-m/fpu/crtbegin.o
 .ARM.attributes
                0x00000056       0x21 Application/SW4STM32/startup_stm32f407xx.o
 .ARM.attributes
                0x00000077       0x39 Application/User/main.o
 .ARM.attributes
                0x000000b0       0x39 Application/User/stm32f4xx_hal_msp.o
 .ARM.attributes
                0x000000e9       0x39 Application/User/stm32f4xx_it.o
 .ARM.attributes
                0x00000122       0x39 Drivers/CMSIS/system_stm32f4xx.o
 .ARM.attributes
                0x0000015b       0x39 Drivers/STM32F4xx_HAL_Driver/stm32f4xx_hal.o
 .ARM.attributes
                0x00000194       0x39 Drivers/STM32F4xx_HAL_Driver/stm32f4xx_hal_cortex.o
 .ARM.attributes
                0x000001cd       0x39 Drivers/STM32F4xx_HAL_Driver/stm32f4xx_hal_dac.o
 .ARM.attributes
                0x00000206       0x39 Drivers/STM32F4xx_HAL_Driver/stm32f4xx_hal_dac_ex.o
 .ARM.attributes
                0x0000023f       0x39 Drivers/STM32F4xx_HAL_Driver/stm32f4xx_hal_dma.o
 .ARM.attributes
                0x00000278       0x39 Drivers/STM32F4xx_HAL_Driver/stm32f4xx_hal_gpio.o
 .ARM.attributes
                0x000002b1       0x39 Drivers/STM32F4xx_HAL_Driver/stm32f4xx_hal_rcc.o
 .ARM.attributes
                0x000002ea       0x39 Drivers/STM32F4xx_HAL_Driver/stm32f4xx_hal_tim.o
 .ARM.attributes
                0x00000323       0x39 Drivers/STM32F4xx_HAL_Driver/stm32f4xx_hal_tim_ex.o
 .ARM.attributes
                0x0000035c       0x39 Drivers/STM32F4xx_HAL_Driver/stm32f4xx_hal_uart.o
 .ARM.attributes
                0x00000395       0x22 c:/eclipse mars_c/eclipse/plugins/fr.ac6.mcu.externaltools.arm-none.win32_1.13.2.201703061525/tools/compiler/bin/../lib/gcc/arm-none-eabi/5.4.1/armv7e-m/fpu\libgcc.a(_arm_addsubdf3.o)
 .ARM.attributes
                0x000003b7       0x22 c:/eclipse mars_c/eclipse/plugins/fr.ac6.mcu.externaltools.arm-none.win32_1.13.2.201703061525/tools/compiler/bin/../lib/gcc/arm-none-eabi/5.4.1/armv7e-m/fpu\libgcc.a(_arm_muldivdf3.o)
 .ARM.attributes
                0x000003d9       0x22 c:/eclipse mars_c/eclipse/plugins/fr.ac6.mcu.externaltools.arm-none.win32_1.13.2.201703061525/tools/compiler/bin/../lib/gcc/arm-none-eabi/5.4.1/armv7e-m/fpu\libgcc.a(_arm_fixdfsi.o)
 .ARM.attributes
                0x000003fb       0x22 c:/eclipse mars_c/eclipse/plugins/fr.ac6.mcu.externaltools.arm-none.win32_1.13.2.201703061525/tools/compiler/bin/../lib/gcc/arm-none-eabi/5.4.1/armv7e-m/fpu\libgcc.a(_arm_addsubsf3.o)
 .ARM.attributes
                0x0000041d       0x34 c:/eclipse mars_c/eclipse/plugins/fr.ac6.mcu.externaltools.arm-none.win32_1.13.2.201703061525/tools/compiler/bin/../lib/gcc/arm-none-eabi/5.4.1/../../../../arm-none-eabi/lib/armv7e-m/fpu\libc_nano.a(lib_a-atoi.o)
 .ARM.attributes
                0x00000451       0x34 c:/eclipse mars_c/eclipse/plugins/fr.ac6.mcu.externaltools.arm-none.win32_1.13.2.201703061525/tools/compiler/bin/../lib/gcc/arm-none-eabi/5.4.1/../../../../arm-none-eabi/lib/armv7e-m/fpu\libc_nano.a(lib_a-calloc.o)
 .ARM.attributes
                0x00000485       0x34 c:/eclipse mars_c/eclipse/plugins/fr.ac6.mcu.externaltools.arm-none.win32_1.13.2.201703061525/tools/compiler/bin/../lib/gcc/arm-none-eabi/5.4.1/../../../../arm-none-eabi/lib/armv7e-m/fpu\libc_nano.a(lib_a-impure.o)
 .ARM.attributes
                0x000004b9       0x34 c:/eclipse mars_c/eclipse/plugins/fr.ac6.mcu.externaltools.arm-none.win32_1.13.2.201703061525/tools/compiler/bin/../lib/gcc/arm-none-eabi/5.4.1/../../../../arm-none-eabi/lib/armv7e-m/fpu\libc_nano.a(lib_a-init.o)
 .ARM.attributes
                0x000004ed       0x34 c:/eclipse mars_c/eclipse/plugins/fr.ac6.mcu.externaltools.arm-none.win32_1.13.2.201703061525/tools/compiler/bin/../lib/gcc/arm-none-eabi/5.4.1/../../../../arm-none-eabi/lib/armv7e-m/fpu\libc_nano.a(lib_a-memset.o)
 .ARM.attributes
                0x00000521       0x34 c:/eclipse mars_c/eclipse/plugins/fr.ac6.mcu.externaltools.arm-none.win32_1.13.2.201703061525/tools/compiler/bin/../lib/gcc/arm-none-eabi/5.4.1/../../../../arm-none-eabi/lib/armv7e-m/fpu\libc_nano.a(lib_a-nano-callocr.o)
 .ARM.attributes
                0x00000555       0x34 c:/eclipse mars_c/eclipse/plugins/fr.ac6.mcu.externaltools.arm-none.win32_1.13.2.201703061525/tools/compiler/bin/../lib/gcc/arm-none-eabi/5.4.1/../../../../arm-none-eabi/lib/armv7e-m/fpu\libc_nano.a(lib_a-nano-mallocr.o)
 .ARM.attributes
                0x00000589       0x34 c:/eclipse mars_c/eclipse/plugins/fr.ac6.mcu.externaltools.arm-none.win32_1.13.2.201703061525/tools/compiler/bin/../lib/gcc/arm-none-eabi/5.4.1/../../../../arm-none-eabi/lib/armv7e-m/fpu\libc_nano.a(lib_a-sbrkr.o)
 .ARM.attributes
                0x000005bd       0x34 c:/eclipse mars_c/eclipse/plugins/fr.ac6.mcu.externaltools.arm-none.win32_1.13.2.201703061525/tools/compiler/bin/../lib/gcc/arm-none-eabi/5.4.1/../../../../arm-none-eabi/lib/armv7e-m/fpu\libc_nano.a(lib_a-sprintf.o)
 .ARM.attributes
                0x000005f1       0x34 c:/eclipse mars_c/eclipse/plugins/fr.ac6.mcu.externaltools.arm-none.win32_1.13.2.201703061525/tools/compiler/bin/../lib/gcc/arm-none-eabi/5.4.1/../../../../arm-none-eabi/lib/armv7e-m/fpu\libc_nano.a(lib_a-strtol.o)
 .ARM.attributes
                0x00000625       0x34 c:/eclipse mars_c/eclipse/plugins/fr.ac6.mcu.externaltools.arm-none.win32_1.13.2.201703061525/tools/compiler/bin/../lib/gcc/arm-none-eabi/5.4.1/../../../../arm-none-eabi/lib/armv7e-m/fpu\libc_nano.a(lib_a-locale.o)
 .ARM.attributes
                0x00000659       0x34 c:/eclipse mars_c/eclipse/plugins/fr.ac6.mcu.externaltools.arm-none.win32_1.13.2.201703061525/tools/compiler/bin/../lib/gcc/arm-none-eabi/5.4.1/../../../../arm-none-eabi/lib/armv7e-m/fpu\libc_nano.a(lib_a-mbtowc_r.o)
 .ARM.attributes
                0x0000068d       0x34 c:/eclipse mars_c/eclipse/plugins/fr.ac6.mcu.externaltools.arm-none.win32_1.13.2.201703061525/tools/compiler/bin/../lib/gcc/arm-none-eabi/5.4.1/../../../../arm-none-eabi/lib/armv7e-m/fpu\libc_nano.a(lib_a-mlock.o)
 .ARM.attributes
                0x000006c1       0x34 c:/eclipse mars_c/eclipse/plugins/fr.ac6.mcu.externaltools.arm-none.win32_1.13.2.201703061525/tools/compiler/bin/../lib/gcc/arm-none-eabi/5.4.1/../../../../arm-none-eabi/lib/armv7e-m/fpu\libc_nano.a(lib_a-nano-svfprintf.o)
 .ARM.attributes
                0x000006f5       0x34 c:/eclipse mars_c/eclipse/plugins/fr.ac6.mcu.externaltools.arm-none.win32_1.13.2.201703061525/tools/compiler/bin/../lib/gcc/arm-none-eabi/5.4.1/../../../../arm-none-eabi/lib/armv7e-m/fpu\libc_nano.a(lib_a-nano-vfprintf_i.o)
 .ARM.attributes
                0x00000729       0x34 c:/eclipse mars_c/eclipse/plugins/fr.ac6.mcu.externaltools.arm-none.win32_1.13.2.201703061525/tools/compiler/bin/../lib/gcc/arm-none-eabi/5.4.1/../../../../arm-none-eabi/lib/armv7e-m/fpu\libc_nano.a(lib_a-reent.o)
 .ARM.attributes
                0x0000075d       0x34 c:/eclipse mars_c/eclipse/plugins/fr.ac6.mcu.externaltools.arm-none.win32_1.13.2.201703061525/tools/compiler/bin/../lib/gcc/arm-none-eabi/5.4.1/../../../../arm-none-eabi/lib/armv7e-m/fpu\libc_nano.a(lib_a-wctomb_r.o)
 .ARM.attributes
                0x00000791       0x34 c:/eclipse mars_c/eclipse/plugins/fr.ac6.mcu.externaltools.arm-none.win32_1.13.2.201703061525/tools/compiler/bin/../lib/gcc/arm-none-eabi/5.4.1/../../../../arm-none-eabi/lib/armv7e-m/fpu\libc_nano.a(lib_a-ctype_.o)
 .ARM.attributes
                0x000007c5       0x20 c:/eclipse mars_c/eclipse/plugins/fr.ac6.mcu.externaltools.arm-none.win32_1.13.2.201703061525/tools/compiler/bin/../lib/gcc/arm-none-eabi/5.4.1/../../../../arm-none-eabi/lib/armv7e-m/fpu\libc_nano.a(lib_a-memchr.o)
 .ARM.attributes
                0x000007e5       0x34 c:/eclipse mars_c/eclipse/plugins/fr.ac6.mcu.externaltools.arm-none.win32_1.13.2.201703061525/tools/compiler/bin/../lib/gcc/arm-none-eabi/5.4.1/../../../../arm-none-eabi/lib/armv7e-m/fpu\libc_nano.a(lib_a-memcpy-stub.o)
 .ARM.attributes
                0x00000819       0x34 c:/eclipse mars_c/eclipse/plugins/fr.ac6.mcu.externaltools.arm-none.win32_1.13.2.201703061525/tools/compiler/bin/../lib/gcc/arm-none-eabi/5.4.1/../../../../arm-none-eabi/lib/armv7e-m/fpu\libc_nano.a(lib_a-memmove.o)
 .ARM.attributes
                0x0000084d       0x34 c:/eclipse mars_c/eclipse/plugins/fr.ac6.mcu.externaltools.arm-none.win32_1.13.2.201703061525/tools/compiler/bin/../lib/gcc/arm-none-eabi/5.4.1/../../../../arm-none-eabi/lib/armv7e-m/fpu\libc_nano.a(lib_a-nano-freer.o)
 .ARM.attributes
                0x00000881       0x34 c:/eclipse mars_c/eclipse/plugins/fr.ac6.mcu.externaltools.arm-none.win32_1.13.2.201703061525/tools/compiler/bin/../lib/gcc/arm-none-eabi/5.4.1/../../../../arm-none-eabi/lib/armv7e-m/fpu\libc_nano.a(lib_a-nano-reallocr.o)
 .ARM.attributes
                0x000008b5       0x34 c:/eclipse mars_c/eclipse/plugins/fr.ac6.mcu.externaltools.arm-none.win32_1.13.2.201703061525/tools/compiler/bin/../lib/gcc/arm-none-eabi/5.4.1/../../../../arm-none-eabi/lib/armv7e-m/fpu\libc_nano.a(lib_a-nano-msizer.o)
 .ARM.attributes
                0x000008e9       0x34 c:/eclipse mars_c/eclipse/plugins/fr.ac6.mcu.externaltools.arm-none.win32_1.13.2.201703061525/tools/compiler/bin/../lib/gcc/arm-none-eabi/5.4.1/../../../../arm-none-eabi/lib/armv7e-m/fpu\libnosys.a(sbrk.o)
 .ARM.attributes
                0x0000091d       0x22 c:/eclipse mars_c/eclipse/plugins/fr.ac6.mcu.externaltools.arm-none.win32_1.13.2.201703061525/tools/compiler/bin/../lib/gcc/arm-none-eabi/5.4.1/armv7e-m/fpu/crtn.o
OUTPUT(psim2.elf elf32-littlearm)

.debug_line     0x00000000     0x9eec
 .debug_line    0x00000000       0xa0 Application/SW4STM32/startup_stm32f407xx.o
 .debug_line    0x000000a0      0x9f0 Application/User/main.o
 .debug_line    0x00000a90      0x86f Application/User/stm32f4xx_hal_msp.o
 .debug_line    0x000012ff      0x819 Application/User/stm32f4xx_it.o
 .debug_line    0x00001b18      0x801 Drivers/CMSIS/system_stm32f4xx.o
 .debug_line    0x00002319      0x988 Drivers/STM32F4xx_HAL_Driver/stm32f4xx_hal.o
 .debug_line    0x00002ca1      0x9e5 Drivers/STM32F4xx_HAL_Driver/stm32f4xx_hal_cortex.o
 .debug_line    0x00003686      0xa45 Drivers/STM32F4xx_HAL_Driver/stm32f4xx_hal_dac.o
 .debug_line    0x000040cb      0x904 Drivers/STM32F4xx_HAL_Driver/stm32f4xx_hal_dac_ex.o
 .debug_line    0x000049cf      0xae8 Drivers/STM32F4xx_HAL_Driver/stm32f4xx_hal_dma.o
 .debug_line    0x000054b7      0x95f Drivers/STM32F4xx_HAL_Driver/stm32f4xx_hal_gpio.o
 .debug_line    0x00005e16      0xb05 Drivers/STM32F4xx_HAL_Driver/stm32f4xx_hal_rcc.o
 .debug_line    0x0000691b     0x17d0 Drivers/STM32F4xx_HAL_Driver/stm32f4xx_hal_tim.o
 .debug_line    0x000080eb      0xd7f Drivers/STM32F4xx_HAL_Driver/stm32f4xx_hal_tim_ex.o
 .debug_line    0x00008e6a     0x1082 Drivers/STM32F4xx_HAL_Driver/stm32f4xx_hal_uart.o

.debug_info     0x00000000     0xdf73
 .debug_info    0x00000000       0x9e Application/SW4STM32/startup_stm32f407xx.o
 .debug_info    0x0000009e     0x1e49 Application/User/main.o
 .debug_info    0x00001ee7     0x11c2 Application/User/stm32f4xx_hal_msp.o
 .debug_info    0x000030a9      0x9f5 Application/User/stm32f4xx_it.o
 .debug_info    0x00003a9e      0x500 Drivers/CMSIS/system_stm32f4xx.o
 .debug_info    0x00003f9e      0x928 Drivers/STM32F4xx_HAL_Driver/stm32f4xx_hal.o
 .debug_info    0x000048c6      0xf0d Drivers/STM32F4xx_HAL_Driver/stm32f4xx_hal_cortex.o
 .debug_info    0x000057d3      0xa77 Drivers/STM32F4xx_HAL_Driver/stm32f4xx_hal_dac.o
 .debug_info    0x0000624a      0x74b Drivers/STM32F4xx_HAL_Driver/stm32f4xx_hal_dac_ex.o
 .debug_info    0x00006995      0xa62 Drivers/STM32F4xx_HAL_Driver/stm32f4xx_hal_dma.o
 .debug_info    0x000073f7      0x72a Drivers/STM32F4xx_HAL_Driver/stm32f4xx_hal_gpio.o
 .debug_info    0x00007b21      0xce5 Drivers/STM32F4xx_HAL_Driver/stm32f4xx_hal_rcc.o
 .debug_info    0x00008806     0x2e14 Drivers/STM32F4xx_HAL_Driver/stm32f4xx_hal_tim.o
 .debug_info    0x0000b61a     0x12a5 Drivers/STM32F4xx_HAL_Driver/stm32f4xx_hal_tim_ex.o
 .debug_info    0x0000c8bf     0x16b4 Drivers/STM32F4xx_HAL_Driver/stm32f4xx_hal_uart.o

.debug_abbrev   0x00000000     0x1e3e
 .debug_abbrev  0x00000000       0x12 Application/SW4STM32/startup_stm32f407xx.o
 .debug_abbrev  0x00000012      0x34a Application/User/main.o
 .debug_abbrev  0x0000035c      0x1af Application/User/stm32f4xx_hal_msp.o
 .debug_abbrev  0x0000050b      0x166 Application/User/stm32f4xx_it.o
 .debug_abbrev  0x00000671      0x104 Drivers/CMSIS/system_stm32f4xx.o
 .debug_abbrev  0x00000775      0x25c Drivers/STM32F4xx_HAL_Driver/stm32f4xx_hal.o
 .debug_abbrev  0x000009d1      0x2fe Drivers/STM32F4xx_HAL_Driver/stm32f4xx_hal_cortex.o
 .debug_abbrev  0x00000ccf      0x202 Drivers/STM32F4xx_HAL_Driver/stm32f4xx_hal_dac.o
 .debug_abbrev  0x00000ed1      0x1bd Drivers/STM32F4xx_HAL_Driver/stm32f4xx_hal_dac_ex.o
 .debug_abbrev  0x0000108e      0x28e Drivers/STM32F4xx_HAL_Driver/stm32f4xx_hal_dma.o
 .debug_abbrev  0x0000131c      0x1cd Drivers/STM32F4xx_HAL_Driver/stm32f4xx_hal_gpio.o
 .debug_abbrev  0x000014e9      0x2b0 Drivers/STM32F4xx_HAL_Driver/stm32f4xx_hal_rcc.o
 .debug_abbrev  0x00001799      0x21b Drivers/STM32F4xx_HAL_Driver/stm32f4xx_hal_tim.o
 .debug_abbrev  0x000019b4      0x21b Drivers/STM32F4xx_HAL_Driver/stm32f4xx_hal_tim_ex.o
 .debug_abbrev  0x00001bcf      0x26f Drivers/STM32F4xx_HAL_Driver/stm32f4xx_hal_uart.o

.debug_aranges  0x00000000      0xbd0
 .debug_aranges
                0x00000000       0x28 Application/SW4STM32/startup_stm32f407xx.o
 .debug_aranges
                0x00000028       0x70 Application/User/main.o
 .debug_aranges
                0x00000098       0x50 Application/User/stm32f4xx_hal_msp.o
 .debug_aranges
                0x000000e8       0x38 Application/User/stm32f4xx_it.o
 .debug_aranges
                0x00000120       0x28 Drivers/CMSIS/system_stm32f4xx.o
 .debug_aranges
                0x00000148       0xc8 Drivers/STM32F4xx_HAL_Driver/stm32f4xx_hal.o
 .debug_aranges
                0x00000210       0xa8 Drivers/STM32F4xx_HAL_Driver/stm32f4xx_hal_cortex.o
 .debug_aranges
                0x000002b8       0xc0 Drivers/STM32F4xx_HAL_Driver/stm32f4xx_hal_dac.o
 .debug_aranges
                0x00000378       0x70 Drivers/STM32F4xx_HAL_Driver/stm32f4xx_hal_dac_ex.o
 .debug_aranges
                0x000003e8       0x90 Drivers/STM32F4xx_HAL_Driver/stm32f4xx_hal_dma.o
 .debug_aranges
                0x00000478       0x58 Drivers/STM32F4xx_HAL_Driver/stm32f4xx_hal_gpio.o
 .debug_aranges
                0x000004d0       0x88 Drivers/STM32F4xx_HAL_Driver/stm32f4xx_hal_rcc.o
 .debug_aranges
                0x00000558      0x368 Drivers/STM32F4xx_HAL_Driver/stm32f4xx_hal_tim.o
 .debug_aranges
                0x000008c0      0x140 Drivers/STM32F4xx_HAL_Driver/stm32f4xx_hal_tim_ex.o
 .debug_aranges
                0x00000a00      0x1d0 Drivers/STM32F4xx_HAL_Driver/stm32f4xx_hal_uart.o

.debug_ranges   0x00000000      0xb00
 .debug_ranges  0x00000000       0x20 Application/SW4STM32/startup_stm32f407xx.o
 .debug_ranges  0x00000020       0x78 Application/User/main.o
 .debug_ranges  0x00000098       0x40 Application/User/stm32f4xx_hal_msp.o
 .debug_ranges  0x000000d8       0x28 Application/User/stm32f4xx_it.o
 .debug_ranges  0x00000100       0x18 Drivers/CMSIS/system_stm32f4xx.o
 .debug_ranges  0x00000118       0xb8 Drivers/STM32F4xx_HAL_Driver/stm32f4xx_hal.o
 .debug_ranges  0x000001d0       0x98 Drivers/STM32F4xx_HAL_Driver/stm32f4xx_hal_cortex.o
 .debug_ranges  0x00000268       0xb0 Drivers/STM32F4xx_HAL_Driver/stm32f4xx_hal_dac.o
 .debug_ranges  0x00000318       0x60 Drivers/STM32F4xx_HAL_Driver/stm32f4xx_hal_dac_ex.o
 .debug_ranges  0x00000378       0x80 Drivers/STM32F4xx_HAL_Driver/stm32f4xx_hal_dma.o
 .debug_ranges  0x000003f8       0x48 Drivers/STM32F4xx_HAL_Driver/stm32f4xx_hal_gpio.o
 .debug_ranges  0x00000440       0x78 Drivers/STM32F4xx_HAL_Driver/stm32f4xx_hal_rcc.o
 .debug_ranges  0x000004b8      0x358 Drivers/STM32F4xx_HAL_Driver/stm32f4xx_hal_tim.o
 .debug_ranges  0x00000810      0x130 Drivers/STM32F4xx_HAL_Driver/stm32f4xx_hal_tim_ex.o
 .debug_ranges  0x00000940      0x1c0 Drivers/STM32F4xx_HAL_Driver/stm32f4xx_hal_uart.o

.debug_loc      0x00000000     0x7bd3
 .debug_loc     0x00000000      0x248 Application/User/main.o
 .debug_loc     0x00000248       0xf5 Application/User/stm32f4xx_hal_msp.o
 .debug_loc     0x0000033d      0x132 Drivers/CMSIS/system_stm32f4xx.o
 .debug_loc     0x0000046f       0x91 Drivers/STM32F4xx_HAL_Driver/stm32f4xx_hal.o
 .debug_loc     0x00000500      0x548 Drivers/STM32F4xx_HAL_Driver/stm32f4xx_hal_cortex.o
 .debug_loc     0x00000a48      0x750 Drivers/STM32F4xx_HAL_Driver/stm32f4xx_hal_dac.o
 .debug_loc     0x00001198      0x319 Drivers/STM32F4xx_HAL_Driver/stm32f4xx_hal_dac_ex.o
 .debug_loc     0x000014b1      0xa0b Drivers/STM32F4xx_HAL_Driver/stm32f4xx_hal_dma.o
 .debug_loc     0x00001ebc      0x38f Drivers/STM32F4xx_HAL_Driver/stm32f4xx_hal_gpio.o
 .debug_loc     0x0000224b      0x622 Drivers/STM32F4xx_HAL_Driver/stm32f4xx_hal_rcc.o
 .debug_loc     0x0000286d     0x3278 Drivers/STM32F4xx_HAL_Driver/stm32f4xx_hal_tim.o
 .debug_loc     0x00005ae5      0xd74 Drivers/STM32F4xx_HAL_Driver/stm32f4xx_hal_tim_ex.o
 .debug_loc     0x00006859     0x137a Drivers/STM32F4xx_HAL_Driver/stm32f4xx_hal_uart.o

.debug_macro    0x00000000    0x21b36
 .debug_macro   0x00000000      0x365 Application/User/main.o
 .debug_macro   0x00000365      0x898 Application/User/main.o
 .debug_macro   0x00000bfd      0x184 Application/User/main.o
 .debug_macro   0x00000d81      0x186 Application/User/main.o
 .debug_macro   0x00000f07       0x33 Application/User/main.o
 .debug_macro   0x00000f3a       0x28 Application/User/main.o
 .debug_macro   0x00000f62       0x22 Application/User/main.o
 .debug_macro   0x00000f84       0x87 Application/User/main.o
 .debug_macro   0x0000100b       0x44 Application/User/main.o
 .debug_macro   0x0000104f       0xfd Application/User/main.o
 .debug_macro   0x0000114c       0x5e Application/User/main.o
 .debug_macro   0x000011aa      0x1df Application/User/main.o
 .debug_macro   0x00001389       0x35 Application/User/main.o
 .debug_macro   0x000013be       0x50 Application/User/main.o
 .debug_macro   0x0000140e      0xe66 Application/User/main.o
 .debug_macro   0x00002274    0x15e04 Application/User/main.o
 .debug_macro   0x00018078       0x43 Application/User/main.o
 .debug_macro   0x000180bb     0x3574 Application/User/main.o
 .debug_macro   0x0001b62f       0x52 Application/User/main.o
 .debug_macro   0x0001b681       0x35 Application/User/main.o
 .debug_macro   0x0001b6b6       0x9c Application/User/main.o
 .debug_macro   0x0001b752       0x16 Application/User/main.o
 .debug_macro   0x0001b768       0x97 Application/User/main.o
 .debug_macro   0x0001b7ff      0x30d Application/User/main.o
 .debug_macro   0x0001bb0c       0xfd Application/User/main.o
 .debug_macro   0x0001bc09       0x10 Application/User/main.o
 .debug_macro   0x0001bc19       0x52 Application/User/main.o
 .debug_macro   0x0001bc6b       0x1f Application/User/main.o
 .debug_macro   0x0001bc8a       0x43 Application/User/main.o
 .debug_macro   0x0001bccd       0x20 Application/User/main.o
 .debug_macro   0x0001bced      0x187 Application/User/main.o
 .debug_macro   0x0001be74       0x10 Application/User/main.o
 .debug_macro   0x0001be84       0x1c Application/User/main.o
 .debug_macro   0x0001bea0       0x52 Application/User/main.o
 .debug_macro   0x0001bef2       0x40 Application/User/main.o
 .debug_macro   0x0001bf32       0x10 Application/User/main.o
 .debug_macro   0x0001bf42       0x40 Application/User/main.o
 .debug_macro   0x0001bf82       0xd7 Application/User/main.o
 .debug_macro   0x0001c059       0x16 Application/User/main.o
 .debug_macro   0x0001c06f      0x18b Application/User/main.o
 .debug_macro   0x0001c1fa       0x50 Application/User/main.o
 .debug_macro   0x0001c24a      0x96b Application/User/main.o
 .debug_macro   0x0001cbb5      0x9e1 Application/User/main.o
 .debug_macro   0x0001d596      0x11e Application/User/main.o
 .debug_macro   0x0001d6b4      0x13e Application/User/main.o
 .debug_macro   0x0001d7f2       0x27 Application/User/main.o
 .debug_macro   0x0001d819      0x287 Application/User/main.o
 .debug_macro   0x0001daa0       0x5f Application/User/main.o
 .debug_macro   0x0001daff      0x23a Application/User/main.o
 .debug_macro   0x0001dd39       0xe6 Application/User/main.o
 .debug_macro   0x0001de1f       0xa1 Application/User/main.o
 .debug_macro   0x0001dec0       0x3c Application/User/main.o
 .debug_macro   0x0001defc      0x133 Application/User/main.o
 .debug_macro   0x0001e02f      0x21e Application/User/main.o
 .debug_macro   0x0001e24d       0x2e Application/User/main.o
 .debug_macro   0x0001e27b      0x11e Application/User/main.o
 .debug_macro   0x0001e399       0x7f Application/User/main.o
 .debug_macro   0x0001e418       0x89 Application/User/main.o
 .debug_macro   0x0001e4a1      0x6e0 Application/User/main.o
 .debug_macro   0x0001eb81       0x5b Application/User/main.o
 .debug_macro   0x0001ebdc      0x14d Application/User/main.o
 .debug_macro   0x0001ed29      0x287 Application/User/main.o
 .debug_macro   0x0001efb0      0x125 Application/User/main.o
 .debug_macro   0x0001f0d5       0x16 Application/User/main.o
 .debug_macro   0x0001f0eb       0x35 Application/User/main.o
 .debug_macro   0x0001f120       0x16 Application/User/main.o
 .debug_macro   0x0001f136       0x29 Application/User/main.o
 .debug_macro   0x0001f15f      0x327 Application/User/stm32f4xx_hal_msp.o
 .debug_macro   0x0001f486      0x331 Application/User/stm32f4xx_it.o
 .debug_macro   0x0001f7b7      0x32d Drivers/CMSIS/system_stm32f4xx.o
 .debug_macro   0x0001fae4      0x387 Drivers/STM32F4xx_HAL_Driver/stm32f4xx_hal.o
 .debug_macro   0x0001fe6b      0x327 Drivers/STM32F4xx_HAL_Driver/stm32f4xx_hal_cortex.o
 .debug_macro   0x00020192      0x328 Drivers/STM32F4xx_HAL_Driver/stm32f4xx_hal_dac.o
 .debug_macro   0x000204ba      0x327 Drivers/STM32F4xx_HAL_Driver/stm32f4xx_hal_dac_ex.o
 .debug_macro   0x000207e1      0x32e Drivers/STM32F4xx_HAL_Driver/stm32f4xx_hal_dma.o
 .debug_macro   0x00020b0f      0x35f Drivers/STM32F4xx_HAL_Driver/stm32f4xx_hal_gpio.o
 .debug_macro   0x00020e6e      0x351 Drivers/STM32F4xx_HAL_Driver/stm32f4xx_hal_rcc.o
 .debug_macro   0x000211bf      0x328 Drivers/STM32F4xx_HAL_Driver/stm32f4xx_hal_tim.o
 .debug_macro   0x000214e7      0x327 Drivers/STM32F4xx_HAL_Driver/stm32f4xx_hal_tim_ex.o
 .debug_macro   0x0002180e      0x328 Drivers/STM32F4xx_HAL_Driver/stm32f4xx_hal_uart.o

.debug_str      0x00000000    0xc49b9
 .debug_str     0x00000000    0xc1ddc Application/User/main.o
                              0xc2147 (size before relaxing)
 .debug_str     0x000c1ddc      0x117 Application/User/stm32f4xx_hal_msp.o
                              0xc1b90 (size before relaxing)
 .debug_str     0x000c1ef3       0xf9 Application/User/stm32f4xx_it.o
                              0xc14ff (size before relaxing)
 .debug_str     0x000c1fec      0x10b Drivers/CMSIS/system_stm32f4xx.o
                              0xc0f31 (size before relaxing)
 .debug_str     0x000c20f7      0x572 Drivers/STM32F4xx_HAL_Driver/stm32f4xx_hal.o
                              0xc19f3 (size before relaxing)
 .debug_str     0x000c2669      0x335 Drivers/STM32F4xx_HAL_Driver/stm32f4xx_hal_cortex.o
                              0xc17bb (size before relaxing)
 .debug_str     0x000c299e      0x1d8 Drivers/STM32F4xx_HAL_Driver/stm32f4xx_hal_dac.o
                              0xc135c (size before relaxing)
 .debug_str     0x000c2b76      0x163 Drivers/STM32F4xx_HAL_Driver/stm32f4xx_hal_dac_ex.o
                              0xc124c (size before relaxing)
 .debug_str     0x000c2cd9      0x324 Drivers/STM32F4xx_HAL_Driver/stm32f4xx_hal_dma.o
                              0xc133b (size before relaxing)
 .debug_str     0x000c2ffd      0x1fc Drivers/STM32F4xx_HAL_Driver/stm32f4xx_hal_gpio.o
                              0xc1149 (size before relaxing)
 .debug_str     0x000c31f9      0x230 Drivers/STM32F4xx_HAL_Driver/stm32f4xx_hal_rcc.o
                              0xc1346 (size before relaxing)
 .debug_str     0x000c3429      0xc13 Drivers/STM32F4xx_HAL_Driver/stm32f4xx_hal_tim.o
                              0xc1f3f (size before relaxing)
 .debug_str     0x000c403c      0x4a4 Drivers/STM32F4xx_HAL_Driver/stm32f4xx_hal_tim_ex.o
                              0xc17ff (size before relaxing)
 .debug_str     0x000c44e0      0x4d9 Drivers/STM32F4xx_HAL_Driver/stm32f4xx_hal_uart.o
                              0xc178e (size before relaxing)

.comment        0x00000000       0x6e
 .comment       0x00000000       0x6e Application/User/main.o
                                 0x6f (size before relaxing)
 .comment       0x0000006e       0x6f Application/User/stm32f4xx_hal_msp.o
 .comment       0x0000006e       0x6f Application/User/stm32f4xx_it.o
 .comment       0x0000006e       0x6f Drivers/CMSIS/system_stm32f4xx.o
 .comment       0x0000006e       0x6f Drivers/STM32F4xx_HAL_Driver/stm32f4xx_hal.o
 .comment       0x0000006e       0x6f Drivers/STM32F4xx_HAL_Driver/stm32f4xx_hal_cortex.o
 .comment       0x0000006e       0x6f Drivers/STM32F4xx_HAL_Driver/stm32f4xx_hal_dac.o
 .comment       0x0000006e       0x6f Drivers/STM32F4xx_HAL_Driver/stm32f4xx_hal_dac_ex.o
 .comment       0x0000006e       0x6f Drivers/STM32F4xx_HAL_Driver/stm32f4xx_hal_dma.o
 .comment       0x0000006e       0x6f Drivers/STM32F4xx_HAL_Driver/stm32f4xx_hal_gpio.o
 .comment       0x0000006e       0x6f Drivers/STM32F4xx_HAL_Driver/stm32f4xx_hal_rcc.o
 .comment       0x0000006e       0x6f Drivers/STM32F4xx_HAL_Driver/stm32f4xx_hal_tim.o
 .comment       0x0000006e       0x6f Drivers/STM32F4xx_HAL_Driver/stm32f4xx_hal_tim_ex.o
 .comment       0x0000006e       0x6f Drivers/STM32F4xx_HAL_Driver/stm32f4xx_hal_uart.o

.debug_frame    0x00000000     0x2470
 .debug_frame   0x00000000      0x15c Application/User/main.o
 .debug_frame   0x0000015c       0xd4 Application/User/stm32f4xx_hal_msp.o
 .debug_frame   0x00000230       0x70 Application/User/stm32f4xx_it.o
 .debug_frame   0x000002a0       0x30 Drivers/CMSIS/system_stm32f4xx.o
 .debug_frame   0x000002d0      0x198 Drivers/STM32F4xx_HAL_Driver/stm32f4xx_hal.o
 .debug_frame   0x00000468      0x154 Drivers/STM32F4xx_HAL_Driver/stm32f4xx_hal_cortex.o
 .debug_frame   0x000005bc      0x204 Drivers/STM32F4xx_HAL_Driver/stm32f4xx_hal_dac.o
 .debug_frame   0x000007c0      0x118 Drivers/STM32F4xx_HAL_Driver/stm32f4xx_hal_dac_ex.o
 .debug_frame   0x000008d8      0x184 Drivers/STM32F4xx_HAL_Driver/stm32f4xx_hal_dma.o
 .debug_frame   0x00000a5c       0xc4 Drivers/STM32F4xx_HAL_Driver/stm32f4xx_hal_gpio.o
 .debug_frame   0x00000b20      0x150 Drivers/STM32F4xx_HAL_Driver/stm32f4xx_hal_rcc.o
 .debug_frame   0x00000c70      0x9cc Drivers/STM32F4xx_HAL_Driver/stm32f4xx_hal_tim.o
 .debug_frame   0x0000163c      0x3b0 Drivers/STM32F4xx_HAL_Driver/stm32f4xx_hal_tim_ex.o
 .debug_frame   0x000019ec      0x4e8 Drivers/STM32F4xx_HAL_Driver/stm32f4xx_hal_uart.o
 .debug_frame   0x00001ed4       0x30 c:/eclipse mars_c/eclipse/plugins/fr.ac6.mcu.externaltools.arm-none.win32_1.13.2.201703061525/tools/compiler/bin/../lib/gcc/arm-none-eabi/5.4.1/../../../../arm-none-eabi/lib/armv7e-m/fpu\libc_nano.a(lib_a-atoi.o)
 .debug_frame   0x00001f04       0x20 c:/eclipse mars_c/eclipse/plugins/fr.ac6.mcu.externaltools.arm-none.win32_1.13.2.201703061525/tools/compiler/bin/../lib/gcc/arm-none-eabi/5.4.1/../../../../arm-none-eabi/lib/armv7e-m/fpu\libc_nano.a(lib_a-calloc.o)
 .debug_frame   0x00001f24       0x2c c:/eclipse mars_c/eclipse/plugins/fr.ac6.mcu.externaltools.arm-none.win32_1.13.2.201703061525/tools/compiler/bin/../lib/gcc/arm-none-eabi/5.4.1/../../../../arm-none-eabi/lib/armv7e-m/fpu\libc_nano.a(lib_a-init.o)
 .debug_frame   0x00001f50       0x20 c:/eclipse mars_c/eclipse/plugins/fr.ac6.mcu.externaltools.arm-none.win32_1.13.2.201703061525/tools/compiler/bin/../lib/gcc/arm-none-eabi/5.4.1/../../../../arm-none-eabi/lib/armv7e-m/fpu\libc_nano.a(lib_a-memset.o)
 .debug_frame   0x00001f70       0x2c c:/eclipse mars_c/eclipse/plugins/fr.ac6.mcu.externaltools.arm-none.win32_1.13.2.201703061525/tools/compiler/bin/../lib/gcc/arm-none-eabi/5.4.1/../../../../arm-none-eabi/lib/armv7e-m/fpu\libc_nano.a(lib_a-nano-callocr.o)
 .debug_frame   0x00001f9c       0x2c c:/eclipse mars_c/eclipse/plugins/fr.ac6.mcu.externaltools.arm-none.win32_1.13.2.201703061525/tools/compiler/bin/../lib/gcc/arm-none-eabi/5.4.1/../../../../arm-none-eabi/lib/armv7e-m/fpu\libc_nano.a(lib_a-nano-mallocr.o)
 .debug_frame   0x00001fc8       0x2c c:/eclipse mars_c/eclipse/plugins/fr.ac6.mcu.externaltools.arm-none.win32_1.13.2.201703061525/tools/compiler/bin/../lib/gcc/arm-none-eabi/5.4.1/../../../../arm-none-eabi/lib/armv7e-m/fpu\libc_nano.a(lib_a-sbrkr.o)
 .debug_frame   0x00001ff4       0x70 c:/eclipse mars_c/eclipse/plugins/fr.ac6.mcu.externaltools.arm-none.win32_1.13.2.201703061525/tools/compiler/bin/../lib/gcc/arm-none-eabi/5.4.1/../../../../arm-none-eabi/lib/armv7e-m/fpu\libc_nano.a(lib_a-sprintf.o)
 .debug_frame   0x00002064       0x84 c:/eclipse mars_c/eclipse/plugins/fr.ac6.mcu.externaltools.arm-none.win32_1.13.2.201703061525/tools/compiler/bin/../lib/gcc/arm-none-eabi/5.4.1/../../../../arm-none-eabi/lib/armv7e-m/fpu\libc_nano.a(lib_a-strtol.o)
 .debug_frame   0x000020e8       0x88 c:/eclipse mars_c/eclipse/plugins/fr.ac6.mcu.externaltools.arm-none.win32_1.13.2.201703061525/tools/compiler/bin/../lib/gcc/arm-none-eabi/5.4.1/../../../../arm-none-eabi/lib/armv7e-m/fpu\libc_nano.a(lib_a-locale.o)
 .debug_frame   0x00002170       0x44 c:/eclipse mars_c/eclipse/plugins/fr.ac6.mcu.externaltools.arm-none.win32_1.13.2.201703061525/tools/compiler/bin/../lib/gcc/arm-none-eabi/5.4.1/../../../../arm-none-eabi/lib/armv7e-m/fpu\libc_nano.a(lib_a-mbtowc_r.o)
 .debug_frame   0x000021b4       0x30 c:/eclipse mars_c/eclipse/plugins/fr.ac6.mcu.externaltools.arm-none.win32_1.13.2.201703061525/tools/compiler/bin/../lib/gcc/arm-none-eabi/5.4.1/../../../../arm-none-eabi/lib/armv7e-m/fpu\libc_nano.a(lib_a-mlock.o)
 .debug_frame   0x000021e4       0x90 c:/eclipse mars_c/eclipse/plugins/fr.ac6.mcu.externaltools.arm-none.win32_1.13.2.201703061525/tools/compiler/bin/../lib/gcc/arm-none-eabi/5.4.1/../../../../arm-none-eabi/lib/armv7e-m/fpu\libc_nano.a(lib_a-nano-svfprintf.o)
 .debug_frame   0x00002274       0x60 c:/eclipse mars_c/eclipse/plugins/fr.ac6.mcu.externaltools.arm-none.win32_1.13.2.201703061525/tools/compiler/bin/../lib/gcc/arm-none-eabi/5.4.1/../../../../arm-none-eabi/lib/armv7e-m/fpu\libc_nano.a(lib_a-nano-vfprintf_i.o)
 .debug_frame   0x000022d4       0x5c c:/eclipse mars_c/eclipse/plugins/fr.ac6.mcu.externaltools.arm-none.win32_1.13.2.201703061525/tools/compiler/bin/../lib/gcc/arm-none-eabi/5.4.1/../../../../arm-none-eabi/lib/armv7e-m/fpu\libc_nano.a(lib_a-reent.o)
 .debug_frame   0x00002330       0x3c c:/eclipse mars_c/eclipse/plugins/fr.ac6.mcu.externaltools.arm-none.win32_1.13.2.201703061525/tools/compiler/bin/../lib/gcc/arm-none-eabi/5.4.1/../../../../arm-none-eabi/lib/armv7e-m/fpu\libc_nano.a(lib_a-wctomb_r.o)
 .debug_frame   0x0000236c       0x28 c:/eclipse mars_c/eclipse/plugins/fr.ac6.mcu.externaltools.arm-none.win32_1.13.2.201703061525/tools/compiler/bin/../lib/gcc/arm-none-eabi/5.4.1/../../../../arm-none-eabi/lib/armv7e-m/fpu\libc_nano.a(lib_a-memcpy-stub.o)
 .debug_frame   0x00002394       0x28 c:/eclipse mars_c/eclipse/plugins/fr.ac6.mcu.externaltools.arm-none.win32_1.13.2.201703061525/tools/compiler/bin/../lib/gcc/arm-none-eabi/5.4.1/../../../../arm-none-eabi/lib/armv7e-m/fpu\libc_nano.a(lib_a-memmove.o)
 .debug_frame   0x000023bc       0x38 c:/eclipse mars_c/eclipse/plugins/fr.ac6.mcu.externaltools.arm-none.win32_1.13.2.201703061525/tools/compiler/bin/../lib/gcc/arm-none-eabi/5.4.1/../../../../arm-none-eabi/lib/armv7e-m/fpu\libc_nano.a(lib_a-nano-freer.o)
 .debug_frame   0x000023f4       0x3c c:/eclipse mars_c/eclipse/plugins/fr.ac6.mcu.externaltools.arm-none.win32_1.13.2.201703061525/tools/compiler/bin/../lib/gcc/arm-none-eabi/5.4.1/../../../../arm-none-eabi/lib/armv7e-m/fpu\libc_nano.a(lib_a-nano-reallocr.o)
 .debug_frame   0x00002430       0x20 c:/eclipse mars_c/eclipse/plugins/fr.ac6.mcu.externaltools.arm-none.win32_1.13.2.201703061525/tools/compiler/bin/../lib/gcc/arm-none-eabi/5.4.1/../../../../arm-none-eabi/lib/armv7e-m/fpu\libc_nano.a(lib_a-nano-msizer.o)
 .debug_frame   0x00002450       0x20 c:/eclipse mars_c/eclipse/plugins/fr.ac6.mcu.externaltools.arm-none.win32_1.13.2.201703061525/tools/compiler/bin/../lib/gcc/arm-none-eabi/5.4.1/../../../../arm-none-eabi/lib/armv7e-m/fpu\libnosys.a(sbrk.o)
