Archive member included to satisfy reference by file (symbol)

c:/eclipse mars_c/eclipse/plugins/fr.ac6.mcu.externaltools.arm-none.win32_1.13.2.201703061525/tools/compiler/bin/../lib/gcc/arm-none-eabi/5.4.1/armv7e-m/fpu\libgcc.a(_arm_addsubdf3.o)
                              Application/User/main.o (__aeabi_dadd)
c:/eclipse mars_c/eclipse/plugins/fr.ac6.mcu.externaltools.arm-none.win32_1.13.2.201703061525/tools/compiler/bin/../lib/gcc/arm-none-eabi/5.4.1/armv7e-m/fpu\libgcc.a(_arm_muldivdf3.o)
                              Application/User/main.o (__aeabi_dmul)
c:/eclipse mars_c/eclipse/plugins/fr.ac6.mcu.externaltools.arm-none.win32_1.13.2.201703061525/tools/compiler/bin/../lib/gcc/arm-none-eabi/5.4.1/armv7e-m/fpu\libgcc.a(_arm_fixdfsi.o)
                              Application/User/main.o (__aeabi_d2iz)
c:/eclipse mars_c/eclipse/plugins/fr.ac6.mcu.externaltools.arm-none.win32_1.13.2.201703061525/tools/compiler/bin/../lib/gcc/arm-none-eabi/5.4.1/armv7e-m/fpu\libgcc.a(_arm_addsubsf3.o)
                              Application/User/main.o (__aeabi_l2f)
c:/eclipse mars_c/eclipse/plugins/fr.ac6.mcu.externaltools.arm-none.win32_1.13.2.201703061525/tools/compiler/bin/../lib/gcc/arm-none-eabi/5.4.1/../../../../arm-none-eabi/lib/armv7e-m/fpu\libc_nano.a(lib_a-atoi.o)
                              Application/User/main.o (atoi)
c:/eclipse mars_c/eclipse/plugins/fr.ac6.mcu.externaltools.arm-none.win32_1.13.2.201703061525/tools/compiler/bin/../lib/gcc/arm-none-eabi/5.4.1/../../../../arm-none-eabi/lib/armv7e-m/fpu\libc_nano.a(lib_a-exit.o)
                              c:/eclipse mars_c/eclipse/plugins/fr.ac6.mcu.externaltools.arm-none.win32_1.13.2.201703061525/tools/compiler/bin/../lib/gcc/arm-none-eabi/5.4.1/../../../../arm-none-eabi/lib/armv7e-m/fpu/crt0.o (exit)
c:/eclipse mars_c/eclipse/plugins/fr.ac6.mcu.externaltools.arm-none.win32_1.13.2.201703061525/tools/compiler/bin/../lib/gcc/arm-none-eabi/5.4.1/../../../../arm-none-eabi/lib/armv7e-m/fpu\libc_nano.a(lib_a-impure.o)
                              c:/eclipse mars_c/eclipse/plugins/fr.ac6.mcu.externaltools.arm-none.win32_1.13.2.201703061525/tools/compiler/bin/../lib/gcc/arm-none-eabi/5.4.1/../../../../arm-none-eabi/lib/armv7e-m/fpu\libc_nano.a(lib_a-exit.o) (_global_impure_ptr)
c:/eclipse mars_c/eclipse/plugins/fr.ac6.mcu.externaltools.arm-none.win32_1.13.2.201703061525/tools/compiler/bin/../lib/gcc/arm-none-eabi/5.4.1/../../../../arm-none-eabi/lib/armv7e-m/fpu\libc_nano.a(lib_a-init.o)
                              c:/eclipse mars_c/eclipse/plugins/fr.ac6.mcu.externaltools.arm-none.win32_1.13.2.201703061525/tools/compiler/bin/../lib/gcc/arm-none-eabi/5.4.1/../../../../arm-none-eabi/lib/armv7e-m/fpu/crt0.o (__libc_init_array)
c:/eclipse mars_c/eclipse/plugins/fr.ac6.mcu.externaltools.arm-none.win32_1.13.2.201703061525/tools/compiler/bin/../lib/gcc/arm-none-eabi/5.4.1/../../../../arm-none-eabi/lib/armv7e-m/fpu\libc_nano.a(lib_a-malloc.o)
                              Application/User/main.o (malloc)
c:/eclipse mars_c/eclipse/plugins/fr.ac6.mcu.externaltools.arm-none.win32_1.13.2.201703061525/tools/compiler/bin/../lib/gcc/arm-none-eabi/5.4.1/../../../../arm-none-eabi/lib/armv7e-m/fpu\libc_nano.a(lib_a-memset.o)
                              c:/eclipse mars_c/eclipse/plugins/fr.ac6.mcu.externaltools.arm-none.win32_1.13.2.201703061525/tools/compiler/bin/../lib/gcc/arm-none-eabi/5.4.1/../../../../arm-none-eabi/lib/armv7e-m/fpu/crt0.o (memset)
c:/eclipse mars_c/eclipse/plugins/fr.ac6.mcu.externaltools.arm-none.win32_1.13.2.201703061525/tools/compiler/bin/../lib/gcc/arm-none-eabi/5.4.1/../../../../arm-none-eabi/lib/armv7e-m/fpu\libc_nano.a(lib_a-nano-freer.o)
                              c:/eclipse mars_c/eclipse/plugins/fr.ac6.mcu.externaltools.arm-none.win32_1.13.2.201703061525/tools/compiler/bin/../lib/gcc/arm-none-eabi/5.4.1/../../../../arm-none-eabi/lib/armv7e-m/fpu\libc_nano.a(lib_a-malloc.o) (_free_r)
c:/eclipse mars_c/eclipse/plugins/fr.ac6.mcu.externaltools.arm-none.win32_1.13.2.201703061525/tools/compiler/bin/../lib/gcc/arm-none-eabi/5.4.1/../../../../arm-none-eabi/lib/armv7e-m/fpu\libc_nano.a(lib_a-nano-mallocr.o)
                              c:/eclipse mars_c/eclipse/plugins/fr.ac6.mcu.externaltools.arm-none.win32_1.13.2.201703061525/tools/compiler/bin/../lib/gcc/arm-none-eabi/5.4.1/../../../../arm-none-eabi/lib/armv7e-m/fpu\libc_nano.a(lib_a-malloc.o) (_malloc_r)
c:/eclipse mars_c/eclipse/plugins/fr.ac6.mcu.externaltools.arm-none.win32_1.13.2.201703061525/tools/compiler/bin/../lib/gcc/arm-none-eabi/5.4.1/../../../../arm-none-eabi/lib/armv7e-m/fpu\libc_nano.a(lib_a-sbrkr.o)
                              c:/eclipse mars_c/eclipse/plugins/fr.ac6.mcu.externaltools.arm-none.win32_1.13.2.201703061525/tools/compiler/bin/../lib/gcc/arm-none-eabi/5.4.1/../../../../arm-none-eabi/lib/armv7e-m/fpu\libc_nano.a(lib_a-nano-mallocr.o) (_sbrk_r)
[...]
Memory Configuration

Name             Origin             Length             Attributes
RAM              0x20000000         0x00020000         xrw
CCMRAM           0x10000000         0x00010000         rw
FLASH            0x08000000         0x00100000         xr
*default*        0x00000000         0xffffffff

Linker script and memory map

LOAD c:/eclipse mars_c/eclipse/plugins/fr.ac6.mcu.externaltools.arm-none.win32_1.13.2.201703061525/tools/compiler/bin/../lib/gcc/arm-none-eabi/5.4.1/armv7e-m/fpu/crti.o
LOAD c:/eclipse mars_c/eclipse/plugins/fr.ac6.mcu.externaltools.arm-none.win32_1.13.2.201703061525/tools/compiler/bin/../lib/gcc/arm-none-eabi/5.4.1/armv7e-m/fpu/crtbegin.o
LOAD c:/eclipse mars_c/eclipse/plugins/fr.ac6.mcu.externaltools.arm-none.win32_1.13.2.201703061525/tools/compiler/bin/../lib/gcc/arm-none-eabi/5.4.1/../../../../arm-none-eabi/lib/armv7e-m/fpu/crt0.o
LOAD c:/eclipse mars_c/eclipse/plugins/fr.ac6.mcu.externaltools.arm-none.win32_1.13.2.201703061525/tools/compiler/bin/../lib/gcc/arm-none-eabi/5.4.1/../../../../arm-none-eabi/lib/armv7e-m/fpu\libm.a
LOAD Application/SW4STM32/startup_stm32f407xx.o
LOAD Application/User/main.o
LOAD Application/User/stm32f4xx_hal_msp.o
LOAD Application/User/stm32f4xx_it.o
LOAD Drivers/CMSIS/system_stm32f4xx.o
LOAD Drivers/STM32F4xx_HAL_Driver/stm32f4xx_hal.o
LOAD Drivers/STM32F4xx_HAL_Driver/stm32f4xx_hal_cortex.o
LOAD Drivers/STM32F4xx_HAL_Driver/stm32f4xx_hal_dac.o
LOAD Drivers/STM32F4xx_HAL_Driver/stm32f4xx_hal_dac_ex.o
LOAD Drivers/STM32F4xx_HAL_Driver/stm32f4xx_hal_dma.o
LOAD Drivers/STM32F4xx_HAL_Driver/stm32f4xx_hal_dma_ex.o
LOAD Drivers/STM32F4xx_HAL_Driver/stm32f4xx_hal_flash.o
LOAD Drivers/STM32F4xx_HAL_Driver/stm32f4xx_hal_flash_ex.o
LOAD Drivers/STM32F4xx_HAL_Driver/stm32f4xx_hal_flash_ramfunc.o
LOAD Drivers/STM32F4xx_HAL_Driver/stm32f4xx_hal_gpio.o
LOAD Drivers/STM32F4xx_HAL_Driver/stm32f4xx_hal_pwr.o
LOAD Drivers/STM32F4xx_HAL_Driver/stm32f4xx_hal_pwr_ex.o
LOAD Drivers/STM32F4xx_HAL_Driver/stm32f4xx_hal_rcc.o
LOAD Drivers/STM32F4xx_HAL_Driver/stm32f4xx_hal_rcc_ex.o
LOAD Drivers/STM32F4xx_HAL_Driver/stm32f4xx_hal_tim.o
LOAD Drivers/STM32F4xx_HAL_Driver/stm32f4xx_hal_tim_ex.o
LOAD Drivers/STM32F4xx_HAL_Driver/stm32f4xx_hal_uart.o
START GROUP
LOAD c:/eclipse mars_c/eclipse/plugins/fr.ac6.mcu.externaltools.arm-none.win32_1.13.2.201703061525/tools/compiler/bin/../lib/gcc/arm-none-eabi/5.4.1/armv7e-m/fpu\libgcc.a
LOAD c:/eclipse mars_c/eclipse/plugins/fr.ac6.mcu.externaltools.arm-none.win32_1.13.2.201703061525/tools/compiler/bin/../lib/gcc/arm-none-eabi/5.4.1/../../../../arm-none-eabi/lib/armv7e-m/fpu\libc_nano.a
END GROUP
START GROUP
LOAD c:/eclipse mars_c/eclipse/plugins/fr.ac6.mcu.externaltools.arm-none.win32_1.13.2.201703061525/tools/compiler/bin/../lib/gcc/arm-none-eabi/5.4.1/armv7e-m/fpu\libgcc.a
LOAD c:/eclipse mars_c/eclipse/plugins/fr.ac6.mcu.externaltools.arm-none.win32_1.13.2.201703061525/tools/compiler/bin/../lib/gcc/arm-none-eabi/5.4.1/../../../../arm-none-eabi/lib/armv7e-m/fpu\libc_nano.a
LOAD c:/eclipse mars_c/eclipse/plugins/fr.ac6.mcu.externaltools.arm-none.win32_1.13.2.201703061525/tools/compiler/bin/../lib/gcc/arm-none-eabi/5.4.1/../../../../arm-none-eabi/lib/armv7e-m/fpu\libnosys.a
END GROUP
START GROUP
LOAD c:/eclipse mars_c/eclipse/plugins/fr.ac6.mcu.externaltools.arm-none.win32_1.13.2.201703061525/tools/compiler/bin/../lib/gcc/arm-none-eabi/5.4.1/armv7e-m/fpu\libgcc.a
LOAD c:/eclipse mars_c/eclipse/plugins/fr.ac6.mcu.externaltools.arm-none.win32_1.13.2.201703061525/tools/compiler/bin/../lib/gcc/arm-none-eabi/5.4.1/../../../../arm-none-eabi/lib/armv7e-m/fpu\libc_nano.a
LOAD c:/eclipse mars_c/eclipse/plugins/fr.ac6.mcu.externaltools.arm-none.win32_1.13.2.201703061525/tools/compiler/bin/../lib/gcc/arm-none-eabi/5.4.1/../../../../arm-none-eabi/lib/armv7e-m/fpu\libnosys.a
END GROUP
LOAD c:/eclipse mars_c/eclipse/plugins/fr.ac6.mcu.externaltools.arm-none.win32_1.13.2.201703061525/tools/compiler/bin/../lib/gcc/arm-none-eabi/5.4.1/armv7e-m/fpu/crtend.o
LOAD c:/eclipse mars_c/eclipse/plugins/fr.ac6.mcu.externaltools.arm-none.win32_1.13.2.201703061525/tools/compiler/bin/../lib/gcc/arm-none-eabi/5.4.1/armv7e-m/fpu/crtn.o
                0x20020000                _estack = 0x20020000
                0x00000200                _Min_Heap_Size = 0x200
                0x00000400                _Min_Stack_Size = 0x400

.isr_vector     0x08000000      0x188
                0x08000000                . = ALIGN (0x4)
 *(.isr_vector)
 .isr_vector    0x08000000      0x188 Application/SW4STM32/startup_stm32f407xx.o
                0x08000000                g_pfnVectors
                0x08000188                . = ALIGN (0x4)

.text           0x08000190     0x371c
                0x08000190                . = ALIGN (0x4)
 *(.text)
 .text          0x08000190       0x5c c:/eclipse mars_c/eclipse/plugins/fr.ac6.mcu.externaltools.arm-none.win32_1.13.2.201703061525/tools/compiler/bin/../lib/gcc/arm-none-eabi/5.4.1/armv7e-m/fpu/crtbegin.o
 .text          0x080001ec      0x370 c:/eclipse mars_c/eclipse/plugins/fr.ac6.mcu.externaltools.arm-none.win32_1.13.2.201703061525/tools/compiler/bin/../lib/gcc/arm-none-eabi/5.4.1/armv7e-m/fpu\libgcc.a(_arm_addsubdf3.o)
                0x080001ec                __aeabi_drsub
                0x080001f4                __aeabi_dsub
                0x080001f4                __subdf3
                0x080001f8                __aeabi_dadd
                0x080001f8                __adddf3
                0x08000470                __floatunsidf
                0x08000470                __aeabi_ui2d
                0x08000490                __floatsidf
                0x08000490                __aeabi_i2d
                0x080004b4                __aeabi_f2d
                0x080004b4                __extendsfdf2
                0x080004f0                __floatundidf
                0x080004f0                __aeabi_ul2d
                0x08000500                __floatdidf
                0x08000500                __aeabi_l2d
 .text          0x0800055c      0x424 c:/eclipse mars_c/eclipse/plugins/fr.ac6.mcu.externaltools.arm-none.win32_1.13.2.201703061525/tools/compiler/bin/../lib/gcc/arm-none-eabi/5.4.1/armv7e-m/fpu\libgcc.a(_arm_muldivdf3.o)
                0x0800055c                __aeabi_dmul
                0x0800055c                __muldf3
                0x080007b0                __divdf3
                0x080007b0                __aeabi_ddiv
 .text          0x08000980       0x50 c:/eclipse mars_c/eclipse/plugins/fr.ac6.mcu.externaltools.arm-none.win32_1.13.2.201703061525/tools/compiler/bin/../lib/gcc/arm-none-eabi/5.4.1/armv7e-m/fpu\libgcc.a(_arm_fixdfsi.o)
                0x08000980                __aeabi_d2iz
                0x08000980                __fixdfsi
 .text          0x080009d0      0x21c c:/eclipse mars_c/eclipse/plugins/fr.ac6.mcu.externaltools.arm-none.win32_1.13.2.201703061525/tools/compiler/bin/../lib/gcc/arm-none-eabi/5.4.1/armv7e-m/fpu\libgcc.a(_arm_addsubsf3.o)
                0x080009d0                __aeabi_frsub
                0x080009d8                __subsf3
                0x080009d8                __aeabi_fsub
                0x080009dc                __aeabi_fadd
                0x080009dc                __addsf3
                0x08000b3c                __aeabi_ui2f
                0x08000b3c                __floatunsisf
                0x08000b44                __aeabi_i2f
                0x08000b44                __floatsisf
                0x08000b60                __aeabi_ul2f
                0x08000b60                __floatundisf
                0x08000b70                __aeabi_l2f
                0x08000b70                __floatdisf
 *fill*         0x08000bec        0x4 
 .text          0x08000bf0       0xa0 c:/eclipse mars_c/eclipse/plugins/fr.ac6.mcu.externaltools.arm-none.win32_1.13.2.201703061525/tools/compiler/bin/../lib/gcc/arm-none-eabi/5.4.1/../../../../arm-none-eabi/lib/armv7e-m/fpu\libc_nano.a(lib_a-memchr.o)
                0x08000bf0                memchr
 *(.text*)
 .text.Reset_Handler
                0x08000c90       0x50 Application/SW4STM32/startup_stm32f407xx.o
                0x08000c90                Reset_Handler
 .text.Default_Handler
                0x08000ce0        0x2 Application/SW4STM32/startup_stm32f407xx.o
                0x08000ce0                RTC_Alarm_IRQHandler
                0x08000ce0                HASH_RNG_IRQHandler
                0x08000ce0                EXTI2_IRQHandler
                0x08000ce0                TIM8_CC_IRQHandler
                0x08000ce0                DebugMon_Handler
                0x08000ce0                TIM1_CC_IRQHandler
                0x08000ce0                DMA2_Stream5_IRQHandler
                0x08000ce0                HardFault_Handler
                0x08000ce0                DMA1_Stream5_IRQHandler
                0x08000ce0                PVD_IRQHandler
                0x08000ce0                SDIO_IRQHandler
                0x08000ce0                TAMP_STAMP_IRQHandler
                0x08000ce0                PendSV_Handler
                0x08000ce0                NMI_Handler
                0x08000ce0                CAN2_RX1_IRQHandler
                0x08000ce0                EXTI3_IRQHandler
                0x08000ce0                TIM8_TRG_COM_TIM14_IRQHandler
                0x08000ce0                TIM1_UP_TIM10_IRQHandler
                0x08000ce0                TIM8_UP_TIM13_IRQHandler
                0x08000ce0                I2C3_ER_IRQHandler
                0x08000ce0                EXTI0_IRQHandler
                0x08000ce0                I2C2_EV_IRQHandler
                0x08000ce0                DMA1_Stream2_IRQHandler
                0x08000ce0                CAN1_RX0_IRQHandler
                0x08000ce0                FPU_IRQHandler
                0x08000ce0                OTG_HS_WKUP_IRQHandler
                0x08000ce0                UsageFault_Handler
                0x08000ce0                CAN2_SCE_IRQHandler
                0x08000ce0                DMA2_Stream2_IRQHandler
                0x08000ce0                SPI1_IRQHandler
                0x08000ce0                TIM1_BRK_TIM9_IRQHandler
                0x08000ce0                DCMI_IRQHandler
                0x08000ce0                CAN2_RX0_IRQHandler
                0x08000ce0                DMA2_Stream3_IRQHandler
                0x08000ce0                USART6_IRQHandler
                0x08000ce0                USART3_IRQHandler
                0x08000ce0                CAN1_RX1_IRQHandler
                0x08000ce0                UART5_IRQHandler
                0x08000ce0                DMA2_Stream0_IRQHandler
                0x08000ce0                TIM4_IRQHandler
                0x08000ce0                I2C1_EV_IRQHandler
                0x08000ce0                DMA1_Stream6_IRQHandler
                0x08000ce0                DMA1_Stream1_IRQHandler
                0x08000ce0                UART4_IRQHandler
                0x08000ce0                TIM3_IRQHandler
                0x08000ce0                RCC_IRQHandler
                0x08000ce0                TIM8_BRK_TIM12_IRQHandler
                0x08000ce0                Default_Handler
                0x08000ce0                EXTI15_10_IRQHandler
                0x08000ce0                ADC_IRQHandler
                0x08000ce0                DMA1_Stream7_IRQHandler
                0x08000ce0                TIM7_IRQHandler
                0x08000ce0                CAN2_TX_IRQHandler
                0x08000ce0                TIM5_IRQHandler
                0x08000ce0                DMA2_Stream7_IRQHandler
                0x08000ce0                I2C3_EV_IRQHandler
                0x08000ce0                EXTI9_5_IRQHandler
                0x08000ce0                RTC_WKUP_IRQHandler
                0x08000ce0                ETH_WKUP_IRQHandler
                0x08000ce0                SPI2_IRQHandler
                0x08000ce0                OTG_HS_EP1_IN_IRQHandler
                0x08000ce0                MemManage_Handler
                0x08000ce0                DMA1_Stream0_IRQHandler
                0x08000ce0                CAN1_TX_IRQHandler
                0x08000ce0                SVC_Handler
                0x08000ce0                EXTI4_IRQHandler
                0x08000ce0                FSMC_IRQHandler
                0x08000ce0                ETH_IRQHandler
                0x08000ce0                OTG_HS_EP1_OUT_IRQHandler
                0x08000ce0                WWDG_IRQHandler
                0x08000ce0                TIM2_IRQHandler
                0x08000ce0                OTG_FS_WKUP_IRQHandler
                0x08000ce0                OTG_HS_IRQHandler
                0x08000ce0                EXTI1_IRQHandler
                0x08000ce0                I2C2_ER_IRQHandler
                0x08000ce0                DMA2_Stream1_IRQHandler
                0x08000ce0                CAN1_SCE_IRQHandler
                0x08000ce0                FLASH_IRQHandler
                0x08000ce0                DMA2_Stream4_IRQHandler
                0x08000ce0                BusFault_Handler
                0x08000ce0                USART1_IRQHandler
                0x08000ce0                OTG_FS_IRQHandler
                0x08000ce0                SPI3_IRQHandler
                0x08000ce0                DMA1_Stream4_IRQHandler
                0x08000ce0                I2C1_ER_IRQHandler
                0x08000ce0                DMA2_Stream6_IRQHandler
                0x08000ce0                DMA1_Stream3_IRQHandler
 *fill*         0x08000ce2        0x2 
 .text.MX_GPIO_Init
                0x08000ce4      0x1f4 Application/User/main.o
 .text.HAL_TIM_PeriodElapsedCallback
                0x08000ed8      0x1d0 Application/User/main.o
                0x08000ed8                HAL_TIM_PeriodElapsedCallback
 .text.power    0x080010a8       0x18 Application/User/main.o
                0x080010a8                power
 .text.HAL_UART_RxCpltCallback
                0x080010c0      0x170 Application/User/main.o
                0x080010c0                HAL_UART_RxCpltCallback
 .text._Error_Handler
                0x08001230        0x4 Application/User/main.o
                0x08001230                _Error_Handler
 .text.MX_USART2_UART_Init
                0x08001234       0x3c Application/User/main.o
 .text.MX_TIM11_Init
                0x08001270       0x6c Application/User/main.o
 .text.MX_DAC_Init
                0x080012dc       0x48 Application/User/main.o
 .text.MX_TIM6_Init
                0x08001324       0x54 Application/User/main.o
 .text.SystemClock_Config
                0x08001378       0xcc Application/User/main.o
                0x08001378                SystemClock_Config
 .text.main     0x08001444       0x58 Application/User/main.o
                0x08001444                main
 .text.HAL_MspInit
                0x0800149c       0x60 Application/User/stm32f4xx_hal_msp.o
                0x0800149c                HAL_MspInit
 .text.HAL_DAC_MspInit
                0x080014fc       0x58 Application/User/stm32f4xx_hal_msp.o
                0x080014fc                HAL_DAC_MspInit
 .text.HAL_TIM_Base_MspInit
                0x08001554       0x74 Application/User/stm32f4xx_hal_msp.o
                0x08001554                HAL_TIM_Base_MspInit
 .text.HAL_UART_MspInit
                0x080015c8       0x60 Application/User/stm32f4xx_hal_msp.o
                0x080015c8                HAL_UART_MspInit
 .text.SysTick_Handler
                0x08001628        0xc Application/User/stm32f4xx_it.o
                0x08001628                SysTick_Handler
 .text.TIM1_TRG_COM_TIM11_IRQHandler
                0x08001634       0x10 Application/User/stm32f4xx_it.o
                0x08001634                TIM1_TRG_COM_TIM11_IRQHandler
 .text.USART2_IRQHandler
                0x08001644       0x10 Application/User/stm32f4xx_it.o
                0x08001644                USART2_IRQHandler
 .text.TIM6_DAC_IRQHandler
                0x08001654       0x18 Application/User/stm32f4xx_it.o
                0x08001654                TIM6_DAC_IRQHandler
 .text.SystemInit
                0x0800166c       0x4c Drivers/CMSIS/system_stm32f4xx.o
                0x0800166c                SystemInit
 .text.HAL_InitTick
                0x080016b8       0x2c Drivers/STM32F4xx_HAL_Driver/stm32f4xx_hal.o
                0x080016b8                HAL_InitTick
 .text.HAL_Init
                0x080016e4       0x34 Drivers/STM32F4xx_HAL_Driver/stm32f4xx_hal.o
                0x080016e4                HAL_Init
 .text.HAL_IncTick
                0x08001718       0x10 Drivers/STM32F4xx_HAL_Driver/stm32f4xx_hal.o
                0x08001718                HAL_IncTick
 .text.HAL_GetTick
                0x08001728        0xc Drivers/STM32F4xx_HAL_Driver/stm32f4xx_hal.o
                0x08001728                HAL_GetTick
 .text.HAL_NVIC_SetPriorityGrouping
                0x08001734       0x24 Drivers/STM32F4xx_HAL_Driver/stm32f4xx_hal_cortex.o
                0x08001734                HAL_NVIC_SetPriorityGrouping
 .text.HAL_NVIC_SetPriority
                0x08001758       0x64 Drivers/STM32F4xx_HAL_Driver/stm32f4xx_hal_cortex.o
                0x08001758                HAL_NVIC_SetPriority
 .text.HAL_NVIC_EnableIRQ
                0x080017bc       0x18 Drivers/STM32F4xx_HAL_Driver/stm32f4xx_hal_cortex.o
                0x080017bc                HAL_NVIC_EnableIRQ
 .text.HAL_SYSTICK_Config
                0x080017d4       0x2c Drivers/STM32F4xx_HAL_Driver/stm32f4xx_hal_cortex.o
                0x080017d4                HAL_SYSTICK_Config
 .text.HAL_SYSTICK_CLKSourceConfig
                0x08001800       0x20 Drivers/STM32F4xx_HAL_Driver/stm32f4xx_hal_cortex.o
                0x08001800                HAL_SYSTICK_CLKSourceConfig
 .text.HAL_SYSTICK_Callback
                0x08001820        0x4 Drivers/STM32F4xx_HAL_Driver/stm32f4xx_hal_cortex.o
                0x08001820                HAL_SYSTICK_Callback
 .text.HAL_SYSTICK_IRQHandler
                0x08001824        0x8 Drivers/STM32F4xx_HAL_Driver/stm32f4xx_hal_cortex.o
                0x08001824                HAL_SYSTICK_IRQHandler
 .text.HAL_DAC_Init
                0x0800182c       0x28 Drivers/STM32F4xx_HAL_Driver/stm32f4xx_hal_dac.o
                0x0800182c                HAL_DAC_Init
 .text.HAL_DAC_Start
                0x08001854       0x70 Drivers/STM32F4xx_HAL_Driver/stm32f4xx_hal_dac.o
                0x08001854                HAL_DAC_Start
 .text.HAL_DAC_DMAUnderrunCallbackCh1
                0x080018c4        0x4 Drivers/STM32F4xx_HAL_Driver/stm32f4xx_hal_dac.o
                0x080018c4                HAL_DAC_DMAUnderrunCallbackCh1
 .text.HAL_DAC_IRQHandler
                0x080018c8       0x5c Drivers/STM32F4xx_HAL_Driver/stm32f4xx_hal_dac.o
                0x080018c8                HAL_DAC_IRQHandler
 .text.HAL_DAC_ConfigChannel
                0x08001924       0x4c Drivers/STM32F4xx_HAL_Driver/stm32f4xx_hal_dac.o
                0x08001924                HAL_DAC_ConfigChannel
 .text.HAL_DAC_SetValue
                0x08001970       0x30 Drivers/STM32F4xx_HAL_Driver/stm32f4xx_hal_dac.o
                0x08001970                HAL_DAC_SetValue
 .text.HAL_DACEx_DMAUnderrunCallbackCh2
                0x080019a0        0x4 Drivers/STM32F4xx_HAL_Driver/stm32f4xx_hal_dac_ex.o
                0x080019a0                HAL_DACEx_DMAUnderrunCallbackCh2
 .text.HAL_DMA_Abort_IT
                0x080019a4       0x28 Drivers/STM32F4xx_HAL_Driver/stm32f4xx_hal_dma.o
                0x080019a4                HAL_DMA_Abort_IT
 .text.HAL_GPIO_Init
                0x080019cc      0x1c0 Drivers/STM32F4xx_HAL_Driver/stm32f4xx_hal_gpio.o
                0x080019cc                HAL_GPIO_Init
 .text.HAL_GPIO_WritePin
                0x08001b8c        0xc Drivers/STM32F4xx_HAL_Driver/stm32f4xx_hal_gpio.o
                0x08001b8c                HAL_GPIO_WritePin
 .text.HAL_RCC_OscConfig
                0x08001b98      0x3c8 Drivers/STM32F4xx_HAL_Driver/stm32f4xx_hal_rcc.o
                0x08001b98                HAL_RCC_OscConfig
 .text.HAL_RCC_GetSysClockFreq
                0x08001f60       0xa4 Drivers/STM32F4xx_HAL_Driver/stm32f4xx_hal_rcc.o
                0x08001f60                HAL_RCC_GetSysClockFreq
 .text.HAL_RCC_ClockConfig
                0x08002004      0x1b0 Drivers/STM32F4xx_HAL_Driver/stm32f4xx_hal_rcc.o
                0x08002004                HAL_RCC_ClockConfig
 .text.HAL_RCC_GetHCLKFreq
                0x080021b4        0xc Drivers/STM32F4xx_HAL_Driver/stm32f4xx_hal_rcc.o
                0x080021b4                HAL_RCC_GetHCLKFreq
 .text.HAL_RCC_GetPCLK1Freq
                0x080021c0       0x30 Drivers/STM32F4xx_HAL_Driver/stm32f4xx_hal_rcc.o
                0x080021c0                HAL_RCC_GetPCLK1Freq
 .text.HAL_RCC_GetPCLK2Freq
                0x080021f0       0x30 Drivers/STM32F4xx_HAL_Driver/stm32f4xx_hal_rcc.o
                0x080021f0                HAL_RCC_GetPCLK2Freq
 .text.TIM_OC1_SetConfig
                0x08002220       0x68 Drivers/STM32F4xx_HAL_Driver/stm32f4xx_hal_tim.o
 .text.TIM_OC3_SetConfig
                0x08002288       0x6c Drivers/STM32F4xx_HAL_Driver/stm32f4xx_hal_tim.o
 .text.TIM_OC4_SetConfig
                0x080022f4       0x5c Drivers/STM32F4xx_HAL_Driver/stm32f4xx_hal_tim.o
 .text.HAL_TIM_Base_Start_IT
                0x08002350       0x18 Drivers/STM32F4xx_HAL_Driver/stm32f4xx_hal_tim.o
                0x08002350                HAL_TIM_Base_Start_IT
 .text.HAL_TIM_OC_MspInit
                0x08002368        0x4 Drivers/STM32F4xx_HAL_Driver/stm32f4xx_hal_tim.o
                0x08002368                HAL_TIM_OC_MspInit
 .text.HAL_TIM_OC_DelayElapsedCallback
                0x0800236c        0x4 Drivers/STM32F4xx_HAL_Driver/stm32f4xx_hal_tim.o
                0x0800236c                HAL_TIM_OC_DelayElapsedCallback
 .text.HAL_TIM_IC_CaptureCallback
                0x08002370        0x4 Drivers/STM32F4xx_HAL_Driver/stm32f4xx_hal_tim.o
                0x08002370                HAL_TIM_IC_CaptureCallback
 .text.HAL_TIM_PWM_PulseFinishedCallback
                0x08002374        0x4 Drivers/STM32F4xx_HAL_Driver/stm32f4xx_hal_tim.o
                0x08002374                HAL_TIM_PWM_PulseFinishedCallback
 .text.HAL_TIM_TriggerCallback
                0x08002378        0x4 Drivers/STM32F4xx_HAL_Driver/stm32f4xx_hal_tim.o
                0x08002378                HAL_TIM_TriggerCallback
 .text.HAL_TIM_IRQHandler
                0x0800237c      0x174 Drivers/STM32F4xx_HAL_Driver/stm32f4xx_hal_tim.o
                0x0800237c                HAL_TIM_IRQHandler
 .text.TIM_Base_SetConfig
                0x080024f0      0x11c Drivers/STM32F4xx_HAL_Driver/stm32f4xx_hal_tim.o
                0x080024f0                TIM_Base_SetConfig
 .text.HAL_TIM_Base_Init
                0x0800260c       0x38 Drivers/STM32F4xx_HAL_Driver/stm32f4xx_hal_tim.o
                0x0800260c                HAL_TIM_Base_Init
 .text.HAL_TIM_OC_Init
                0x08002644       0x38 Drivers/STM32F4xx_HAL_Driver/stm32f4xx_hal_tim.o
                0x08002644                HAL_TIM_OC_Init
 .text.TIM_OC2_SetConfig
                0x0800267c       0x70 Drivers/STM32F4xx_HAL_Driver/stm32f4xx_hal_tim.o
                0x0800267c                TIM_OC2_SetConfig
 .text.HAL_TIM_OC_ConfigChannel
                0x080026ec       0x60 Drivers/STM32F4xx_HAL_Driver/stm32f4xx_hal_tim.o
                0x080026ec                HAL_TIM_OC_ConfigChannel
 .text.HAL_TIMEx_MasterConfigSynchronization
                0x0800274c       0x54 Drivers/STM32F4xx_HAL_Driver/stm32f4xx_hal_tim_ex.o
                0x0800274c                HAL_TIMEx_MasterConfigSynchronization
 .text.HAL_TIMEx_CommutationCallback
                0x080027a0        0x4 Drivers/STM32F4xx_HAL_Driver/stm32f4xx_hal_tim_ex.o
                0x080027a0                HAL_TIMEx_CommutationCallback
 .text.HAL_TIMEx_BreakCallback
                0x080027a4        0x4 Drivers/STM32F4xx_HAL_Driver/stm32f4xx_hal_tim_ex.o
                0x080027a4                HAL_TIMEx_BreakCallback
 .text.UART_EndRxTransfer
                0x080027a8       0x1c Drivers/STM32F4xx_HAL_Driver/stm32f4xx_hal_uart.o
 .text.UART_Transmit_IT
                0x080027c4       0x6c Drivers/STM32F4xx_HAL_Driver/stm32f4xx_hal_uart.o
 .text.UART_SetConfig
                0x08002830      0x32c Drivers/STM32F4xx_HAL_Driver/stm32f4xx_hal_uart.o
 .text.HAL_UART_Init
                0x08002b5c       0x64 Drivers/STM32F4xx_HAL_Driver/stm32f4xx_hal_uart.o
                0x08002b5c                HAL_UART_Init
 .text.HAL_UART_Transmit_IT
                0x08002bc0       0x48 Drivers/STM32F4xx_HAL_Driver/stm32f4xx_hal_uart.o
                0x08002bc0                HAL_UART_Transmit_IT
 .text.HAL_UART_Receive_IT
                0x08002c08       0x54 Drivers/STM32F4xx_HAL_Driver/stm32f4xx_hal_uart.o
                0x08002c08                HAL_UART_Receive_IT
 .text.HAL_UART_TxCpltCallback
                0x08002c5c        0x4 Drivers/STM32F4xx_HAL_Driver/stm32f4xx_hal_uart.o
                0x08002c5c                HAL_UART_TxCpltCallback
 .text.UART_EndTransmit_IT
                0x08002c60       0x1c Drivers/STM32F4xx_HAL_Driver/stm32f4xx_hal_uart.o
 .text.UART_Receive_IT
                0x08002c7c       0x94 Drivers/STM32F4xx_HAL_Driver/stm32f4xx_hal_uart.o
 .text.HAL_UART_ErrorCallback
                0x08002d10        0x4 Drivers/STM32F4xx_HAL_Driver/stm32f4xx_hal_uart.o
                0x08002d10                HAL_UART_ErrorCallback
 .text.HAL_UART_IRQHandler
                0x08002d14      0x11c Drivers/STM32F4xx_HAL_Driver/stm32f4xx_hal_uart.o
                0x08002d14                HAL_UART_IRQHandler
 .text.UART_DMAAbortOnError
                0x08002e30       0x10 Drivers/STM32F4xx_HAL_Driver/stm32f4xx_hal_uart.o
 .text.atoi     0x08002e40        0x8 c:/eclipse mars_c/eclipse/plugins/fr.ac6.mcu.externaltools.arm-none.win32_1.13.2.201703061525/tools/compiler/bin/../lib/gcc/arm-none-eabi/5.4.1/../../../../arm-none-eabi/lib/armv7e-m/fpu\libc_nano.a(lib_a-atoi.o)
                0x08002e40                atoi
 .text.__libc_init_array
                0x08002e48       0x4c c:/eclipse mars_c/eclipse/plugins/fr.ac6.mcu.externaltools.arm-none.win32_1.13.2.201703061525/tools/compiler/bin/../lib/gcc/arm-none-eabi/5.4.1/../../../../arm-none-eabi/lib/armv7e-m/fpu\libc_nano.a(lib_a-init.o)
                0x08002e48                __libc_init_array
 .text.malloc   0x08002e94       0x10 c:/eclipse mars_c/eclipse/plugins/fr.ac6.mcu.externaltools.arm-none.win32_1.13.2.201703061525/tools/compiler/bin/../lib/gcc/arm-none-eabi/5.4.1/../../../../arm-none-eabi/lib/armv7e-m/fpu\libc_nano.a(lib_a-malloc.o)
                0x08002e94                malloc
 .text.free     0x08002ea4       0x10 c:/eclipse mars_c/eclipse/plugins/fr.ac6.mcu.externaltools.arm-none.win32_1.13.2.201703061525/tools/compiler/bin/../lib/gcc/arm-none-eabi/5.4.1/../../../../arm-none-eabi/lib/armv7e-m/fpu\libc_nano.a(lib_a-malloc.o)
                0x08002ea4                free
 .text._free_r  0x08002eb4       0x9c c:/eclipse mars_c/eclipse/plugins/fr.ac6.mcu.externaltools.arm-none.win32_1.13.2.201703061525/tools/compiler/bin/../lib/gcc/arm-none-eabi/5.4.1/../../../../arm-none-eabi/lib/armv7e-m/fpu\libc_nano.a(lib_a-nano-freer.o)
                0x08002eb4                _free_r
 .text._malloc_r
                0x08002f50       0xbc c:/eclipse mars_c/eclipse/plugins/fr.ac6.mcu.externaltools.arm-none.win32_1.13.2.201703061525/tools/compiler/bin/../lib/gcc/arm-none-eabi/5.4.1/../../../../arm-none-eabi/lib/armv7e-m/fpu\libc_nano.a(lib_a-nano-mallocr.o)
                0x08002f50                _malloc_r
 .text._sbrk_r  0x0800300c       0x20 c:/eclipse mars_c/eclipse/plugins/fr.ac6.mcu.externaltools.arm-none.win32_1.13.2.201703061525/tools/compiler/bin/../lib/gcc/arm-none-eabi/5.4.1/../../../../arm-none-eabi/lib/armv7e-m/fpu\libc_nano.a(lib_a-sbrkr.o)
                0x0800300c                _sbrk_r
 .text.sprintf  0x0800302c       0x48 c:/eclipse mars_c/eclipse/plugins/fr.ac6.mcu.externaltools.arm-none.win32_1.13.2.201703061525/tools/compiler/bin/../lib/gcc/arm-none-eabi/5.4.1/../../../../arm-none-eabi/lib/armv7e-m/fpu\libc_nano.a(lib_a-sprintf.o)
                0x0800302c                siprintf
                0x0800302c                sprintf
 .text._strtol_l.isra.0
                0x08003074      0x110 c:/eclipse mars_c/eclipse/plugins/fr.ac6.mcu.externaltools.arm-none.win32_1.13.2.201703061525/tools/compiler/bin/../lib/gcc/arm-none-eabi/5.4.1/../../../../arm-none-eabi/lib/armv7e-m/fpu\libc_nano.a(lib_a-strtol.o)
 .text.strtol   0x08003184       0x2c c:/eclipse mars_c/eclipse/plugins/fr.ac6.mcu.externaltools.arm-none.win32_1.13.2.201703061525/tools/compiler/bin/../lib/gcc/arm-none-eabi/5.4.1/../../../../arm-none-eabi/lib/armv7e-m/fpu\libc_nano.a(lib_a-strtol.o)
                0x08003184                strtol
 .text.__locale_ctype_ptr_l
                0x080031b0        0x6 c:/eclipse mars_c/eclipse/plugins/fr.ac6.mcu.externaltools.arm-none.win32_1.13.2.201703061525/tools/compiler/bin/../lib/gcc/arm-none-eabi/5.4.1/../../../../arm-none-eabi/lib/armv7e-m/fpu\libc_nano.a(lib_a-locale.o)
                0x080031b0                __locale_ctype_ptr_l
 .text.__ascii_mbtowc
                0x080031b6       0x24 c:/eclipse mars_c/eclipse/plugins/fr.ac6.mcu.externaltools.arm-none.win32_1.13.2.201703061525/tools/compiler/bin/../lib/gcc/arm-none-eabi/5.4.1/../../../../arm-none-eabi/lib/armv7e-m/fpu\libc_nano.a(lib_a-mbtowc_r.o)
                0x080031b6                __ascii_mbtowc
 .text.__malloc_lock
                0x080031da        0x2 c:/eclipse mars_c/eclipse/plugins/fr.ac6.mcu.externaltools.arm-none.win32_1.13.2.201703061525/tools/compiler/bin/../lib/gcc/arm-none-eabi/5.4.1/../../../../arm-none-eabi/lib/armv7e-m/fpu\libc_nano.a(lib_a-mlock.o)
                0x080031da                __malloc_lock
 .text.__malloc_unlock
                0x080031dc        0x2 c:/eclipse mars_c/eclipse/plugins/fr.ac6.mcu.externaltools.arm-none.win32_1.13.2.201703061525/tools/compiler/bin/../lib/gcc/arm-none-eabi/5.4.1/../../../../arm-none-eabi/lib/armv7e-m/fpu\libc_nano.a(lib_a-mlock.o)
                0x080031dc                __malloc_unlock
 .text.__ssputs_r
                0x080031de       0xb2 c:/eclipse mars_c/eclipse/plugins/fr.ac6.mcu.externaltools.arm-none.win32_1.13.2.201703061525/tools/compiler/bin/../lib/gcc/arm-none-eabi/5.4.1/../../../../arm-none-eabi/lib/armv7e-m/fpu\libc_nano.a(lib_a-nano-svfprintf.o)
                0x080031de                __ssputs_r
 .text._svfprintf_r
                0x08003290      0x1e8 c:/eclipse mars_c/eclipse/plugins/fr.ac6.mcu.externaltools.arm-none.win32_1.13.2.201703061525/tools/compiler/bin/../lib/gcc/arm-none-eabi/5.4.1/../../../../arm-none-eabi/lib/armv7e-m/fpu\libc_nano.a(lib_a-nano-svfprintf.o)
                0x08003290                _svfiprintf_r
                0x08003290                _svfprintf_r
 .text._printf_common
                0x08003478       0xec c:/eclipse mars_c/eclipse/plugins/fr.ac6.mcu.externaltools.arm-none.win32_1.13.2.201703061525/tools/compiler/bin/../lib/gcc/arm-none-eabi/5.4.1/../../../../arm-none-eabi/lib/armv7e-m/fpu\libc_nano.a(lib_a-nano-vfprintf_i.o)
                0x08003478                _printf_common
 .text._printf_i
                0x08003564      0x24c c:/eclipse mars_c/eclipse/plugins/fr.ac6.mcu.externaltools.arm-none.win32_1.13.2.201703061525/tools/compiler/bin/../lib/gcc/arm-none-eabi/5.4.1/../../../../arm-none-eabi/lib/armv7e-m/fpu\libc_nano.a(lib_a-nano-vfprintf_i.o)
                0x08003564                _printf_i
 .text.__ascii_wctomb
                0x080037b0       0x1a c:/eclipse mars_c/eclipse/plugins/fr.ac6.mcu.externaltools.arm-none.win32_1.13.2.201703061525/tools/compiler/bin/../lib/gcc/arm-none-eabi/5.4.1/../../../../arm-none-eabi/lib/armv7e-m/fpu\libc_nano.a(lib_a-wctomb_r.o)
                0x080037b0                __ascii_wctomb
 .text.memcpy   0x080037ca       0x16 c:/eclipse mars_c/eclipse/plugins/fr.ac6.mcu.externaltools.arm-none.win32_1.13.2.201703061525/tools/compiler/bin/../lib/gcc/arm-none-eabi/5.4.1/../../../../arm-none-eabi/lib/armv7e-m/fpu\libc_nano.a(lib_a-memcpy-stub.o)
                0x080037ca                memcpy
 .text.memmove  0x080037e0       0x36 c:/eclipse mars_c/eclipse/plugins/fr.ac6.mcu.externaltools.arm-none.win32_1.13.2.201703061525/tools/compiler/bin/../lib/gcc/arm-none-eabi/5.4.1/../../../../arm-none-eabi/lib/armv7e-m/fpu\libc_nano.a(lib_a-memmove.o)
                0x080037e0                memmove
 .text._realloc_r
                0x08003816       0x4c c:/eclipse mars_c/eclipse/plugins/fr.ac6.mcu.externaltools.arm-none.win32_1.13.2.201703061525/tools/compiler/bin/../lib/gcc/arm-none-eabi/5.4.1/../../../../arm-none-eabi/lib/armv7e-m/fpu\libc_nano.a(lib_a-nano-reallocr.o)
                0x08003816                _realloc_r
 .text._malloc_usable_size_r
                0x08003862       0x14 c:/eclipse mars_c/eclipse/plugins/fr.ac6.mcu.externaltools.arm-none.win32_1.13.2.201703061525/tools/compiler/bin/../lib/gcc/arm-none-eabi/5.4.1/../../../../arm-none-eabi/lib/armv7e-m/fpu\libc_nano.a(lib_a-nano-msizer.o)
                0x08003862                _malloc_usable_size_r
 *fill*         0x08003876        0x2 
 .text._sbrk    0x08003878       0x1c c:/eclipse mars_c/eclipse/plugins/fr.ac6.mcu.externaltools.arm-none.win32_1.13.2.201703061525/tools/compiler/bin/../lib/gcc/arm-none-eabi/5.4.1/../../../../arm-none-eabi/lib/armv7e-m/fpu\libnosys.a(sbrk.o)
                0x08003878                _sbrk
 *(.glue_7)
 .glue_7        0x08003894        0x0 linker stubs
 *(.glue_7t)
 .glue_7t       0x08003894        0x0 linker stubs
 *(.eh_frame)
 .eh_frame      0x08003894        0x0 c:/eclipse mars_c/eclipse/plugins/fr.ac6.mcu.externaltools.arm-none.win32_1.13.2.201703061525/tools/compiler/bin/../lib/gcc/arm-none-eabi/5.4.1/armv7e-m/fpu/crtbegin.o
 *(.init)
 .init          0x08003894        0x4 c:/eclipse mars_c/eclipse/plugins/fr.ac6.mcu.externaltools.arm-none.win32_1.13.2.201703061525/tools/compiler/bin/../lib/gcc/arm-none-eabi/5.4.1/armv7e-m/fpu/crti.o
                0x08003894                _init
 .init          0x08003898        0x8 c:/eclipse mars_c/eclipse/plugins/fr.ac6.mcu.externaltools.arm-none.win32_1.13.2.201703061525/tools/compiler/bin/../lib/gcc/arm-none-eabi/5.4.1/armv7e-m/fpu/crtn.o
 *(.fini)
 .fini          0x080038a0        0x4 c:/eclipse mars_c/eclipse/plugins/fr.ac6.mcu.externaltools.arm-none.win32_1.13.2.201703061525/tools/compiler/bin/../lib/gcc/arm-none-eabi/5.4.1/armv7e-m/fpu/crti.o
                0x080038a0                _fini
 .fini          0x080038a4        0x8 c:/eclipse mars_c/eclipse/plugins/fr.ac6.mcu.externaltools.arm-none.win32_1.13.2.201703061525/tools/compiler/bin/../lib/gcc/arm-none-eabi/5.4.1/armv7e-m/fpu/crtn.o
                0x080038ac                . = ALIGN (0x4)
                0x080038ac                _etext = .

.vfp11_veneer   0x080038ac        0x0
 .vfp11_veneer  0x080038ac        0x0 linker stubs

.v4_bx          0x080038ac        0x0
 .v4_bx         0x080038ac        0x0 linker stubs

.iplt           0x080038ac        0x0
 .iplt          0x080038ac        0x0 c:/eclipse mars_c/eclipse/plugins/fr.ac6.mcu.externaltools.arm-none.win32_1.13.2.201703061525/tools/compiler/bin/../lib/gcc/arm-none-eabi/5.4.1/armv7e-m/fpu/crtbegin.o

.rodata         0x080038ac      0x74c
                0x080038ac                . = ALIGN (0x4)
 *(.rodata)
 .rodata        0x080038ac      0x5a4 Application/User/main.o
                0x080038ac                cosTable
                0x08003e4c                tp
 .rodata        0x08003e50       0x18 Drivers/CMSIS/system_stm32f4xx.o
                0x08003e50                AHBPrescTable
                0x08003e60                APBPrescTable
 *(.rodata*)
 .rodata.str1.4
                0x08003e68       0x50 Application/User/main.o
                                 0x4e (size before relaxing)
 .rodata.str1.1
                0x08003eb8        0xa c:/eclipse mars_c/eclipse/plugins/fr.ac6.mcu.externaltools.arm-none.win32_1.13.2.201703061525/tools/compiler/bin/../lib/gcc/arm-none-eabi/5.4.1/../../../../arm-none-eabi/lib/armv7e-m/fpu\libc_nano.a(lib_a-locale.o)
                                  0xb (size before relaxing)
 .rodata.str1.1
                0x08003ec2       0x11 c:/eclipse mars_c/eclipse/plugins/fr.ac6.mcu.externaltools.arm-none.win32_1.13.2.201703061525/tools/compiler/bin/../lib/gcc/arm-none-eabi/5.4.1/../../../../arm-none-eabi/lib/armv7e-m/fpu\libc_nano.a(lib_a-nano-svfprintf.o)
 .rodata.str1.1
                0x08003ed3       0x22 c:/eclipse mars_c/eclipse/plugins/fr.ac6.mcu.externaltools.arm-none.win32_1.13.2.201703061525/tools/compiler/bin/../lib/gcc/arm-none-eabi/5.4.1/../../../../arm-none-eabi/lib/armv7e-m/fpu\libc_nano.a(lib_a-nano-vfprintf_i.o)
 .rodata._ctype_
                0x08003ef5      0x101 c:/eclipse mars_c/eclipse/plugins/fr.ac6.mcu.externaltools.arm-none.win32_1.13.2.201703061525/tools/compiler/bin/../lib/gcc/arm-none-eabi/5.4.1/../../../../arm-none-eabi/lib/armv7e-m/fpu\libc_nano.a(lib_a-ctype_.o)
                0x08003ef5                _ctype_
                0x08003ff8                . = ALIGN (0x4)
 *fill*         0x08003ff6        0x2 

.rel.dyn        0x08003ff8        0x0
 .rel.iplt      0x08003ff8        0x0 c:/eclipse mars_c/eclipse/plugins/fr.ac6.mcu.externaltools.arm-none.win32_1.13.2.201703061525/tools/compiler/bin/../lib/gcc/arm-none-eabi/5.4.1/armv7e-m/fpu/crtbegin.o

.ARM.extab
 *(.ARM.extab* .gnu.linkonce.armextab.*)

.ARM            0x08003ff8        0x0
                0x08003ff8                __exidx_start = .
 *(.ARM.exidx*)
                0x08003ff8                __exidx_end = .

.preinit_array  0x08003ff8        0x0
                0x08003ff8                PROVIDE (__preinit_array_start, .)
 *(.preinit_array*)
                0x08003ff8                PROVIDE (__preinit_array_end, .)

.init_array     0x08003ff8        0x4
                0x08003ff8                PROVIDE (__init_array_start, .)
 *(SORT(.init_array.*))
 *(.init_array*)
 .init_array    0x08003ff8        0x4 c:/eclipse mars_c/eclipse/plugins/fr.ac6.mcu.externaltools.arm-none.win32_1.13.2.201703061525/tools/compiler/bin/../lib/gcc/arm-none-eabi/5.4.1/armv7e-m/fpu/crtbegin.o
                0x08003ffc                PROVIDE (__init_array_end, .)

.fini_array     0x08003ffc        0x4
                [!provide]                PROVIDE (__fini_array_start, .)
 *(SORT(.fini_array.*))
 *(.fini_array*)
 .fini_array    0x08003ffc        0x4 c:/eclipse mars_c/eclipse/plugins/fr.ac6.mcu.externaltools.arm-none.win32_1.13.2.201703061525/tools/compiler/bin/../lib/gcc/arm-none-eabi/5.4.1/armv7e-m/fpu/crtbegin.o
                [!provide]                PROVIDE (__fini_array_end, .)
                0x08004000                _sidata = LOADADDR (.data)

.data           0x20000000      0x1e0 load address 0x08004000
                0x20000000                . = ALIGN (0x4)
                0x20000000                _sdata = .
 *(.data)
 .data          0x20000000        0xc Application/User/main.o
                0x20000008                r_size
 .data          0x2000000c        0x4 Drivers/CMSIS/system_stm32f4xx.o
                0x2000000c                SystemCoreClock
 *(.data*)
 .data.impure_data
                0x20000010       0x60 c:/eclipse mars_c/eclipse/plugins/fr.ac6.mcu.externaltools.arm-none.win32_1.13.2.201703061525/tools/compiler/bin/../lib/gcc/arm-none-eabi/5.4.1/../../../../arm-none-eabi/lib/armv7e-m/fpu\libc_nano.a(lib_a-impure.o)
 .data._impure_ptr
                0x20000070        0x4 c:/eclipse mars_c/eclipse/plugins/fr.ac6.mcu.externaltools.arm-none.win32_1.13.2.201703061525/tools/compiler/bin/../lib/gcc/arm-none-eabi/5.4.1/../../../../arm-none-eabi/lib/armv7e-m/fpu\libc_nano.a(lib_a-impure.o)
                0x20000070                _impure_ptr
 .data.__global_locale
                0x20000074      0x16c c:/eclipse mars_c/eclipse/plugins/fr.ac6.mcu.externaltools.arm-none.win32_1.13.2.201703061525/tools/compiler/bin/../lib/gcc/arm-none-eabi/5.4.1/../../../../arm-none-eabi/lib/armv7e-m/fpu\libc_nano.a(lib_a-locale.o)
                0x20000074                __global_locale
                0x200001e0                . = ALIGN (0x4)
                0x200001e0                _edata = .
                0x080041e0                _siccmram = LOADADDR (.ccmram)

.jcr            0x200001e0        0x0 load address 0x080041e0
 .jcr           0x200001e0        0x0 c:/eclipse mars_c/eclipse/plugins/fr.ac6.mcu.externaltools.arm-none.win32_1.13.2.201703061525/tools/compiler/bin/../lib/gcc/arm-none-eabi/5.4.1/armv7e-m/fpu/crtbegin.o

.igot.plt       0x200001e0        0x0 load address 0x080041e0
 .igot.plt      0x200001e0        0x0 c:/eclipse mars_c/eclipse/plugins/fr.ac6.mcu.externaltools.arm-none.win32_1.13.2.201703061525/tools/compiler/bin/../lib/gcc/arm-none-eabi/5.4.1/armv7e-m/fpu/crtbegin.o

.ccmram         0x10000000        0x0 load address 0x080041e0
                0x10000000                . = ALIGN (0x4)
                0x10000000                _sccmram = .
 *(.ccmram)
 *(.ccmram*)
                0x10000000                . = ALIGN (0x4)
                0x10000000                _eccmram = .
                0x10000000                . = ALIGN (0x4)

.bss            0x200001e0      0x1ac
                0x200001e0                _sbss = .
                0x200001e0                __bss_start__ = _sbss
 *(.bss)
 .bss           0x200001e0       0x1c c:/eclipse mars_c/eclipse/plugins/fr.ac6.mcu.externaltools.arm-none.win32_1.13.2.201703061525/tools/compiler/bin/../lib/gcc/arm-none-eabi/5.4.1/armv7e-m/fpu/crtbegin.o
 *fill*         0x200001fc        0x4 
 .bss           0x20000200       0x3c Application/User/main.o
                0x20000200                output
                0x20000204                freqTab
                0x20000208                ampTab
                0x2000020c                phaseTab
                0x20000210                out
                0x20000220                MAX
                0x20000228                freqTabRT
                0x2000022c                ampTabRT
                0x20000230                phaseTabRT
                0x20000238                freq
 *(.bss*)
 .bss.__malloc_sbrk_start
                0x2000023c        0x4 c:/eclipse mars_c/eclipse/plugins/fr.ac6.mcu.externaltools.arm-none.win32_1.13.2.201703061525/tools/compiler/bin/../lib/gcc/arm-none-eabi/5.4.1/../../../../arm-none-eabi/lib/armv7e-m/fpu\libc_nano.a(lib_a-nano-mallocr.o)
                0x2000023c                __malloc_sbrk_start
 .bss.__malloc_free_list
                0x20000240        0x4 c:/eclipse mars_c/eclipse/plugins/fr.ac6.mcu.externaltools.arm-none.win32_1.13.2.201703061525/tools/compiler/bin/../lib/gcc/arm-none-eabi/5.4.1/../../../../arm-none-eabi/lib/armv7e-m/fpu\libc_nano.a(lib_a-nano-mallocr.o)
                0x20000240                __malloc_free_list
 .bss.heap_end.4169
                0x20000244        0x4 c:/eclipse mars_c/eclipse/plugins/fr.ac6.mcu.externaltools.arm-none.win32_1.13.2.201703061525/tools/compiler/bin/../lib/gcc/arm-none-eabi/5.4.1/../../../../arm-none-eabi/lib/armv7e-m/fpu\libnosys.a(sbrk.o)
 *(COMMON)
 COMMON         0x20000248      0x13c Application/User/main.o
                0x20000248                Received
                0x2000024c                wsp_a
                0x20000250                vv
                0x20000254                bb
                0x20000258                aa
                0x2000025c                wsp_b
                0x20000260                cos
                0x20000264                htim11
                0x200002a0                hdac
                0x200002b4                htim6
                0x200002f0                licznik
                0x200002f4                ReceivedTab
                0x20000344                huart2
 COMMON         0x20000384        0x4 Drivers/STM32F4xx_HAL_Driver/stm32f4xx_hal.o
                0x20000384                uwTick
 COMMON         0x20000388        0x4 c:/eclipse mars_c/eclipse/plugins/fr.ac6.mcu.externaltools.arm-none.win32_1.13.2.201703061525/tools/compiler/bin/../lib/gcc/arm-none-eabi/5.4.1/../../../../arm-none-eabi/lib/armv7e-m/fpu\libc_nano.a(lib_a-reent.o)
                0x20000388                errno
                0x2000038c                . = ALIGN (0x4)
                0x2000038c                _ebss = .
                0x2000038c                __bss_end__ = _ebss

._user_heap_stack
                0x2000038c      0x604
                0x20000390                . = ALIGN (0x8)
 *fill*         0x2000038c        0x4 
                0x20000390                PROVIDE (end, .)
                [!provide]                PROVIDE (_end, .)
                0x20000590                . = (. + _Min_Heap_Size)
 *fill*         0x20000390      0x200 
                0x20000990                . = (. + _Min_Stack_Size)
 *fill*         0x20000590      0x400 
                0x20000990                . = ALIGN (0x8)

/DISCARD/
 libc.a(*)
 libm.a(*)
 libgcc.a(*)

.ARM.attributes
                0x00000000       0x30
 *(.ARM.attributes)
 .ARM.attributes
                0x00000000       0x22 c:/eclipse mars_c/eclipse/plugins/fr.ac6.mcu.externaltools.arm-none.win32_1.13.2.201703061525/tools/compiler/bin/../lib/gcc/arm-none-eabi/5.4.1/armv7e-m/fpu/crti.o
 .ARM.attributes
                0x00000022       0x34 c:/eclipse mars_c/eclipse/plugins/fr.ac6.mcu.externaltools.arm-none.win32_1.13.2.201703061525/tools/compiler/bin/../lib/gcc/arm-none-eabi/5.4.1/armv7e-m/fpu/crtbegin.o
 .ARM.attributes
                0x00000056       0x21 Application/SW4STM32/startup_stm32f407xx.o
 .ARM.attributes
                0x00000077       0x39 Application/User/main.o
 .ARM.attributes
                0x000000b0       0x39 Application/User/stm32f4xx_hal_msp.o
 .ARM.attributes
                0x000000e9       0x39 Application/User/stm32f4xx_it.o
 .ARM.attributes
                0x00000122       0x39 Drivers/CMSIS/system_stm32f4xx.o
 .ARM.attributes
                0x0000015b       0x39 Drivers/STM32F4xx_HAL_Driver/stm32f4xx_hal.o
 .ARM.attributes
                0x00000194       0x39 Drivers/STM32F4xx_HAL_Driver/stm32f4xx_hal_cortex.o
 .ARM.attributes
                0x000001cd       0x39 Drivers/STM32F4xx_HAL_Driver/stm32f4xx_hal_dac.o
 .ARM.attributes
                0x00000206       0x39 Drivers/STM32F4xx_HAL_Driver/stm32f4xx_hal_dac_ex.o
 .ARM.attributes
                0x0000023f       0x39 Drivers/STM32F4xx_HAL_Driver/stm32f4xx_hal_dma.o
 .ARM.attributes
                0x00000278       0x39 Drivers/STM32F4xx_HAL_Driver/stm32f4xx_hal_gpio.o
 .ARM.attributes
                0x000002b1       0x39 Drivers/STM32F4xx_HAL_Driver/stm32f4xx_hal_rcc.o
 .ARM.attributes
                0x000002ea       0x39 Drivers/STM32F4xx_HAL_Driver/stm32f4xx_hal_tim.o
 .ARM.attributes
                0x00000323       0x39 Drivers/STM32F4xx_HAL_Driver/stm32f4xx_hal_tim_ex.o
 .ARM.attributes
                0x0000035c       0x39 Drivers/STM32F4xx_HAL_Driver/stm32f4xx_hal_uart.o
 .ARM.attributes
                0x00000395       0x22 c:/eclipse mars_c/eclipse/plugins/fr.ac6.mcu.externaltools.arm-none.win32_1.13.2.201703061525/tools/compiler/bin/../lib/gcc/arm-none-eabi/5.4.1/armv7e-m/fpu\libgcc.a(_arm_addsubdf3.o)
 .ARM.attributes
                0x000003b7       0x22 c:/eclipse mars_c/eclipse/plugins/fr.ac6.mcu.externaltools.arm-none.win32_1.13.2.201703061525/tools/compiler/bin/../lib/gcc/arm-none-eabi/5.4.1/armv7e-m/fpu\libgcc.a(_arm_muldivdf3.o)
 .ARM.attributes
                0x000003d9       0x22 c:/eclipse mars_c/eclipse/plugins/fr.ac6.mcu.externaltools.arm-none.win32_1.13.2.201703061525/tools/compiler/bin/../lib/gcc/arm-none-eabi/5.4.1/armv7e-m/fpu\libgcc.a(_arm_fixdfsi.o)
 .ARM.attributes
                0x000003fb       0x22 c:/eclipse mars_c/eclipse/plugins/fr.ac6.mcu.externaltools.arm-none.win32_1.13.2.201703061525/tools/compiler/bin/../lib/gcc/arm-none-eabi/5.4.1/armv7e-m/fpu\libgcc.a(_arm_addsubsf3.o)
 .ARM.attributes
                0x0000041d       0x34 c:/eclipse mars_c/eclipse/plugins/fr.ac6.mcu.externaltools.arm-none.win32_1.13.2.201703061525/tools/compiler/bin/../lib/gcc/arm-none-eabi/5.4.1/../../../../arm-none-eabi/lib/armv7e-m/fpu\libc_nano.a(lib_a-atoi.o)
 .ARM.attributes
                0x00000451       0x34 c:/eclipse mars_c/eclipse/plugins/fr.ac6.mcu.externaltools.arm-none.win32_1.13.2.201703061525/tools/compiler/bin/../lib/gcc/arm-none-eabi/5.4.1/../../../../arm-none-eabi/lib/armv7e-m/fpu\libc_nano.a(lib_a-impure.o)
 .ARM.attributes
                0x00000485       0x34 c:/eclipse mars_c/eclipse/plugins/fr.ac6.mcu.externaltools.arm-none.win32_1.13.2.201703061525/tools/compiler/bin/../lib/gcc/arm-none-eabi/5.4.1/../../../../arm-none-eabi/lib/armv7e-m/fpu\libc_nano.a(lib_a-init.o)
 .ARM.attributes
                0x000004b9       0x34 c:/eclipse mars_c/eclipse/plugins/fr.ac6.mcu.externaltools.arm-none.win32_1.13.2.201703061525/tools/compiler/bin/../lib/gcc/arm-none-eabi/5.4.1/../../../../arm-none-eabi/lib/armv7e-m/fpu\libc_nano.a(lib_a-malloc.o)
 .ARM.attributes
                0x000004ed       0x34 c:/eclipse mars_c/eclipse/plugins/fr.ac6.mcu.externaltools.arm-none.win32_1.13.2.201703061525/tools/compiler/bin/../lib/gcc/arm-none-eabi/5.4.1/../../../../arm-none-eabi/lib/armv7e-m/fpu\libc_nano.a(lib_a-nano-freer.o)
 .ARM.attributes
                0x00000521       0x34 c:/eclipse mars_c/eclipse/plugins/fr.ac6.mcu.externaltools.arm-none.win32_1.13.2.201703061525/tools/compiler/bin/../lib/gcc/arm-none-eabi/5.4.1/../../../../arm-none-eabi/lib/armv7e-m/fpu\libc_nano.a(lib_a-nano-mallocr.o)
 .ARM.attributes
                0x00000555       0x34 c:/eclipse mars_c/eclipse/plugins/fr.ac6.mcu.externaltools.arm-none.win32_1.13.2.201703061525/tools/compiler/bin/../lib/gcc/arm-none-eabi/5.4.1/../../../../arm-none-eabi/lib/armv7e-m/fpu\libc_nano.a(lib_a-sbrkr.o)
 .ARM.attributes
                0x00000589       0x34 c:/eclipse mars_c/eclipse/plugins/fr.ac6.mcu.externaltools.arm-none.win32_1.13.2.201703061525/tools/compiler/bin/../lib/gcc/arm-none-eabi/5.4.1/../../../../arm-none-eabi/lib/armv7e-m/fpu\libc_nano.a(lib_a-sprintf.o)
 .ARM.attributes
                0x000005bd       0x34 c:/eclipse mars_c/eclipse/plugins/fr.ac6.mcu.externaltools.arm-none.win32_1.13.2.201703061525/tools/compiler/bin/../lib/gcc/arm-none-eabi/5.4.1/../../../../arm-none-eabi/lib/armv7e-m/fpu\libc_nano.a(lib_a-strtol.o)
 .ARM.attributes
                0x000005f1       0x34 c:/eclipse mars_c/eclipse/plugins/fr.ac6.mcu.externaltools.arm-none.win32_1.13.2.201703061525/tools/compiler/bin/../lib/gcc/arm-none-eabi/5.4.1/../../../../arm-none-eabi/lib/armv7e-m/fpu\libc_nano.a(lib_a-locale.o)
 .ARM.attributes
                0x00000625       0x34 c:/eclipse mars_c/eclipse/plugins/fr.ac6.mcu.externaltools.arm-none.win32_1.13.2.201703061525/tools/compiler/bin/../lib/gcc/arm-none-eabi/5.4.1/../../../../arm-none-eabi/lib/armv7e-m/fpu\libc_nano.a(lib_a-mbtowc_r.o)
 .ARM.attributes
                0x00000659       0x34 c:/eclipse mars_c/eclipse/plugins/fr.ac6.mcu.externaltools.arm-none.win32_1.13.2.201703061525/tools/compiler/bin/../lib/gcc/arm-none-eabi/5.4.1/../../../../arm-none-eabi/lib/armv7e-m/fpu\libc_nano.a(lib_a-mlock.o)
 .ARM.attributes
                0x0000068d       0x34 c:/eclipse mars_c/eclipse/plugins/fr.ac6.mcu.externaltools.arm-none.win32_1.13.2.201703061525/tools/compiler/bin/../lib/gcc/arm-none-eabi/5.4.1/../../../../arm-none-eabi/lib/armv7e-m/fpu\libc_nano.a(lib_a-nano-svfprintf.o)
 .ARM.attributes
                0x000006c1       0x34 c:/eclipse mars_c/eclipse/plugins/fr.ac6.mcu.externaltools.arm-none.win32_1.13.2.201703061525/tools/compiler/bin/../lib/gcc/arm-none-eabi/5.4.1/../../../../arm-none-eabi/lib/armv7e-m/fpu\libc_nano.a(lib_a-nano-vfprintf_i.o)
 .ARM.attributes
                0x000006f5       0x34 c:/eclipse mars_c/eclipse/plugins/fr.ac6.mcu.externaltools.arm-none.win32_1.13.2.201703061525/tools/compiler/bin/../lib/gcc/arm-none-eabi/5.4.1/../../../../arm-none-eabi/lib/armv7e-m/fpu\libc_nano.a(lib_a-reent.o)
 .ARM.attributes
                0x00000729       0x34 c:/eclipse mars_c/eclipse/plugins/fr.ac6.mcu.externaltools.arm-none.win32_1.13.2.201703061525/tools/compiler/bin/../lib/gcc/arm-none-eabi/5.4.1/../../../../arm-none-eabi/lib/armv7e-m/fpu\libc_nano.a(lib_a-wctomb_r.o)
 .ARM.attributes
                0x0000075d       0x34 c:/eclipse mars_c/eclipse/plugins/fr.ac6.mcu.externaltools.arm-none.win32_1.13.2.201703061525/tools/compiler/bin/../lib/gcc/arm-none-eabi/5.4.1/../../../../arm-none-eabi/lib/armv7e-m/fpu\libc_nano.a(lib_a-ctype_.o)
 .ARM.attributes
                0x00000791       0x20 c:/eclipse mars_c/eclipse/plugins/fr.ac6.mcu.externaltools.arm-none.win32_1.13.2.201703061525/tools/compiler/bin/../lib/gcc/arm-none-eabi/5.4.1/../../../../arm-none-eabi/lib/armv7e-m/fpu\libc_nano.a(lib_a-memchr.o)
 .ARM.attributes
                0x000007b1       0x34 c:/eclipse mars_c/eclipse/plugins/fr.ac6.mcu.externaltools.arm-none.win32_1.13.2.201703061525/tools/compiler/bin/../lib/gcc/arm-none-eabi/5.4.1/../../../../arm-none-eabi/lib/armv7e-m/fpu\libc_nano.a(lib_a-memcpy-stub.o)
 .ARM.attributes
                0x000007e5       0x34 c:/eclipse mars_c/eclipse/plugins/fr.ac6.mcu.externaltools.arm-none.win32_1.13.2.201703061525/tools/compiler/bin/../lib/gcc/arm-none-eabi/5.4.1/../../../../arm-none-eabi/lib/armv7e-m/fpu\libc_nano.a(lib_a-memmove.o)
 .ARM.attributes
                0x00000819       0x34 c:/eclipse mars_c/eclipse/plugins/fr.ac6.mcu.externaltools.arm-none.win32_1.13.2.201703061525/tools/compiler/bin/../lib/gcc/arm-none-eabi/5.4.1/../../../../arm-none-eabi/lib/armv7e-m/fpu\libc_nano.a(lib_a-nano-reallocr.o)
 .ARM.attributes
                0x0000084d       0x34 c:/eclipse mars_c/eclipse/plugins/fr.ac6.mcu.externaltools.arm-none.win32_1.13.2.201703061525/tools/compiler/bin/../lib/gcc/arm-none-eabi/5.4.1/../../../../arm-none-eabi/lib/armv7e-m/fpu\libc_nano.a(lib_a-nano-msizer.o)
 .ARM.attributes
                0x00000881       0x34 c:/eclipse mars_c/eclipse/plugins/fr.ac6.mcu.externaltools.arm-none.win32_1.13.2.201703061525/tools/compiler/bin/../lib/gcc/arm-none-eabi/5.4.1/../../../../arm-none-eabi/lib/armv7e-m/fpu\libnosys.a(sbrk.o)
 .ARM.attributes
                0x000008b5       0x22 c:/eclipse mars_c/eclipse/plugins/fr.ac6.mcu.externaltools.arm-none.win32_1.13.2.201703061525/tools/compiler/bin/../lib/gcc/arm-none-eabi/5.4.1/armv7e-m/fpu/crtn.o
OUTPUT(psim2.elf elf32-littlearm)

.debug_line     0x00000000     0x9eec
 .debug_line    0x00000000       0xa0 Application/SW4STM32/startup_stm32f407xx.o
 .debug_line    0x000000a0      0x9f0 Application/User/main.o
 .debug_line    0x00000a90      0x86f Application/User/stm32f4xx_hal_msp.o
 .debug_line    0x000012ff      0x819 Application/User/stm32f4xx_it.o
 .debug_line    0x00001b18      0x801 Drivers/CMSIS/system_stm32f4xx.o
 .debug_line    0x00002319      0x988 Drivers/STM32F4xx_HAL_Driver/stm32f4xx_hal.o
 .debug_line    0x00002ca1      0x9e5 Drivers/STM32F4xx_HAL_Driver/stm32f4xx_hal_cortex.o
 .debug_line    0x00003686      0xa45 Drivers/STM32F4xx_HAL_Driver/stm32f4xx_hal_dac.o
 .debug_line    0x000040cb      0x904 Drivers/STM32F4xx_HAL_Driver/stm32f4xx_hal_dac_ex.o
 .debug_line    0x000049cf      0xae8 Drivers/STM32F4xx_HAL_Driver/stm32f4xx_hal_dma.o
 .debug_line    0x000054b7      0x95f Drivers/STM32F4xx_HAL_Driver/stm32f4xx_hal_gpio.o
 .debug_line    0x00005e16      0xb05 Drivers/STM32F4xx_HAL_Driver/stm32f4xx_hal_rcc.o
 .debug_line    0x0000691b     0x17d0 Drivers/STM32F4xx_HAL_Driver/stm32f4xx_hal_tim.o
 .debug_line    0x000080eb      0xd7f Drivers/STM32F4xx_HAL_Driver/stm32f4xx_hal_tim_ex.o
 .debug_line    0x00008e6a     0x1082 Drivers/STM32F4xx_HAL_Driver/stm32f4xx_hal_uart.o

.debug_info     0x00000000     0xde94
 .debug_info    0x00000000       0x9e Application/SW4STM32/startup_stm32f407xx.o
 .debug_info    0x0000009e     0x1d6a Application/User/main.o
 .debug_info    0x00001e08     0x11c2 Application/User/stm32f4xx_hal_msp.o
 .debug_info    0x00002fca      0x9f5 Application/User/stm32f4xx_it.o
 .debug_info    0x000039bf      0x500 Drivers/CMSIS/system_stm32f4xx.o
 .debug_info    0x00003ebf      0x928 Drivers/STM32F4xx_HAL_Driver/stm32f4xx_hal.o
 .debug_info    0x000047e7      0xf0d Drivers/STM32F4xx_HAL_Driver/stm32f4xx_hal_cortex.o
 .debug_info    0x000056f4      0xa77 Drivers/STM32F4xx_HAL_Driver/stm32f4xx_hal_dac.o
 .debug_info    0x0000616b      0x74b Drivers/STM32F4xx_HAL_Driver/stm32f4xx_hal_dac_ex.o
 .debug_info    0x000068b6      0xa62 Drivers/STM32F4xx_HAL_Driver/stm32f4xx_hal_dma.o
 .debug_info    0x00007318      0x72a Drivers/STM32F4xx_HAL_Driver/stm32f4xx_hal_gpio.o
 .debug_info    0x00007a42      0xce5 Drivers/STM32F4xx_HAL_Driver/stm32f4xx_hal_rcc.o
 .debug_info    0x00008727     0x2e14 Drivers/STM32F4xx_HAL_Driver/stm32f4xx_hal_tim.o
 .debug_info    0x0000b53b     0x12a5 Drivers/STM32F4xx_HAL_Driver/stm32f4xx_hal_tim_ex.o
 .debug_info    0x0000c7e0     0x16b4 Drivers/STM32F4xx_HAL_Driver/stm32f4xx_hal_uart.o

.debug_abbrev   0x00000000     0x1e31
 .debug_abbrev  0x00000000       0x12 Application/SW4STM32/startup_stm32f407xx.o
 .debug_abbrev  0x00000012      0x33d Application/User/main.o
 .debug_abbrev  0x0000034f      0x1af Application/User/stm32f4xx_hal_msp.o
 .debug_abbrev  0x000004fe      0x166 Application/User/stm32f4xx_it.o
 .debug_abbrev  0x00000664      0x104 Drivers/CMSIS/system_stm32f4xx.o
 .debug_abbrev  0x00000768      0x25c Drivers/STM32F4xx_HAL_Driver/stm32f4xx_hal.o
 .debug_abbrev  0x000009c4      0x2fe Drivers/STM32F4xx_HAL_Driver/stm32f4xx_hal_cortex.o
 .debug_abbrev  0x00000cc2      0x202 Drivers/STM32F4xx_HAL_Driver/stm32f4xx_hal_dac.o
 .debug_abbrev  0x00000ec4      0x1bd Drivers/STM32F4xx_HAL_Driver/stm32f4xx_hal_dac_ex.o
 .debug_abbrev  0x00001081      0x28e Drivers/STM32F4xx_HAL_Driver/stm32f4xx_hal_dma.o
 .debug_abbrev  0x0000130f      0x1cd Drivers/STM32F4xx_HAL_Driver/stm32f4xx_hal_gpio.o
 .debug_abbrev  0x000014dc      0x2b0 Drivers/STM32F4xx_HAL_Driver/stm32f4xx_hal_rcc.o
 .debug_abbrev  0x0000178c      0x21b Drivers/STM32F4xx_HAL_Driver/stm32f4xx_hal_tim.o
 .debug_abbrev  0x000019a7      0x21b Drivers/STM32F4xx_HAL_Driver/stm32f4xx_hal_tim_ex.o
 .debug_abbrev  0x00001bc2      0x26f Drivers/STM32F4xx_HAL_Driver/stm32f4xx_hal_uart.o

.debug_aranges  0x00000000      0xbd0
 .debug_aranges
                0x00000000       0x28 Application/SW4STM32/startup_stm32f407xx.o
 .debug_aranges
                0x00000028       0x70 Application/User/main.o
 .debug_aranges
                0x00000098       0x50 Application/User/stm32f4xx_hal_msp.o
 .debug_aranges
                0x000000e8       0x38 Application/User/stm32f4xx_it.o
 .debug_aranges
                0x00000120       0x28 Drivers/CMSIS/system_stm32f4xx.o
 .debug_aranges
                0x00000148       0xc8 Drivers/STM32F4xx_HAL_Driver/stm32f4xx_hal.o
 .debug_aranges
                0x00000210       0xa8 Drivers/STM32F4xx_HAL_Driver/stm32f4xx_hal_cortex.o
 .debug_aranges
                0x000002b8       0xc0 Drivers/STM32F4xx_HAL_Driver/stm32f4xx_hal_dac.o
 .debug_aranges
                0x00000378       0x70 Drivers/STM32F4xx_HAL_Driver/stm32f4xx_hal_dac_ex.o
 .debug_aranges
                0x000003e8       0x90 Drivers/STM32F4xx_HAL_Driver/stm32f4xx_hal_dma.o
 .debug_aranges
                0x00000478       0x58 Drivers/STM32F4xx_HAL_Driver/stm32f4xx_hal_gpio.o
 .debug_aranges
                0x000004d0       0x88 Drivers/STM32F4xx_HAL_Driver/stm32f4xx_hal_rcc.o
 .debug_aranges
                0x00000558      0x368 Drivers/STM32F4xx_HAL_Driver/stm32f4xx_hal_tim.o
 .debug_aranges
                0x000008c0      0x140 Drivers/STM32F4xx_HAL_Driver/stm32f4xx_hal_tim_ex.o
 .debug_aranges
                0x00000a00      0x1d0 Drivers/STM32F4xx_HAL_Driver/stm32f4xx_hal_uart.o

.debug_ranges   0x00000000      0xb00
 .debug_ranges  0x00000000       0x20 Application/SW4STM32/startup_stm32f407xx.o
 .debug_ranges  0x00000020       0x78 Application/User/main.o
 .debug_ranges  0x00000098       0x40 Application/User/stm32f4xx_hal_msp.o
 .debug_ranges  0x000000d8       0x28 Application/User/stm32f4xx_it.o
 .debug_ranges  0x00000100       0x18 Drivers/CMSIS/system_stm32f4xx.o
 .debug_ranges  0x00000118       0xb8 Drivers/STM32F4xx_HAL_Driver/stm32f4xx_hal.o
 .debug_ranges  0x000001d0       0x98 Drivers/STM32F4xx_HAL_Driver/stm32f4xx_hal_cortex.o
 .debug_ranges  0x00000268       0xb0 Drivers/STM32F4xx_HAL_Driver/stm32f4xx_hal_dac.o
 .debug_ranges  0x00000318       0x60 Drivers/STM32F4xx_HAL_Driver/stm32f4xx_hal_dac_ex.o
 .debug_ranges  0x00000378       0x80 Drivers/STM32F4xx_HAL_Driver/stm32f4xx_hal_dma.o
 .debug_ranges  0x000003f8       0x48 Drivers/STM32F4xx_HAL_Driver/stm32f4xx_hal_gpio.o
 .debug_ranges  0x00000440       0x78 Drivers/STM32F4xx_HAL_Driver/stm32f4xx_hal_rcc.o
 .debug_ranges  0x000004b8      0x358 Drivers/STM32F4xx_HAL_Driver/stm32f4xx_hal_tim.o
 .debug_ranges  0x00000810      0x130 Drivers/STM32F4xx_HAL_Driver/stm32f4xx_hal_tim_ex.o
 .debug_ranges  0x00000940      0x1c0 Drivers/STM32F4xx_HAL_Driver/stm32f4xx_hal_uart.o

.debug_loc      0x00000000     0x7b9c
 .debug_loc     0x00000000      0x211 Application/User/main.o
 .debug_loc     0x00000211       0xf5 Application/User/stm32f4xx_hal_msp.o
 .debug_loc     0x00000306      0x132 Drivers/CMSIS/system_stm32f4xx.o
 .debug_loc     0x00000438       0x91 Drivers/STM32F4xx_HAL_Driver/stm32f4xx_hal.o
 .debug_loc     0x000004c9      0x548 Drivers/STM32F4xx_HAL_Driver/stm32f4xx_hal_cortex.o
 .debug_loc     0x00000a11      0x750 Drivers/STM32F4xx_HAL_Driver/stm32f4xx_hal_dac.o
 .debug_loc     0x00001161      0x319 Drivers/STM32F4xx_HAL_Driver/stm32f4xx_hal_dac_ex.o
 .debug_loc     0x0000147a      0xa0b Drivers/STM32F4xx_HAL_Driver/stm32f4xx_hal_dma.o
 .debug_loc     0x00001e85      0x38f Drivers/STM32F4xx_HAL_Driver/stm32f4xx_hal_gpio.o
 .debug_loc     0x00002214      0x622 Drivers/STM32F4xx_HAL_Driver/stm32f4xx_hal_rcc.o
 .debug_loc     0x00002836     0x3278 Drivers/STM32F4xx_HAL_Driver/stm32f4xx_hal_tim.o
 .debug_loc     0x00005aae      0xd74 Drivers/STM32F4xx_HAL_Driver/stm32f4xx_hal_tim_ex.o
 .debug_loc     0x00006822     0x137a Drivers/STM32F4xx_HAL_Driver/stm32f4xx_hal_uart.o

.debug_macro    0x00000000    0x21b36
 .debug_macro   0x00000000      0x365 Application/User/main.o
 .debug_macro   0x00000365      0x898 Application/User/main.o
 .debug_macro   0x00000bfd      0x184 Application/User/main.o
 .debug_macro   0x00000d81      0x186 Application/User/main.o
 .debug_macro   0x00000f07       0x33 Application/User/main.o
 .debug_macro   0x00000f3a       0x28 Application/User/main.o
 .debug_macro   0x00000f62       0x22 Application/User/main.o
 .debug_macro   0x00000f84       0x87 Application/User/main.o
 .debug_macro   0x0000100b       0x44 Application/User/main.o
 .debug_macro   0x0000104f       0xfd Application/User/main.o
 .debug_macro   0x0000114c       0x5e Application/User/main.o
 .debug_macro   0x000011aa      0x1df Application/User/main.o
 .debug_macro   0x00001389       0x35 Application/User/main.o
 .debug_macro   0x000013be       0x50 Application/User/main.o
 .debug_macro   0x0000140e      0xe66 Application/User/main.o
 .debug_macro   0x00002274    0x15e04 Application/User/main.o
 .debug_macro   0x00018078       0x43 Application/User/main.o
 .debug_macro   0x000180bb     0x3574 Application/User/main.o
 .debug_macro   0x0001b62f       0x52 Application/User/main.o
 .debug_macro   0x0001b681       0x35 Application/User/main.o
 .debug_macro   0x0001b6b6       0x9c Application/User/main.o
 .debug_macro   0x0001b752       0x16 Application/User/main.o
 .debug_macro   0x0001b768       0x97 Application/User/main.o
 .debug_macro   0x0001b7ff      0x30d Application/User/main.o
 .debug_macro   0x0001bb0c       0xfd Application/User/main.o
 .debug_macro   0x0001bc09       0x10 Application/User/main.o
 .debug_macro   0x0001bc19       0x52 Application/User/main.o
 .debug_macro   0x0001bc6b       0x1f Application/User/main.o
 .debug_macro   0x0001bc8a       0x43 Application/User/main.o
 .debug_macro   0x0001bccd       0x20 Application/User/main.o
 .debug_macro   0x0001bced      0x187 Application/User/main.o
 .debug_macro   0x0001be74       0x10 Application/User/main.o
 .debug_macro   0x0001be84       0x1c Application/User/main.o
 .debug_macro   0x0001bea0       0x52 Application/User/main.o
 .debug_macro   0x0001bef2       0x40 Application/User/main.o
 .debug_macro   0x0001bf32       0x10 Application/User/main.o
 .debug_macro   0x0001bf42       0x40 Application/User/main.o
 .debug_macro   0x0001bf82       0xd7 Application/User/main.o
 .debug_macro   0x0001c059       0x16 Application/User/main.o
 .debug_macro   0x0001c06f      0x18b Application/User/main.o
 .debug_macro   0x0001c1fa       0x50 Application/User/main.o
 .debug_macro   0x0001c24a      0x96b Application/User/main.o
 .debug_macro   0x0001cbb5      0x9e1 Application/User/main.o
 .debug_macro   0x0001d596      0x11e Application/User/main.o
 .debug_macro   0x0001d6b4      0x13e Application/User/main.o
 .debug_macro   0x0001d7f2       0x27 Application/User/main.o
 .debug_macro   0x0001d819      0x287 Application/User/main.o
 .debug_macro   0x0001daa0       0x5f Application/User/main.o
 .debug_macro   0x0001daff      0x23a Application/User/main.o
 .debug_macro   0x0001dd39       0xe6 Application/User/main.o
 .debug_macro   0x0001de1f       0xa1 Application/User/main.o
 .debug_macro   0x0001dec0       0x3c Application/User/main.o
 .debug_macro   0x0001defc      0x133 Application/User/main.o
 .debug_macro   0x0001e02f      0x21e Application/User/main.o
 .debug_macro   0x0001e24d       0x2e Application/User/main.o
 .debug_macro   0x0001e27b      0x11e Application/User/main.o
 .debug_macro   0x0001e399       0x7f Application/User/main.o
 .debug_macro   0x0001e418       0x89 Application/User/main.o
 .debug_macro   0x0001e4a1      0x6e0 Application/User/main.o
 .debug_macro   0x0001eb81       0x5b Application/User/main.o
 .debug_macro   0x0001ebdc      0x14d Application/User/main.o
 .debug_macro   0x0001ed29      0x287 Application/User/main.o
 .debug_macro   0x0001efb0      0x125 Application/User/main.o
 .debug_macro   0x0001f0d5       0x16 Application/User/main.o
 .debug_macro   0x0001f0eb       0x35 Application/User/main.o
 .debug_macro   0x0001f120       0x16 Application/User/main.o
 .debug_macro   0x0001f136       0x29 Application/User/main.o
 .debug_macro   0x0001f15f      0x327 Application/User/stm32f4xx_hal_msp.o
 .debug_macro   0x0001f486      0x331 Application/User/stm32f4xx_it.o
 .debug_macro   0x0001f7b7      0x32d Drivers/CMSIS/system_stm32f4xx.o
 .debug_macro   0x0001fae4      0x387 Drivers/STM32F4xx_HAL_Driver/stm32f4xx_hal.o
 .debug_macro   0x0001fe6b      0x327 Drivers/STM32F4xx_HAL_Driver/stm32f4xx_hal_cortex.o
 .debug_macro   0x00020192      0x328 Drivers/STM32F4xx_HAL_Driver/stm32f4xx_hal_dac.o
 .debug_macro   0x000204ba      0x327 Drivers/STM32F4xx_HAL_Driver/stm32f4xx_hal_dac_ex.o
 .debug_macro   0x000207e1      0x32e Drivers/STM32F4xx_HAL_Driver/stm32f4xx_hal_dma.o
 .debug_macro   0x00020b0f      0x35f Drivers/STM32F4xx_HAL_Driver/stm32f4xx_hal_gpio.o
 .debug_macro   0x00020e6e      0x351 Drivers/STM32F4xx_HAL_Driver/stm32f4xx_hal_rcc.o
 .debug_macro   0x000211bf      0x328 Drivers/STM32F4xx_HAL_Driver/stm32f4xx_hal_tim.o
 .debug_macro   0x000214e7      0x327 Drivers/STM32F4xx_HAL_Driver/stm32f4xx_hal_tim_ex.o
 .debug_macro   0x0002180e      0x328 Drivers/STM32F4xx_HAL_Driver/stm32f4xx_hal_uart.o

.debug_str      0x00000000    0xc4993
 .debug_str     0x00000000    0xc1db6 Application/User/main.o
                              0xc2121 (size before relaxing)
 .debug_str     0x000c1db6      0x117 Application/User/stm32f4xx_hal_msp.o
                              0xc1b90 (size before relaxing)
 .debug_str     0x000c1ecd       0xf9 Application/User/stm32f4xx_it.o
                              0xc14ff (size before relaxing)
 .debug_str     0x000c1fc6      0x10b Drivers/CMSIS/system_stm32f4xx.o
                              0xc0f31 (size before relaxing)
 .debug_str     0x000c20d1      0x572 Drivers/STM32F4xx_HAL_Driver/stm32f4xx_hal.o
                              0xc19f3 (size before relaxing)
 .debug_str     0x000c2643      0x335 Drivers/STM32F4xx_HAL_Driver/stm32f4xx_hal_cortex.o
                              0xc17bb (size before relaxing)
 .debug_str     0x000c2978      0x1d8 Drivers/STM32F4xx_HAL_Driver/stm32f4xx_hal_dac.o
                              0xc135c (size before relaxing)
 .debug_str     0x000c2b50      0x163 Drivers/STM32F4xx_HAL_Driver/stm32f4xx_hal_dac_ex.o
                              0xc124c (size before relaxing)
 .debug_str     0x000c2cb3      0x324 Drivers/STM32F4xx_HAL_Driver/stm32f4xx_hal_dma.o
                              0xc133b (size before relaxing)
 .debug_str     0x000c2fd7      0x1fc Drivers/STM32F4xx_HAL_Driver/stm32f4xx_hal_gpio.o
                              0xc1149 (size before relaxing)
 .debug_str     0x000c31d3      0x230 Drivers/STM32F4xx_HAL_Driver/stm32f4xx_hal_rcc.o
                              0xc1346 (size before relaxing)
 .debug_str     0x000c3403      0xc13 Drivers/STM32F4xx_HAL_Driver/stm32f4xx_hal_tim.o
                              0xc1f3f (size before relaxing)
 .debug_str     0x000c4016      0x4a4 Drivers/STM32F4xx_HAL_Driver/stm32f4xx_hal_tim_ex.o
                              0xc17ff (size before relaxing)
 .debug_str     0x000c44ba      0x4d9 Drivers/STM32F4xx_HAL_Driver/stm32f4xx_hal_uart.o
                              0xc178e (size before relaxing)

.comment        0x00000000       0x6e
 .comment       0x00000000       0x6e Application/User/main.o
                                 0x6f (size before relaxing)
 .comment       0x0000006e       0x6f Application/User/stm32f4xx_hal_msp.o
 .comment       0x0000006e       0x6f Application/User/stm32f4xx_it.o
 .comment       0x0000006e       0x6f Drivers/CMSIS/system_stm32f4xx.o
 .comment       0x0000006e       0x6f Drivers/STM32F4xx_HAL_Driver/stm32f4xx_hal.o
 .comment       0x0000006e       0x6f Drivers/STM32F4xx_HAL_Driver/stm32f4xx_hal_cortex.o
 .comment       0x0000006e       0x6f Drivers/STM32F4xx_HAL_Driver/stm32f4xx_hal_dac.o
 .comment       0x0000006e       0x6f Drivers/STM32F4xx_HAL_Driver/stm32f4xx_hal_dac_ex.o
 .comment       0x0000006e       0x6f Drivers/STM32F4xx_HAL_Driver/stm32f4xx_hal_dma.o
 .comment       0x0000006e       0x6f Drivers/STM32F4xx_HAL_Driver/stm32f4xx_hal_gpio.o
 .comment       0x0000006e       0x6f Drivers/STM32F4xx_HAL_Driver/stm32f4xx_hal_rcc.o
 .comment       0x0000006e       0x6f Drivers/STM32F4xx_HAL_Driver/stm32f4xx_hal_tim.o
 .comment       0x0000006e       0x6f Drivers/STM32F4xx_HAL_Driver/stm32f4xx_hal_tim_ex.o
 .comment       0x0000006e       0x6f Drivers/STM32F4xx_HAL_Driver/stm32f4xx_hal_uart.o

.debug_frame    0x00000000     0x2430
 .debug_frame   0x00000000      0x158 Application/User/main.o
 .debug_frame   0x00000158       0xd4 Application/User/stm32f4xx_hal_msp.o
 .debug_frame   0x0000022c       0x70 Application/User/stm32f4xx_it.o
 .debug_frame   0x0000029c       0x30 Drivers/CMSIS/system_stm32f4xx.o
 .debug_frame   0x000002cc      0x198 Drivers/STM32F4xx_HAL_Driver/stm32f4xx_hal.o
 .debug_frame   0x00000464      0x154 Drivers/STM32F4xx_HAL_Driver/stm32f4xx_hal_cortex.o
 .debug_frame   0x000005b8      0x204 Drivers/STM32F4xx_HAL_Driver/stm32f4xx_hal_dac.o
 .debug_frame   0x000007bc      0x118 Drivers/STM32F4xx_HAL_Driver/stm32f4xx_hal_dac_ex.o
 .debug_frame   0x000008d4      0x184 Drivers/STM32F4xx_HAL_Driver/stm32f4xx_hal_dma.o
 .debug_frame   0x00000a58       0xc4 Drivers/STM32F4xx_HAL_Driver/stm32f4xx_hal_gpio.o
 .debug_frame   0x00000b1c      0x150 Drivers/STM32F4xx_HAL_Driver/stm32f4xx_hal_rcc.o
 .debug_frame   0x00000c6c      0x9cc Drivers/STM32F4xx_HAL_Driver/stm32f4xx_hal_tim.o
 .debug_frame   0x00001638      0x3b0 Drivers/STM32F4xx_HAL_Driver/stm32f4xx_hal_tim_ex.o
 .debug_frame   0x000019e8      0x4e8 Drivers/STM32F4xx_HAL_Driver/stm32f4xx_hal_uart.o
 .debug_frame   0x00001ed0       0x30 c:/eclipse mars_c/eclipse/plugins/fr.ac6.mcu.externaltools.arm-none.win32_1.13.2.201703061525/tools/compiler/bin/../lib/gcc/arm-none-eabi/5.4.1/../../../../arm-none-eabi/lib/armv7e-m/fpu\libc_nano.a(lib_a-atoi.o)
 .debug_frame   0x00001f00       0x2c c:/eclipse mars_c/eclipse/plugins/fr.ac6.mcu.externaltools.arm-none.win32_1.13.2.201703061525/tools/compiler/bin/../lib/gcc/arm-none-eabi/5.4.1/../../../../arm-none-eabi/lib/armv7e-m/fpu\libc_nano.a(lib_a-init.o)
 .debug_frame   0x00001f2c       0x30 c:/eclipse mars_c/eclipse/plugins/fr.ac6.mcu.externaltools.arm-none.win32_1.13.2.201703061525/tools/compiler/bin/../lib/gcc/arm-none-eabi/5.4.1/../../../../arm-none-eabi/lib/armv7e-m/fpu\libc_nano.a(lib_a-malloc.o)
 .debug_frame   0x00001f5c       0x38 c:/eclipse mars_c/eclipse/plugins/fr.ac6.mcu.externaltools.arm-none.win32_1.13.2.201703061525/tools/compiler/bin/../lib/gcc/arm-none-eabi/5.4.1/../../../../arm-none-eabi/lib/armv7e-m/fpu\libc_nano.a(lib_a-nano-freer.o)
 .debug_frame   0x00001f94       0x2c c:/eclipse mars_c/eclipse/plugins/fr.ac6.mcu.externaltools.arm-none.win32_1.13.2.201703061525/tools/compiler/bin/../lib/gcc/arm-none-eabi/5.4.1/../../../../arm-none-eabi/lib/armv7e-m/fpu\libc_nano.a(lib_a-nano-mallocr.o)
 .debug_frame   0x00001fc0       0x2c c:/eclipse mars_c/eclipse/plugins/fr.ac6.mcu.externaltools.arm-none.win32_1.13.2.201703061525/tools/compiler/bin/../lib/gcc/arm-none-eabi/5.4.1/../../../../arm-none-eabi/lib/armv7e-m/fpu\libc_nano.a(lib_a-sbrkr.o)
 .debug_frame   0x00001fec       0x70 c:/eclipse mars_c/eclipse/plugins/fr.ac6.mcu.externaltools.arm-none.win32_1.13.2.201703061525/tools/compiler/bin/../lib/gcc/arm-none-eabi/5.4.1/../../../../arm-none-eabi/lib/armv7e-m/fpu\libc_nano.a(lib_a-sprintf.o)
 .debug_frame   0x0000205c       0x84 c:/eclipse mars_c/eclipse/plugins/fr.ac6.mcu.externaltools.arm-none.win32_1.13.2.201703061525/tools/compiler/bin/../lib/gcc/arm-none-eabi/5.4.1/../../../../arm-none-eabi/lib/armv7e-m/fpu\libc_nano.a(lib_a-strtol.o)
 .debug_frame   0x000020e0       0x88 c:/eclipse mars_c/eclipse/plugins/fr.ac6.mcu.externaltools.arm-none.win32_1.13.2.201703061525/tools/compiler/bin/../lib/gcc/arm-none-eabi/5.4.1/../../../../arm-none-eabi/lib/armv7e-m/fpu\libc_nano.a(lib_a-locale.o)
 .debug_frame   0x00002168       0x44 c:/eclipse mars_c/eclipse/plugins/fr.ac6.mcu.externaltools.arm-none.win32_1.13.2.201703061525/tools/compiler/bin/../lib/gcc/arm-none-eabi/5.4.1/../../../../arm-none-eabi/lib/armv7e-m/fpu\libc_nano.a(lib_a-mbtowc_r.o)
 .debug_frame   0x000021ac       0x30 c:/eclipse mars_c/eclipse/plugins/fr.ac6.mcu.externaltools.arm-none.win32_1.13.2.201703061525/tools/compiler/bin/../lib/gcc/arm-none-eabi/5.4.1/../../../../arm-none-eabi/lib/armv7e-m/fpu\libc_nano.a(lib_a-mlock.o)
 .debug_frame   0x000021dc       0x90 c:/eclipse mars_c/eclipse/plugins/fr.ac6.mcu.externaltools.arm-none.win32_1.13.2.201703061525/tools/compiler/bin/../lib/gcc/arm-none-eabi/5.4.1/../../../../arm-none-eabi/lib/armv7e-m/fpu\libc_nano.a(lib_a-nano-svfprintf.o)
 .debug_frame   0x0000226c       0x60 c:/eclipse mars_c/eclipse/plugins/fr.ac6.mcu.externaltools.arm-none.win32_1.13.2.201703061525/tools/compiler/bin/../lib/gcc/arm-none-eabi/5.4.1/../../../../arm-none-eabi/lib/armv7e-m/fpu\libc_nano.a(lib_a-nano-vfprintf_i.o)
 .debug_frame   0x000022cc       0x5c c:/eclipse mars_c/eclipse/plugins/fr.ac6.mcu.externaltools.arm-none.win32_1.13.2.201703061525/tools/compiler/bin/../lib/gcc/arm-none-eabi/5.4.1/../../../../arm-none-eabi/lib/armv7e-m/fpu\libc_nano.a(lib_a-reent.o)
 .debug_frame   0x00002328       0x3c c:/eclipse mars_c/eclipse/plugins/fr.ac6.mcu.externaltools.arm-none.win32_1.13.2.201703061525/tools/compiler/bin/../lib/gcc/arm-none-eabi/5.4.1/../../../../arm-none-eabi/lib/armv7e-m/fpu\libc_nano.a(lib_a-wctomb_r.o)
 .debug_frame   0x00002364       0x28 c:/eclipse mars_c/eclipse/plugins/fr.ac6.mcu.externaltools.arm-none.win32_1.13.2.201703061525/tools/compiler/bin/../lib/gcc/arm-none-eabi/5.4.1/../../../../arm-none-eabi/lib/armv7e-m/fpu\libc_nano.a(lib_a-memcpy-stub.o)
 .debug_frame   0x0000238c       0x28 c:/eclipse mars_c/eclipse/plugins/fr.ac6.mcu.externaltools.arm-none.win32_1.13.2.201703061525/tools/compiler/bin/../lib/gcc/arm-none-eabi/5.4.1/../../../../arm-none-eabi/lib/armv7e-m/fpu\libc_nano.a(lib_a-memmove.o)
 .debug_frame   0x000023b4       0x3c c:/eclipse mars_c/eclipse/plugins/fr.ac6.mcu.externaltools.arm-none.win32_1.13.2.201703061525/tools/compiler/bin/../lib/gcc/arm-none-eabi/5.4.1/../../../../arm-none-eabi/lib/armv7e-m/fpu\libc_nano.a(lib_a-nano-reallocr.o)
 .debug_frame   0x000023f0       0x20 c:/eclipse mars_c/eclipse/plugins/fr.ac6.mcu.externaltools.arm-none.win32_1.13.2.201703061525/tools/compiler/bin/../lib/gcc/arm-none-eabi/5.4.1/../../../../arm-none-eabi/lib/armv7e-m/fpu\libc_nano.a(lib_a-nano-msizer.o)
 .debug_frame   0x00002410       0x20 c:/eclipse mars_c/eclipse/plugins/fr.ac6.mcu.externaltools.arm-none.win32_1.13.2.201703061525/tools/compiler/bin/../lib/gcc/arm-none-eabi/5.4.1/../../../../arm-none-eabi/lib/armv7e-m/fpu\libnosys.a(sbrk.o)
